<html>
<body>
<pre>
<h1>礦ision Build Log</h1>
<h2>Tool Versions:</h2>
IDE-Version: μVision V5.14.1
Copyright (C) 2015 ARM Ltd and ARM Germany GmbH. All rights reserved.
License Information: wdasdwa 余麋, wadsdwad, LIC=ZB4EI-TL8PA-01KP1-CQ8J4-W2ZWC-ZRLJ9
 
Tool Versions:
Toolchain:       MDK-ARM Standard  Version: 5.28.0.0
Toolchain Path:  C:\Keil_v5\k_5\ARM\ARMCC\Bin
C Compiler:      Armcc.exe V5.06 update 6 (build 750)
Assembler:       Armasm.exe V5.06 update 6 (build 750)
Linker/Locator:  ArmLink.exe V5.06 update 6 (build 750)
Library Manager: ArmAr.exe V5.06 update 6 (build 750)
Hex Converter:   FromElf.exe V5.06 update 6 (build 750)
CPU DLL:         SARMCM3.DLL V5.28.0.0
Dialog DLL:      DCM.DLL V1.17.3.0
Target DLL:      STLink\ST-LINKIII-KEIL_SWO.dll V3.0.6.0
Dialog DLL:      TCM.DLL V1.36.2.0
 
<h2>Project:</h2>
C:\Users\demo\Desktop\git_Repositories\Graduation_Design\GD_demo\USER\Template.uvprojx
Project File Date:  03/05/2024

<h2>Output:</h2>
*** Using Compiler 'V5.06 update 6 (build 750)', folder: 'C:\Keil_v5\k_5\ARM\ARMCC\Bin'
Build target 'Template'
compiling main.c...
main.c(192): warning:  #177-D: variable "xReturn"  was declared but never referenced
        BaseType_t xReturn = 0;
main.c: 1 warning, 0 errors
compiling stm32f4xx_it.c...
compiling system_stm32f4xx.c...
compiling misc.c...
compiling stm32f4xx_adc.c...
compiling stm32f4xx_can.c...
compiling stm32f4xx_crc.c...
compiling stm32f4xx_cryp.c...
compiling stm32f4xx_cryp_aes.c...
compiling stm32f4xx_cryp_des.c...
compiling stm32f4xx_cryp_tdes.c...
compiling stm32f4xx_dac.c...
compiling stm32f4xx_dbgmcu.c...
compiling stm32f4xx_dcmi.c...
compiling stm32f4xx_dma2d.c...
compiling stm32f4xx_dma.c...
compiling stm32f4xx_exti.c...
compiling stm32f4xx_flash.c...
compiling stm32f4xx_flash_ramfunc.c...
compiling stm32f4xx_fsmc.c...
compiling stm32f4xx_gpio.c...
compiling stm32f4xx_hash.c...
compiling stm32f4xx_hash_md5.c...
compiling stm32f4xx_hash_sha1.c...
compiling stm32f4xx_i2c.c...
compiling stm32f4xx_iwdg.c...
compiling stm32f4xx_ltdc.c...
compiling stm32f4xx_pwr.c...
compiling stm32f4xx_rcc.c...
compiling stm32f4xx_rng.c...
compiling stm32f4xx_rtc.c...
compiling stm32f4xx_sai.c...
compiling stm32f4xx_sdio.c...
compiling stm32f4xx_spi.c...
compiling stm32f4xx_syscfg.c...
compiling stm32f4xx_tim.c...
compiling stm32f4xx_usart.c...
compiling stm32f4xx_wwdg.c...
compiling delay.c...
compiling sys.c...
compiling usart.c...
..\SYSTEM\usart\usart.c(96): warning:  #177-D: variable "i"  was declared but never referenced
        uint8_t i;  //打印接收的数据时用到
..\SYSTEM\usart\usart.c(97): warning:  #550-D: variable "data"  was set but never used
        unsigned int data;
..\SYSTEM\usart\usart.c: 2 warnings, 0 errors
compiling pwm.c...
..\SYSTEM\PWM\pwm.c(100): warning:  #1-D: last line of file ends without a newline
  }
..\SYSTEM\PWM\pwm.c: 1 warning, 0 errors
compiling timer.c...
compiling led.c...
compiling key.c...
compiling oled.c...
compiling ADC.c...
..\SYSTEM\photosensitive_sensor\ADC.c(191): warning:  #1-D: last line of file ends without a newline
  }  
..\SYSTEM\photosensitive_sensor\ADC.c: 1 warning, 0 errors
compiling dht11.c...
..\SYSTEM\dht11\dht11.c(140): warning:  #1-D: last line of file ends without a newline
  } 
..\SYSTEM\dht11\dht11.c: 1 warning, 0 errors
compiling sgp30.c...
compiling WateringControl.c...
compiling VentilationControl.c...
compiling HumidifierControl.c...
compiling HeatingControl.c...
compiling croutine.c...
compiling event_groups.c...
compiling list.c...
compiling queue.c...
compiling tasks.c...
compiling timers.c...
compiling heap_4.c...
compiling port.c...
compiling Task_Schedule.c...
linking...
Program Size: Code=29622 RO-data=2498 RW-data=240 ZI-data=22552  
FromELF: creating hex file...
"..\OBJ\Template.axf" - 0 Error(s), 6 Warning(s).

<h2>Software Packages used:</h2>

Package Vendor: ARM
                http://www.keil.com/pack/ARM.CMSIS.5.5.1.pack
                ARM::CMSIS:CORE:5.2.0
                CMSIS (Cortex Microcontroller Software Interface Standard)
   * Component: CORE Version: 5.2.0

<h2>Collection of Component include folders:</h2>
  C:\Users\demo\Desktop\git_Repositories\Graduation_Design\GD_demo\USER\RTE
  D:\Keil\STM\pack\ARM\CMSIS\5.5.1\CMSIS\Core\Include
  D:\Keil\STM\pack\Keil\STM32F4xx_DFP\2.7.0\Drivers\CMSIS\Device\ST\STM32F4xx\Include

<h2>Collection of Component Files used:</h2>

   * Component: ARM::CMSIS:CORE:5.2.0
</pre>
</body>
</html>
