Component: ARM Compiler 5.06 update 6 (build 750) Tool: armlink [4d35ed]

==============================================================================

Section Cross References

    main.o(.text) refers to oled.o(.text) for OLED_ShowString
    main.o(.text) refers to tasks.o(.text) for vTaskDelay
    main.o(.text) refers to light.o(.text) for LightControl_Open
    main.o(.text) refers to queue.o(.text) for xQueueGenericReceive
    main.o(.text) refers to printfa.o(i.__0printf) for __2printf
    main.o(.text) refers to wateringcontrol.o(.text) for WateringControl_Open
    main.o(.text) refers to heatingcontrol.o(.text) for HeatingControl_Open
    main.o(.text) refers to humidifiercontrol.o(.text) for HumidifierControl_Open
    main.o(.text) refers to pwm.o(.text) for ServoControl_Open
    main.o(.text) refers to main.o(.data) for .data
    main.o(.text) refers to main.o(.bss) for .bss
    main.o(.text) refers to ventilationcontrol.o(.text) for VentilationControl_Open
    main.o(.text) refers to strcmp.o(.text) for strcmp
    main.o(.text) refers to memseta.o(.text) for __aeabi_memclr
    main.o(.text) refers to usart.o(.data) for rx_cnt
    main.o(.text) refers to usart.o(.bss) for USART_RX_BUF
    main.o(.text) refers to dht11.o(.text) for DHT11_Read_Data
    main.o(.text) refers to sgp30.o(.text) for SGP30_Write
    main.o(.text) refers to adc.o(.text) for Get_Adc
    main.o(.text) refers to f2d.o(.text) for __aeabi_f2d
    main.o(.text) refers to port.o(.text) for vPortEnterCritical
    main.o(.text) refers to misc.o(.text) for NVIC_PriorityGroupConfig
    main.o(.text) refers to delay.o(.text) for delay_init
    main.o(.text) refers to usart.o(.text) for uart_init
    main.o(.text) refers to myi2c.o(.text) for IIC_Init
    stm32f4xx_it.o(.text) refers to tasks.o(.text) for xTaskGetSchedulerState
    stm32f4xx_it.o(.text) refers to port.o(.text) for xPortSysTickHandler
    system_stm32f4xx.o(.text) refers to system_stm32f4xx.o(.data) for .data
    startup_stm32f40_41xxx.o(RESET) refers to startup_stm32f40_41xxx.o(STACK) for __initial_sp
    startup_stm32f40_41xxx.o(RESET) refers to startup_stm32f40_41xxx.o(.text) for Reset_Handler
    startup_stm32f40_41xxx.o(RESET) refers to stm32f4xx_it.o(.text) for NMI_Handler
    startup_stm32f40_41xxx.o(RESET) refers to port.o(.emb_text) for SVC_Handler
    startup_stm32f40_41xxx.o(RESET) refers to timer.o(.text) for TIM3_IRQHandler
    startup_stm32f40_41xxx.o(RESET) refers to usart.o(.text) for USART1_IRQHandler
    startup_stm32f40_41xxx.o(.text) refers to system_stm32f4xx.o(.text) for SystemInit
    startup_stm32f40_41xxx.o(.text) refers to entry.o(.ARM.Collect$$$$00000000) for __main
    stm32f4xx_adc.o(.text) refers to stm32f4xx_rcc.o(.text) for RCC_APB2PeriphResetCmd
    stm32f4xx_can.o(.text) refers to stm32f4xx_rcc.o(.text) for RCC_APB1PeriphResetCmd
    stm32f4xx_cryp.o(.text) refers to stm32f4xx_rcc.o(.text) for RCC_AHB2PeriphResetCmd
    stm32f4xx_cryp_aes.o(.text) refers to stm32f4xx_cryp.o(.text) for CRYP_KeyStructInit
    stm32f4xx_cryp_des.o(.text) refers to stm32f4xx_cryp.o(.text) for CRYP_KeyStructInit
    stm32f4xx_cryp_tdes.o(.text) refers to stm32f4xx_cryp.o(.text) for CRYP_KeyStructInit
    stm32f4xx_dac.o(.text) refers to stm32f4xx_rcc.o(.text) for RCC_APB1PeriphResetCmd
    stm32f4xx_dma2d.o(.text) refers to stm32f4xx_rcc.o(.text) for RCC_AHB1PeriphResetCmd
    stm32f4xx_fsmc.o(.text) refers to stm32f4xx_fsmc.o(.constdata) for .constdata
    stm32f4xx_gpio.o(.text) refers to stm32f4xx_rcc.o(.text) for RCC_AHB1PeriphResetCmd
    stm32f4xx_hash.o(.text) refers to stm32f4xx_rcc.o(.text) for RCC_AHB2PeriphResetCmd
    stm32f4xx_hash_md5.o(.text) refers to stm32f4xx_hash.o(.text) for HASH_DeInit
    stm32f4xx_hash_sha1.o(.text) refers to stm32f4xx_hash.o(.text) for HASH_DeInit
    stm32f4xx_i2c.o(.text) refers to stm32f4xx_rcc.o(.text) for RCC_APB1PeriphResetCmd
    stm32f4xx_ltdc.o(.text) refers to stm32f4xx_rcc.o(.text) for RCC_APB2PeriphResetCmd
    stm32f4xx_pwr.o(.text) refers to stm32f4xx_rcc.o(.text) for RCC_APB1PeriphResetCmd
    stm32f4xx_rcc.o(.text) refers to stm32f4xx_rcc.o(.data) for .data
    stm32f4xx_rng.o(.text) refers to stm32f4xx_rcc.o(.text) for RCC_AHB2PeriphResetCmd
    stm32f4xx_sai.o(.text) refers to stm32f4xx_rcc.o(.text) for RCC_APB2PeriphResetCmd
    stm32f4xx_sdio.o(.text) refers to stm32f4xx_rcc.o(.text) for RCC_APB2PeriphResetCmd
    stm32f4xx_spi.o(.text) refers to stm32f4xx_rcc.o(.text) for RCC_APB2PeriphResetCmd
    stm32f4xx_syscfg.o(.text) refers to stm32f4xx_rcc.o(.text) for RCC_APB2PeriphResetCmd
    stm32f4xx_tim.o(.text) refers to stm32f4xx_rcc.o(.text) for RCC_APB2PeriphResetCmd
    stm32f4xx_usart.o(.text) refers to stm32f4xx_rcc.o(.text) for RCC_APB2PeriphResetCmd
    stm32f4xx_wwdg.o(.text) refers to stm32f4xx_rcc.o(.text) for RCC_APB1PeriphResetCmd
    delay.o(.text) refers to misc.o(.text) for SysTick_CLKSourceConfig
    delay.o(.text) refers to delay.o(.data) for .data
[...]
    .text                                    0x080078e6   Section        0  strcmp.o(.text)
    .text                                    0x08007902   Section        0  strcpy.o(.text)
    .text                                    0x08007914   Section        0  dadd.o(.text)
    .text                                    0x08007a62   Section        0  dmul.o(.text)
    .text                                    0x08007b46   Section        0  ddiv.o(.text)
    .text                                    0x08007c24   Section        0  dflti.o(.text)
    .text                                    0x08007c46   Section        0  dfltui.o(.text)
    .text                                    0x08007c60   Section        0  dfixui.o(.text)
    .text                                    0x08007c92   Section        0  f2d.o(.text)
    .text                                    0x08007cb8   Section        0  d2f.o(.text)
    .text                                    0x08007cf0   Section        0  uidiv.o(.text)
    .text                                    0x08007d1c   Section        0  uldiv.o(.text)
    .text                                    0x08007d7e   Section        0  llshl.o(.text)
    .text                                    0x08007d9c   Section        0  llushr.o(.text)
    .text                                    0x08007dbc   Section        0  llsshr.o(.text)
    .text                                    0x08007de0   Section        0  fepilogue.o(.text)
    .text                                    0x08007de0   Section        0  iusefp.o(.text)
    .text                                    0x08007e4e   Section        0  depilogue.o(.text)
    .text                                    0x08007f08   Section        0  dfixul.o(.text)
    .text                                    0x08007f38   Section       48  cdrcmple.o(.text)
    .text                                    0x08007f68   Section       36  init.o(.text)
    i.__0printf                              0x08007f8c   Section        0  printfa.o(i.__0printf)
    i.__0sprintf                             0x08007fac   Section        0  printfa.o(i.__0sprintf)
    i.__scatterload_copy                     0x08007fd4   Section       14  handlers.o(i.__scatterload_copy)
    i.__scatterload_null                     0x08007fe2   Section        2  handlers.o(i.__scatterload_null)
    i.__scatterload_zeroinit                 0x08007fe4   Section       14  handlers.o(i.__scatterload_zeroinit)
    i._fp_digits                             0x08007ff4   Section        0  printfa.o(i._fp_digits)
    _fp_digits                               0x08007ff5   Thumb Code   366  printfa.o(i._fp_digits)
    i._printf_core                           0x08008178   Section        0  printfa.o(i._printf_core)
    _printf_core                             0x08008179   Thumb Code  1744  printfa.o(i._printf_core)
    i._printf_post_padding                   0x08008854   Section        0  printfa.o(i._printf_post_padding)
    _printf_post_padding                     0x08008855   Thumb Code    36  printfa.o(i._printf_post_padding)
    i._printf_pre_padding                    0x08008878   Section        0  printfa.o(i._printf_pre_padding)
    _printf_pre_padding                      0x08008879   Thumb Code    46  printfa.o(i._printf_pre_padding)
    i._sputc                                 0x080088a6   Section        0  printfa.o(i._sputc)
    _sputc                                   0x080088a7   Thumb Code    10  printfa.o(i._sputc)
    .constdata                               0x080088b0   Section     4472  oled.o(.constdata)
    .data                                    0x20000000   Section       58  main.o(.data)
    .data                                    0x2000003c   Section       20  system_stm32f4xx.o(.data)
    .data                                    0x20000050   Section       16  stm32f4xx_rcc.o(.data)
    APBAHBPrescTable                         0x20000050   Data          16  stm32f4xx_rcc.o(.data)
    .data                                    0x20000060   Section        4  delay.o(.data)
    fac_us                                   0x20000060   Data           1  delay.o(.data)
    fac_ms                                   0x20000062   Data           2  delay.o(.data)
    .data                                    0x20000064   Section        2  usart.o(.data)
    .data                                    0x20000068   Section        4  usart.o(.data)
    .data                                    0x20000070   Section        8  timer.o(.data)
    .data                                    0x20000078   Section        4  adc.o(.data)
    .data                                    0x2000007c   Section       68  tasks.o(.data)
    uxDeletedTasksWaitingCleanUp             0x20000080   Data           4  tasks.o(.data)
    uxCurrentNumberOfTasks                   0x20000084   Data           4  tasks.o(.data)
    xTickCount                               0x20000088   Data           4  tasks.o(.data)
    uxTopReadyPriority                       0x2000008c   Data           4  tasks.o(.data)
    xSchedulerRunning                        0x20000090   Data           4  tasks.o(.data)
    uxPendedTicks                            0x20000094   Data           4  tasks.o(.data)
    xYieldPending                            0x20000098   Data           4  tasks.o(.data)
    xNumOfOverflows                          0x2000009c   Data           4  tasks.o(.data)
    uxTaskNumber                             0x200000a0   Data           4  tasks.o(.data)
    xNextTaskUnblockTime                     0x200000a4   Data           4  tasks.o(.data)
    xIdleTaskHandle                          0x200000a8   Data           4  tasks.o(.data)
    uxSchedulerSuspended                     0x200000ac   Data           4  tasks.o(.data)
    ulTaskSwitchedInTime                     0x200000b0   Data           4  tasks.o(.data)
    ulTotalRunTime                           0x200000b4   Data           4  tasks.o(.data)
    pxDelayedTaskList                        0x200000b8   Data           4  tasks.o(.data)
    pxOverflowDelayedTaskList                0x200000bc   Data           4  tasks.o(.data)
    .data                                    0x200000c0   Section       20  timers.o(.data)
    xTimerQueue                              0x200000c0   Data           4  timers.o(.data)
    xTimerTaskHandle                         0x200000c4   Data           4  timers.o(.data)
    xLastTime                                0x200000c8   Data           4  timers.o(.data)
    pxCurrentTimerList                       0x200000cc   Data           4  timers.o(.data)
    pxOverflowTimerList                      0x200000d0   Data           4  timers.o(.data)
    .data                                    0x200000d4   Section       24  heap_4.o(.data)
    pxEnd                                    0x200000d4   Data           4  heap_4.o(.data)
    xFreeBytesRemaining                      0x200000d8   Data           4  heap_4.o(.data)
    xMinimumEverFreeBytesRemaining           0x200000dc   Data           4  heap_4.o(.data)
    xBlockAllocatedBit                       0x200000e0   Data           4  heap_4.o(.data)
    xStart                                   0x200000e4   Data           8  heap_4.o(.data)
    .data                                    0x200000ec   Section       12  port.o(.data)
    ucMaxSysCallPriority                     0x200000ec   Data           1  port.o(.data)
    uxCriticalNesting                        0x200000f0   Data           4  port.o(.data)
    ulMaxPRIGROUPValue                       0x200000f4   Data           4  port.o(.data)
    .bss                                     0x200000f8   Section       52  main.o(.bss)
    .bss                                     0x2000012c   Section      200  usart.o(.bss)
    .bss                                     0x200001f4   Section       64  queue.o(.bss)
    .bss                                     0x20000234   Section      740  tasks.o(.bss)
    pxReadyTasksLists                        0x20000234   Data         640  tasks.o(.bss)
    xDelayedTaskList1                        0x200004b4   Data          20  tasks.o(.bss)
    xDelayedTaskList2                        0x200004c8   Data          20  tasks.o(.bss)
    xPendingReadyList                        0x200004dc   Data          20  tasks.o(.bss)
    xTasksWaitingTermination                 0x200004f0   Data          20  tasks.o(.bss)
    xSuspendedTaskList                       0x20000504   Data          20  tasks.o(.bss)
    .bss                                     0x20000518   Section       40  timers.o(.bss)
    xActiveTimerList1                        0x20000518   Data          20  timers.o(.bss)
    xActiveTimerList2                        0x2000052c   Data          20  timers.o(.bss)
    .bss                                     0x20000540   Section    20480  heap_4.o(.bss)
    ucHeap                                   0x20000540   Data       20480  heap_4.o(.bss)
    STACK                                    0x20005540   Section     1024  startup_stm32f40_41xxx.o(STACK)

    Global Symbols

    Symbol Name                              Value     Ov Type        Size  Object(Section)

    BuildAttributes$$THM_ISAv4$E$P$D$K$B$S$7EM$VFPi3$EXTD16$VFPS$VFMA$PE$A:L22UL41UL21$X:L11$S22US41US21$IEEE1$IW$USESV6$~STKCKD$USESV7$~SHL$OTIME$ROPI$EBA8$MICROLIB$REQ8$PRES8$EABIv2 0x00000000   Number         0  anon$$obj.o ABSOLUTE
    __ARM_use_no_argv                        0x00000000   Number         0  main.o ABSOLUTE
    __use_no_errno                           0x00000000   Number         0  useno.o ABSOLUTE
    __use_no_exception_handling              0x00000000   Number         0  useno.o ABSOLUTE
    __use_no_fp                              0x00000000   Number         0  useno.o ABSOLUTE
    __use_no_heap                            0x00000000   Number         0  useno.o ABSOLUTE
    __use_no_heap_region                     0x00000000   Number         0  useno.o ABSOLUTE
    __use_no_semihosting                     0x00000000   Number         0  useno.o ABSOLUTE
    __use_no_semihosting_swi                 0x00000000   Number         0  useno.o ABSOLUTE
    __use_no_signal_handling                 0x00000000   Number         0  useno.o ABSOLUTE
    _printf_a                                0x00000000   Number         0  stubs.o ABSOLUTE
    _printf_c                                0x00000000   Number         0  stubs.o ABSOLUTE
    _printf_charcount                        0x00000000   Number         0  stubs.o ABSOLUTE
    _printf_d                                0x00000000   Number         0  stubs.o ABSOLUTE
    _printf_e                                0x00000000   Number         0  stubs.o ABSOLUTE
    _printf_f                                0x00000000   Number         0  stubs.o ABSOLUTE
    _printf_flags                            0x00000000   Number         0  stubs.o ABSOLUTE
    _printf_fp_dec                           0x00000000   Number         0  stubs.o ABSOLUTE
    _printf_fp_hex                           0x00000000   Number         0  stubs.o ABSOLUTE
    _printf_g                                0x00000000   Number         0  stubs.o ABSOLUTE
    _printf_i                                0x00000000   Number         0  stubs.o ABSOLUTE
    _printf_int_dec                          0x00000000   Number         0  stubs.o ABSOLUTE
    _printf_l                                0x00000000   Number         0  stubs.o ABSOLUTE
    _printf_lc                               0x00000000   Number         0  stubs.o ABSOLUTE
    _printf_ll                               0x00000000   Number         0  stubs.o ABSOLUTE
    _printf_lld                              0x00000000   Number         0  stubs.o ABSOLUTE
    _printf_lli                              0x00000000   Number         0  stubs.o ABSOLUTE
    _printf_llo                              0x00000000   Number         0  stubs.o ABSOLUTE
    _printf_llu                              0x00000000   Number         0  stubs.o ABSOLUTE
    _printf_llx                              0x00000000   Number         0  stubs.o ABSOLUTE
    _printf_longlong_dec                     0x00000000   Number         0  stubs.o ABSOLUTE
    _printf_longlong_hex                     0x00000000   Number         0  stubs.o ABSOLUTE
    _printf_longlong_oct                     0x00000000   Number         0  stubs.o ABSOLUTE
    _printf_ls                               0x00000000   Number         0  stubs.o ABSOLUTE
    _printf_mbtowc                           0x00000000   Number         0  stubs.o ABSOLUTE
    _printf_n                                0x00000000   Number         0  stubs.o ABSOLUTE
    _printf_o                                0x00000000   Number         0  stubs.o ABSOLUTE
    _printf_p                                0x00000000   Number         0  stubs.o ABSOLUTE
    _printf_percent                          0x00000000   Number         0  stubs.o ABSOLUTE
    _printf_pre_padding                      0x00000000   Number         0  stubs.o ABSOLUTE
    _printf_return_value                     0x00000000   Number         0  stubs.o ABSOLUTE
    _printf_s                                0x00000000   Number         0  stubs.o ABSOLUTE
    _printf_sizespec                         0x00000000   Number         0  stubs.o ABSOLUTE
    _printf_str                              0x00000000   Number         0  stubs.o ABSOLUTE
    _printf_truncate_signed                  0x00000000   Number         0  stubs.o ABSOLUTE
    _printf_truncate_unsigned                0x00000000   Number         0  stubs.o ABSOLUTE
    _printf_u                                0x00000000   Number         0  stubs.o ABSOLUTE
    _printf_wc                               0x00000000   Number         0  stubs.o ABSOLUTE
    _printf_wctomb                           0x00000000   Number         0  stubs.o ABSOLUTE
    _printf_widthprec                        0x00000000   Number         0  stubs.o ABSOLUTE
    _printf_x                                0x00000000   Number         0  stubs.o ABSOLUTE
    __cpp_initialize__aeabi_                  - Undefined Weak Reference
    __cxa_finalize                            - Undefined Weak Reference
    __decompress                              - Undefined Weak Reference
    _clock_init                               - Undefined Weak Reference
    _microlib_exit                            - Undefined Weak Reference
    __Vectors_Size                           0x00000188   Number         0  startup_stm32f40_41xxx.o ABSOLUTE
    __Vectors                                0x08000000   Data           4  startup_stm32f40_41xxx.o(RESET)
    __Vectors_End                            0x08000188   Data           0  startup_stm32f40_41xxx.o(RESET)
    __main                                   0x08000189   Thumb Code     0  entry.o(.ARM.Collect$$$$00000000)
    _main_stk                                0x08000189   Thumb Code     0  entry2.o(.ARM.Collect$$$$00000001)
    _main_scatterload                        0x0800018d   Thumb Code     0  entry5.o(.ARM.Collect$$$$00000004)
    __main_after_scatterload                 0x08000191   Thumb Code     0  entry5.o(.ARM.Collect$$$$00000004)
    _main_clock                              0x08000191   Thumb Code     0  entry7b.o(.ARM.Collect$$$$00000008)
    _main_cpp_init                           0x08000191   Thumb Code     0  entry8b.o(.ARM.Collect$$$$0000000A)
    _main_init                               0x08000191   Thumb Code     0  entry9a.o(.ARM.Collect$$$$0000000B)
    __rt_final_cpp                           0x08000199   Thumb Code     0  entry10a.o(.ARM.Collect$$$$0000000D)
    __rt_final_exit                          0x08000199   Thumb Code     0  entry11a.o(.ARM.Collect$$$$0000000F)
    SVC_Handler                              0x0800019d   Thumb Code    28  port.o(.emb_text)
    __asm___6_port_c_39a90d8d__prvStartFirstTask 0x080001bd   Thumb Code    28  port.o(.emb_text)
    __asm___6_port_c_39a90d8d__prvEnableVFP  0x080001dd   Thumb Code    16  port.o(.emb_text)
    PendSV_Handler                           0x080001f1   Thumb Code    88  port.o(.emb_text)
    vPortGetIPSR                             0x0800024d   Thumb Code     6  port.o(.emb_text)
    OledDisplayTask                          0x08000255   Thumb Code   502  main.o(.text)
    LightControlTask                         0x0800044b   Thumb Code   114  main.o(.text)
    WateringControlTask                      0x080004bd   Thumb Code   114  main.o(.text)
    HeatingControlTask                       0x0800052f   Thumb Code   114  main.o(.text)
    HumidifierControlTask                    0x080005a1   Thumb Code   114  main.o(.text)
    ServoControlTask                         0x08000613   Thumb Code   482  main.o(.text)
    VentilationControlTask                   0x080007f5   Thumb Code   114  main.o(.text)
    ManualModTask                            0x08000867   Thumb Code   492  main.o(.text)
    AutoModeTask                             0x08000a53   Thumb Code  1502  main.o(.text)
    DataAcquisitionTask                      0x08001031   Thumb Code   918  main.o(.text)
    UsartCommandTask                         0x080013c7   Thumb Code   216  main.o(.text)
    startTask                                0x0800149f   Thumb Code   388  main.o(.text)
    main                                     0x08001623   Thumb Code   114  main.o(.text)
    NMI_Handler                              0x08001821   Thumb Code     2  stm32f4xx_it.o(.text)
    HardFault_Handler                        0x08001823   Thumb Code     2  stm32f4xx_it.o(.text)
    MemManage_Handler                        0x08001825   Thumb Code     2  stm32f4xx_it.o(.text)
    BusFault_Handler                         0x08001827   Thumb Code     2  stm32f4xx_it.o(.text)
    UsageFault_Handler                       0x08001829   Thumb Code     2  stm32f4xx_it.o(.text)
    DebugMon_Handler                         0x0800182b   Thumb Code     2  stm32f4xx_it.o(.text)
    SysTick_Handler                          0x0800182d   Thumb Code    20  stm32f4xx_it.o(.text)
    SystemInit                               0x080018e9   Thumb Code    74  system_stm32f4xx.o(.text)
    SystemCoreClockUpdate                    0x08001933   Thumb Code   122  system_stm32f4xx.o(.text)
    Reset_Handler                            0x080019d1   Thumb Code     8  startup_stm32f40_41xxx.o(.text)
    ADC_IRQHandler                           0x080019eb   Thumb Code     0  startup_stm32f40_41xxx.o(.text)
    CAN1_RX0_IRQHandler                      0x080019eb   Thumb Code     0  startup_stm32f40_41xxx.o(.text)
    CAN1_RX1_IRQHandler                      0x080019eb   Thumb Code     0  startup_stm32f40_41xxx.o(.text)
    CAN1_SCE_IRQHandler                      0x080019eb   Thumb Code     0  startup_stm32f40_41xxx.o(.text)
    CAN1_TX_IRQHandler                       0x080019eb   Thumb Code     0  startup_stm32f40_41xxx.o(.text)
    CAN2_RX0_IRQHandler                      0x080019eb   Thumb Code     0  startup_stm32f40_41xxx.o(.text)
    CAN2_RX1_IRQHandler                      0x080019eb   Thumb Code     0  startup_stm32f40_41xxx.o(.text)
    CAN2_SCE_IRQHandler                      0x080019eb   Thumb Code     0  startup_stm32f40_41xxx.o(.text)
    CAN2_TX_IRQHandler                       0x080019eb   Thumb Code     0  startup_stm32f40_41xxx.o(.text)
    CRYP_IRQHandler                          0x080019eb   Thumb Code     0  startup_stm32f40_41xxx.o(.text)
    DCMI_IRQHandler                          0x080019eb   Thumb Code     0  startup_stm32f40_41xxx.o(.text)
    DMA1_Stream0_IRQHandler                  0x080019eb   Thumb Code     0  startup_stm32f40_41xxx.o(.text)
    DMA1_Stream1_IRQHandler                  0x080019eb   Thumb Code     0  startup_stm32f40_41xxx.o(.text)
    DMA1_Stream2_IRQHandler                  0x080019eb   Thumb Code     0  startup_stm32f40_41xxx.o(.text)
    DMA1_Stream3_IRQHandler                  0x080019eb   Thumb Code     0  startup_stm32f40_41xxx.o(.text)
    DMA1_Stream4_IRQHandler                  0x080019eb   Thumb Code     0  startup_stm32f40_41xxx.o(.text)
    DMA1_Stream5_IRQHandler                  0x080019eb   Thumb Code     0  startup_stm32f40_41xxx.o(.text)
    DMA1_Stream6_IRQHandler                  0x080019eb   Thumb Code     0  startup_stm32f40_41xxx.o(.text)
    DMA1_Stream7_IRQHandler                  0x080019eb   Thumb Code     0  startup_stm32f40_41xxx.o(.text)
    DMA2_Stream0_IRQHandler                  0x080019eb   Thumb Code     0  startup_stm32f40_41xxx.o(.text)
    DMA2_Stream1_IRQHandler                  0x080019eb   Thumb Code     0  startup_stm32f40_41xxx.o(.text)
    DMA2_Stream2_IRQHandler                  0x080019eb   Thumb Code     0  startup_stm32f40_41xxx.o(.text)
    DMA2_Stream3_IRQHandler                  0x080019eb   Thumb Code     0  startup_stm32f40_41xxx.o(.text)
    DMA2_Stream4_IRQHandler                  0x080019eb   Thumb Code     0  startup_stm32f40_41xxx.o(.text)
    DMA2_Stream5_IRQHandler                  0x080019eb   Thumb Code     0  startup_stm32f40_41xxx.o(.text)
    DMA2_Stream6_IRQHandler                  0x080019eb   Thumb Code     0  startup_stm32f40_41xxx.o(.text)
    DMA2_Stream7_IRQHandler                  0x080019eb   Thumb Code     0  startup_stm32f40_41xxx.o(.text)
    ETH_IRQHandler                           0x080019eb   Thumb Code     0  startup_stm32f40_41xxx.o(.text)
    ETH_WKUP_IRQHandler                      0x080019eb   Thumb Code     0  startup_stm32f40_41xxx.o(.text)
    EXTI0_IRQHandler                         0x080019eb   Thumb Code     0  startup_stm32f40_41xxx.o(.text)
    EXTI15_10_IRQHandler                     0x080019eb   Thumb Code     0  startup_stm32f40_41xxx.o(.text)
    EXTI1_IRQHandler                         0x080019eb   Thumb Code     0  startup_stm32f40_41xxx.o(.text)
    EXTI2_IRQHandler                         0x080019eb   Thumb Code     0  startup_stm32f40_41xxx.o(.text)
    EXTI3_IRQHandler                         0x080019eb   Thumb Code     0  startup_stm32f40_41xxx.o(.text)
    EXTI4_IRQHandler                         0x080019eb   Thumb Code     0  startup_stm32f40_41xxx.o(.text)
    EXTI9_5_IRQHandler                       0x080019eb   Thumb Code     0  startup_stm32f40_41xxx.o(.text)
    FLASH_IRQHandler                         0x080019eb   Thumb Code     0  startup_stm32f40_41xxx.o(.text)
    FPU_IRQHandler                           0x080019eb   Thumb Code     0  startup_stm32f40_41xxx.o(.text)
    FSMC_IRQHandler                          0x080019eb   Thumb Code     0  startup_stm32f40_41xxx.o(.text)
    HASH_RNG_IRQHandler                      0x080019eb   Thumb Code     0  startup_stm32f40_41xxx.o(.text)
    I2C1_ER_IRQHandler                       0x080019eb   Thumb Code     0  startup_stm32f40_41xxx.o(.text)
    I2C1_EV_IRQHandler                       0x080019eb   Thumb Code     0  startup_stm32f40_41xxx.o(.text)
    I2C2_ER_IRQHandler                       0x080019eb   Thumb Code     0  startup_stm32f40_41xxx.o(.text)
    I2C2_EV_IRQHandler                       0x080019eb   Thumb Code     0  startup_stm32f40_41xxx.o(.text)
    I2C3_ER_IRQHandler                       0x080019eb   Thumb Code     0  startup_stm32f40_41xxx.o(.text)
    I2C3_EV_IRQHandler                       0x080019eb   Thumb Code     0  startup_stm32f40_41xxx.o(.text)
    OTG_FS_IRQHandler                        0x080019eb   Thumb Code     0  startup_stm32f40_41xxx.o(.text)
    OTG_FS_WKUP_IRQHandler                   0x080019eb   Thumb Code     0  startup_stm32f40_41xxx.o(.text)
    OTG_HS_EP1_IN_IRQHandler                 0x080019eb   Thumb Code     0  startup_stm32f40_41xxx.o(.text)
    OTG_HS_EP1_OUT_IRQHandler                0x080019eb   Thumb Code     0  startup_stm32f40_41xxx.o(.text)
    OTG_HS_IRQHandler                        0x080019eb   Thumb Code     0  startup_stm32f40_41xxx.o(.text)
    OTG_HS_WKUP_IRQHandler                   0x080019eb   Thumb Code     0  startup_stm32f40_41xxx.o(.text)
    PVD_IRQHandler                           0x080019eb   Thumb Code     0  startup_stm32f40_41xxx.o(.text)
    RCC_IRQHandler                           0x080019eb   Thumb Code     0  startup_stm32f40_41xxx.o(.text)
    RTC_Alarm_IRQHandler                     0x080019eb   Thumb Code     0  startup_stm32f40_41xxx.o(.text)
    RTC_WKUP_IRQHandler                      0x080019eb   Thumb Code     0  startup_stm32f40_41xxx.o(.text)
    SDIO_IRQHandler                          0x080019eb   Thumb Code     0  startup_stm32f40_41xxx.o(.text)
    SPI1_IRQHandler                          0x080019eb   Thumb Code     0  startup_stm32f40_41xxx.o(.text)
    SPI2_IRQHandler                          0x080019eb   Thumb Code     0  startup_stm32f40_41xxx.o(.text)
    SPI3_IRQHandler                          0x080019eb   Thumb Code     0  startup_stm32f40_41xxx.o(.text)
    TAMP_STAMP_IRQHandler                    0x080019eb   Thumb Code     0  startup_stm32f40_41xxx.o(.text)
    TIM1_BRK_TIM9_IRQHandler                 0x080019eb   Thumb Code     0  startup_stm32f40_41xxx.o(.text)
    TIM1_CC_IRQHandler                       0x080019eb   Thumb Code     0  startup_stm32f40_41xxx.o(.text)
    TIM1_TRG_COM_TIM11_IRQHandler            0x080019eb   Thumb Code     0  startup_stm32f40_41xxx.o(.text)
    TIM1_UP_TIM10_IRQHandler                 0x080019eb   Thumb Code     0  startup_stm32f40_41xxx.o(.text)
    TIM2_IRQHandler                          0x080019eb   Thumb Code     0  startup_stm32f40_41xxx.o(.text)
    TIM4_IRQHandler                          0x080019eb   Thumb Code     0  startup_stm32f40_41xxx.o(.text)
    TIM6_DAC_IRQHandler                      0x080019eb   Thumb Code     0  startup_stm32f40_41xxx.o(.text)
    TIM7_IRQHandler                          0x080019eb   Thumb Code     0  startup_stm32f40_41xxx.o(.text)
    TIM8_BRK_TIM12_IRQHandler                0x080019eb   Thumb Code     0  startup_stm32f40_41xxx.o(.text)
    TIM8_CC_IRQHandler                       0x080019eb   Thumb Code     0  startup_stm32f40_41xxx.o(.text)
    TIM8_TRG_COM_TIM14_IRQHandler            0x080019eb   Thumb Code     0  startup_stm32f40_41xxx.o(.text)
    TIM8_UP_TIM13_IRQHandler                 0x080019eb   Thumb Code     0  startup_stm32f40_41xxx.o(.text)
    UART4_IRQHandler                         0x080019eb   Thumb Code     0  startup_stm32f40_41xxx.o(.text)
    UART5_IRQHandler                         0x080019eb   Thumb Code     0  startup_stm32f40_41xxx.o(.text)
    USART2_IRQHandler                        0x080019eb   Thumb Code     0  startup_stm32f40_41xxx.o(.text)
    USART3_IRQHandler                        0x080019eb   Thumb Code     0  startup_stm32f40_41xxx.o(.text)
    USART6_IRQHandler                        0x080019eb   Thumb Code     0  startup_stm32f40_41xxx.o(.text)
    WWDG_IRQHandler                          0x080019eb   Thumb Code     0  startup_stm32f40_41xxx.o(.text)
    NVIC_PriorityGroupConfig                 0x080019f5   Thumb Code    10  misc.o(.text)
    NVIC_Init                                0x080019ff   Thumb Code    98  misc.o(.text)
    NVIC_SetVectorTable                      0x08001a61   Thumb Code    14  misc.o(.text)
    NVIC_SystemLPConfig                      0x08001a6f   Thumb Code    24  misc.o(.text)
    SysTick_CLKSourceConfig                  0x08001a87   Thumb Code    28  misc.o(.text)
    ADC_DeInit                               0x08001ab1   Thumb Code    24  stm32f4xx_adc.o(.text)
    ADC_Init                                 0x08001ac9   Thumb Code    66  stm32f4xx_adc.o(.text)
    ADC_StructInit                           0x08001b0b   Thumb Code    20  stm32f4xx_adc.o(.text)
    ADC_CommonInit                           0x08001b1f   Thumb Code    30  stm32f4xx_adc.o(.text)
    ADC_CommonStructInit                     0x08001b3d   Thumb Code    12  stm32f4xx_adc.o(.text)
    ADC_Cmd                                  0x08001b49   Thumb Code    24  stm32f4xx_adc.o(.text)
    ADC_AnalogWatchdogCmd                    0x08001b61   Thumb Code    12  stm32f4xx_adc.o(.text)
    ADC_AnalogWatchdogThresholdsConfig       0x08001b6d   Thumb Code     6  stm32f4xx_adc.o(.text)
    ADC_AnalogWatchdogSingleChannelConfig    0x08001b73   Thumb Code    12  stm32f4xx_adc.o(.text)
    ADC_TempSensorVrefintCmd                 0x08001b7f   Thumb Code    34  stm32f4xx_adc.o(.text)
    ADC_VBATCmd                              0x08001ba1   Thumb Code    34  stm32f4xx_adc.o(.text)
    ADC_RegularChannelConfig                 0x08001bc3   Thumb Code   116  stm32f4xx_adc.o(.text)
    ADC_SoftwareStartConv                    0x08001c37   Thumb Code    10  stm32f4xx_adc.o(.text)
    ADC_GetSoftwareStartConvStatus           0x08001c41   Thumb Code    14  stm32f4xx_adc.o(.text)
    ADC_EOCOnEachRegularChannelCmd           0x08001c4f   Thumb Code    24  stm32f4xx_adc.o(.text)
    ADC_ContinuousModeCmd                    0x08001c67   Thumb Code    24  stm32f4xx_adc.o(.text)
    ADC_DiscModeChannelCountConfig           0x08001c7f   Thumb Code    16  stm32f4xx_adc.o(.text)
    ADC_DiscModeCmd                          0x08001c8f   Thumb Code    24  stm32f4xx_adc.o(.text)
    ADC_GetConversionValue                   0x08001ca7   Thumb Code     6  stm32f4xx_adc.o(.text)
    ADC_GetMultiModeConversionValue          0x08001cad   Thumb Code     8  stm32f4xx_adc.o(.text)
    ADC_DMACmd                               0x08001cb5   Thumb Code    24  stm32f4xx_adc.o(.text)
    ADC_DMARequestAfterLastTransferCmd       0x08001ccd   Thumb Code    24  stm32f4xx_adc.o(.text)
    ADC_MultiModeDMARequestAfterLastTransferCmd 0x08001ce5   Thumb Code    34  stm32f4xx_adc.o(.text)
    ADC_InjectedChannelConfig                0x08001d07   Thumb Code    74  stm32f4xx_adc.o(.text)
    ADC_InjectedSequencerLengthConfig        0x08001d51   Thumb Code    16  stm32f4xx_adc.o(.text)
    ADC_SetInjectedOffset                    0x08001d61   Thumb Code    16  stm32f4xx_adc.o(.text)
    ADC_ExternalTrigInjectedConvConfig       0x08001d71   Thumb Code    12  stm32f4xx_adc.o(.text)
    ADC_ExternalTrigInjectedConvEdgeConfig   0x08001d7d   Thumb Code    12  stm32f4xx_adc.o(.text)
    ADC_SoftwareStartInjectedConv            0x08001d89   Thumb Code    10  stm32f4xx_adc.o(.text)
    ADC_GetSoftwareStartInjectedConvCmdStatus 0x08001d93   Thumb Code    14  stm32f4xx_adc.o(.text)
    ADC_AutoInjectedConvCmd                  0x08001da1   Thumb Code    24  stm32f4xx_adc.o(.text)
    ADC_InjectedDiscModeCmd                  0x08001db9   Thumb Code    24  stm32f4xx_adc.o(.text)
    ADC_GetInjectedConversionValue           0x08001dd1   Thumb Code    20  stm32f4xx_adc.o(.text)
    ADC_ITConfig                             0x08001de5   Thumb Code    24  stm32f4xx_adc.o(.text)
    ADC_GetFlagStatus                        0x08001dfd   Thumb Code    14  stm32f4xx_adc.o(.text)
    ADC_ClearFlag                            0x08001e0b   Thumb Code     6  stm32f4xx_adc.o(.text)
    ADC_GetITStatus                          0x08001e11   Thumb Code    30  stm32f4xx_adc.o(.text)
    ADC_ClearITPendingBit                    0x08001e2f   Thumb Code     8  stm32f4xx_adc.o(.text)
    DMA_DeInit                               0x08001e51   Thumb Code   278  stm32f4xx_dma.o(.text)
    DMA_Init                                 0x08001f67   Thumb Code    80  stm32f4xx_dma.o(.text)
    DMA_StructInit                           0x08001fb7   Thumb Code    34  stm32f4xx_dma.o(.text)
    DMA_Cmd                                  0x08001fd9   Thumb Code    24  stm32f4xx_dma.o(.text)
    DMA_PeriphIncOffsetSizeConfig            0x08001ff1   Thumb Code    24  stm32f4xx_dma.o(.text)
    DMA_FlowControllerConfig                 0x08002009   Thumb Code    24  stm32f4xx_dma.o(.text)
    DMA_SetCurrDataCounter                   0x08002021   Thumb Code     4  stm32f4xx_dma.o(.text)
    DMA_GetCurrDataCounter                   0x08002025   Thumb Code     6  stm32f4xx_dma.o(.text)
    DMA_DoubleBufferModeConfig               0x0800202b   Thumb Code    26  stm32f4xx_dma.o(.text)
    DMA_DoubleBufferModeCmd                  0x08002045   Thumb Code    24  stm32f4xx_dma.o(.text)
    DMA_MemoryTargetConfig                   0x0800205d   Thumb Code    12  stm32f4xx_dma.o(.text)
    DMA_GetCurrentMemoryTarget               0x08002069   Thumb Code    14  stm32f4xx_dma.o(.text)
    DMA_GetCmdStatus                         0x08002077   Thumb Code    14  stm32f4xx_dma.o(.text)
    DMA_GetFIFOStatus                        0x08002085   Thumb Code     8  stm32f4xx_dma.o(.text)
    DMA_GetFlagStatus                        0x0800208d   Thumb Code    42  stm32f4xx_dma.o(.text)
    DMA_ClearFlag                            0x080020b7   Thumb Code    34  stm32f4xx_dma.o(.text)
    DMA_ITConfig                             0x080020d9   Thumb Code    50  stm32f4xx_dma.o(.text)
    DMA_GetITStatus                          0x0800210b   Thumb Code    70  stm32f4xx_dma.o(.text)
    DMA_ClearITPendingBit                    0x08002151   Thumb Code    34  stm32f4xx_dma.o(.text)
    GPIO_DeInit                              0x08002195   Thumb Code   296  stm32f4xx_gpio.o(.text)
    GPIO_Init                                0x080022bd   Thumb Code   124  stm32f4xx_gpio.o(.text)
    GPIO_StructInit                          0x08002339   Thumb Code    18  stm32f4xx_gpio.o(.text)
    GPIO_PinLockConfig                       0x0800234b   Thumb Code    26  stm32f4xx_gpio.o(.text)
    GPIO_ReadInputDataBit                    0x08002365   Thumb Code    14  stm32f4xx_gpio.o(.text)
    GPIO_ReadInputData                       0x08002373   Thumb Code     6  stm32f4xx_gpio.o(.text)
    GPIO_ReadOutputDataBit                   0x08002379   Thumb Code    14  stm32f4xx_gpio.o(.text)
    GPIO_ReadOutputData                      0x08002387   Thumb Code     6  stm32f4xx_gpio.o(.text)
    GPIO_SetBits                             0x0800238d   Thumb Code     4  stm32f4xx_gpio.o(.text)
    GPIO_ResetBits                           0x08002391   Thumb Code     4  stm32f4xx_gpio.o(.text)
    GPIO_WriteBit                            0x08002395   Thumb Code    12  stm32f4xx_gpio.o(.text)
    GPIO_Write                               0x080023a1   Thumb Code     4  stm32f4xx_gpio.o(.text)
    GPIO_ToggleBits                          0x080023a5   Thumb Code     8  stm32f4xx_gpio.o(.text)
    GPIO_PinAFConfig                         0x080023ad   Thumb Code    32  stm32f4xx_gpio.o(.text)
    RCC_DeInit                               0x080023f9   Thumb Code    68  stm32f4xx_rcc.o(.text)
    RCC_HSEConfig                            0x0800243d   Thumb Code    12  stm32f4xx_rcc.o(.text)
    RCC_GetFlagStatus                        0x08002449   Thumb Code    50  stm32f4xx_rcc.o(.text)
    RCC_WaitForHSEStartUp                    0x0800247b   Thumb Code    48  stm32f4xx_rcc.o(.text)
    RCC_AdjustHSICalibrationValue            0x080024ab   Thumb Code    16  stm32f4xx_rcc.o(.text)
    RCC_HSICmd                               0x080024bb   Thumb Code     6  stm32f4xx_rcc.o(.text)
    RCC_LSEConfig                            0x080024c1   Thumb Code    30  stm32f4xx_rcc.o(.text)
    RCC_LSICmd                               0x080024df   Thumb Code     6  stm32f4xx_rcc.o(.text)
    RCC_PLLConfig                            0x080024e5   Thumb Code    34  stm32f4xx_rcc.o(.text)
    RCC_PLLCmd                               0x08002507   Thumb Code     6  stm32f4xx_rcc.o(.text)
    RCC_PLLI2SConfig                         0x0800250d   Thumb Code    14  stm32f4xx_rcc.o(.text)
    RCC_PLLI2SCmd                            0x0800251b   Thumb Code     6  stm32f4xx_rcc.o(.text)
    RCC_PLLSAIConfig                         0x08002521   Thumb Code    18  stm32f4xx_rcc.o(.text)
    RCC_PLLSAICmd                            0x08002533   Thumb Code     6  stm32f4xx_rcc.o(.text)
    RCC_ClockSecuritySystemCmd               0x08002539   Thumb Code     6  stm32f4xx_rcc.o(.text)
    RCC_MCO1Config                           0x0800253f   Thumb Code    18  stm32f4xx_rcc.o(.text)
    RCC_MCO2Config                           0x08002551   Thumb Code    18  stm32f4xx_rcc.o(.text)
    RCC_SYSCLKConfig                         0x08002563   Thumb Code    16  stm32f4xx_rcc.o(.text)
    RCC_GetSYSCLKSource                      0x08002573   Thumb Code    12  stm32f4xx_rcc.o(.text)
    RCC_HCLKConfig                           0x0800257f   Thumb Code    16  stm32f4xx_rcc.o(.text)
    RCC_PCLK1Config                          0x0800258f   Thumb Code    16  stm32f4xx_rcc.o(.text)
    RCC_PCLK2Config                          0x0800259f   Thumb Code    18  stm32f4xx_rcc.o(.text)
    RCC_GetClocksFreq                        0x080025b1   Thumb Code   150  stm32f4xx_rcc.o(.text)
    RCC_RTCCLKConfig                         0x08002647   Thumb Code    42  stm32f4xx_rcc.o(.text)
    RCC_RTCCLKCmd                            0x08002671   Thumb Code     8  stm32f4xx_rcc.o(.text)
    RCC_BackupResetCmd                       0x08002679   Thumb Code     8  stm32f4xx_rcc.o(.text)
    RCC_I2SCLKConfig                         0x08002681   Thumb Code     6  stm32f4xx_rcc.o(.text)
    RCC_SAIPLLI2SClkDivConfig                0x08002687   Thumb Code    18  stm32f4xx_rcc.o(.text)
    RCC_SAIPLLSAIClkDivConfig                0x08002699   Thumb Code    20  stm32f4xx_rcc.o(.text)
    RCC_SAIBlockACLKConfig                   0x080026ad   Thumb Code    16  stm32f4xx_rcc.o(.text)
    RCC_SAIBlockBCLKConfig                   0x080026bd   Thumb Code    16  stm32f4xx_rcc.o(.text)
    RCC_LTDCCLKDivConfig                     0x080026cd   Thumb Code    16  stm32f4xx_rcc.o(.text)
    RCC_TIMCLKPresConfig                     0x080026dd   Thumb Code     6  stm32f4xx_rcc.o(.text)
    RCC_AHB1PeriphClockCmd                   0x080026e3   Thumb Code    24  stm32f4xx_rcc.o(.text)
    RCC_AHB2PeriphClockCmd                   0x080026fb   Thumb Code    24  stm32f4xx_rcc.o(.text)
    RCC_AHB3PeriphClockCmd                   0x08002713   Thumb Code    24  stm32f4xx_rcc.o(.text)
    RCC_APB1PeriphClockCmd                   0x0800272b   Thumb Code    24  stm32f4xx_rcc.o(.text)
    RCC_APB2PeriphClockCmd                   0x08002743   Thumb Code    24  stm32f4xx_rcc.o(.text)
    RCC_AHB1PeriphResetCmd                   0x0800275b   Thumb Code    24  stm32f4xx_rcc.o(.text)
    RCC_AHB2PeriphResetCmd                   0x08002773   Thumb Code    24  stm32f4xx_rcc.o(.text)
    RCC_AHB3PeriphResetCmd                   0x0800278b   Thumb Code    24  stm32f4xx_rcc.o(.text)
    RCC_APB1PeriphResetCmd                   0x080027a3   Thumb Code    24  stm32f4xx_rcc.o(.text)
    RCC_APB2PeriphResetCmd                   0x080027bb   Thumb Code    24  stm32f4xx_rcc.o(.text)
    RCC_AHB1PeriphClockLPModeCmd             0x080027d3   Thumb Code    70  stm32f4xx_rcc.o(.text)
    RCC_AHB2PeriphClockLPModeCmd             0x08002819   Thumb Code    22  stm32f4xx_rcc.o(.text)
    RCC_AHB3PeriphClockLPModeCmd             0x0800282f   Thumb Code    24  stm32f4xx_rcc.o(.text)
    RCC_APB1PeriphClockLPModeCmd             0x08002847   Thumb Code    24  stm32f4xx_rcc.o(.text)
    RCC_APB2PeriphClockLPModeCmd             0x0800285f   Thumb Code    24  stm32f4xx_rcc.o(.text)
    RCC_LSEModeConfig                        0x08002877   Thumb Code    28  stm32f4xx_rcc.o(.text)
    RCC_ITConfig                             0x08002893   Thumb Code    24  stm32f4xx_rcc.o(.text)
    RCC_ClearFlag                            0x080028ab   Thumb Code    14  stm32f4xx_rcc.o(.text)
    RCC_GetITStatus                          0x080028b9   Thumb Code    18  stm32f4xx_rcc.o(.text)
    RCC_ClearITPendingBit                    0x080028cb   Thumb Code     8  stm32f4xx_rcc.o(.text)
    TIM_DeInit                               0x080028d9   Thumb Code   376  stm32f4xx_tim.o(.text)
    TIM_TimeBaseInit                         0x08002a51   Thumb Code    96  stm32f4xx_tim.o(.text)
    TIM_TimeBaseStructInit                   0x08002ab1   Thumb Code    18  stm32f4xx_tim.o(.text)
    TIM_PrescalerConfig                      0x08002ac3   Thumb Code     6  stm32f4xx_tim.o(.text)
    TIM_CounterModeConfig                    0x08002ac9   Thumb Code    12  stm32f4xx_tim.o(.text)
    TIM_SetCounter                           0x08002ad5   Thumb Code     4  stm32f4xx_tim.o(.text)
    TIM_SetAutoreload                        0x08002ad9   Thumb Code     4  stm32f4xx_tim.o(.text)
    TIM_GetCounter                           0x08002add   Thumb Code     4  stm32f4xx_tim.o(.text)
    TIM_GetPrescaler                         0x08002ae1   Thumb Code     4  stm32f4xx_tim.o(.text)
    TIM_UpdateDisableConfig                  0x08002ae5   Thumb Code    24  stm32f4xx_tim.o(.text)
    TIM_UpdateRequestConfig                  0x08002afd   Thumb Code    24  stm32f4xx_tim.o(.text)
    TIM_ARRPreloadConfig                     0x08002b15   Thumb Code    24  stm32f4xx_tim.o(.text)
    TIM_SelectOnePulseMode                   0x08002b2d   Thumb Code    16  stm32f4xx_tim.o(.text)
    TIM_SetClockDivision                     0x08002b3d   Thumb Code    16  stm32f4xx_tim.o(.text)
    TIM_Cmd                                  0x08002b4d   Thumb Code    24  stm32f4xx_tim.o(.text)
    TIM_OC1Init                              0x08002b65   Thumb Code    96  stm32f4xx_tim.o(.text)
    TIM_OC2Init                              0x08002bc5   Thumb Code   128  stm32f4xx_tim.o(.text)
    TIM_OC3Init                              0x08002c45   Thumb Code   176  stm32f4xx_tim.o(.text)
    TIM_OC4Init                              0x08002cf5   Thumb Code    92  stm32f4xx_tim.o(.text)
    TIM_OCStructInit                         0x08002d51   Thumb Code    20  stm32f4xx_tim.o(.text)
    TIM_SelectOCxM                           0x08002d65   Thumb Code    80  stm32f4xx_tim.o(.text)
    TIM_SetCompare1                          0x08002db5   Thumb Code     4  stm32f4xx_tim.o(.text)
    TIM_SetCompare2                          0x08002db9   Thumb Code     4  stm32f4xx_tim.o(.text)
    TIM_SetCompare3                          0x08002dbd   Thumb Code     4  stm32f4xx_tim.o(.text)
    TIM_SetCompare4                          0x08002dc1   Thumb Code     4  stm32f4xx_tim.o(.text)
    TIM_ForcedOC1Config                      0x08002dc5   Thumb Code    12  stm32f4xx_tim.o(.text)
    TIM_ForcedOC2Config                      0x08002dd1   Thumb Code    20  stm32f4xx_tim.o(.text)
    TIM_ForcedOC3Config                      0x08002de5   Thumb Code    12  stm32f4xx_tim.o(.text)
    TIM_ForcedOC4Config                      0x08002df1   Thumb Code    20  stm32f4xx_tim.o(.text)
    TIM_OC1PreloadConfig                     0x08002e05   Thumb Code    12  stm32f4xx_tim.o(.text)
    TIM_OC2PreloadConfig                     0x08002e11   Thumb Code    20  stm32f4xx_tim.o(.text)
    TIM_OC3PreloadConfig                     0x08002e25   Thumb Code    12  stm32f4xx_tim.o(.text)
    TIM_OC4PreloadConfig                     0x08002e31   Thumb Code    20  stm32f4xx_tim.o(.text)
    TIM_OC1FastConfig                        0x08002e45   Thumb Code    12  stm32f4xx_tim.o(.text)
    TIM_OC2FastConfig                        0x08002e51   Thumb Code    20  stm32f4xx_tim.o(.text)
    TIM_OC3FastConfig                        0x08002e65   Thumb Code    12  stm32f4xx_tim.o(.text)
    TIM_OC4FastConfig                        0x08002e71   Thumb Code    20  stm32f4xx_tim.o(.text)
    TIM_ClearOC1Ref                          0x08002e85   Thumb Code    12  stm32f4xx_tim.o(.text)
    TIM_ClearOC2Ref                          0x08002e91   Thumb Code    20  stm32f4xx_tim.o(.text)
    TIM_ClearOC3Ref                          0x08002ea5   Thumb Code    12  stm32f4xx_tim.o(.text)
    TIM_ClearOC4Ref                          0x08002eb1   Thumb Code    20  stm32f4xx_tim.o(.text)
    TIM_OC1PolarityConfig                    0x08002ec5   Thumb Code    12  stm32f4xx_tim.o(.text)
    TIM_OC1NPolarityConfig                   0x08002ed1   Thumb Code    12  stm32f4xx_tim.o(.text)
    TIM_OC2PolarityConfig                    0x08002edd   Thumb Code    20  stm32f4xx_tim.o(.text)
    TIM_OC2NPolarityConfig                   0x08002ef1   Thumb Code    20  stm32f4xx_tim.o(.text)
    TIM_OC3PolarityConfig                    0x08002f05   Thumb Code    20  stm32f4xx_tim.o(.text)
    TIM_OC3NPolarityConfig                   0x08002f19   Thumb Code    20  stm32f4xx_tim.o(.text)
    TIM_OC4PolarityConfig                    0x08002f2d   Thumb Code    20  stm32f4xx_tim.o(.text)
    TIM_CCxCmd                               0x08002f41   Thumb Code    22  stm32f4xx_tim.o(.text)
    TIM_CCxNCmd                              0x08002f57   Thumb Code    22  stm32f4xx_tim.o(.text)
    TIM_SetIC4Prescaler                      0x08002f6d   Thumb Code    24  stm32f4xx_tim.o(.text)
    TIM_SetIC3Prescaler                      0x08002fbb   Thumb Code    16  stm32f4xx_tim.o(.text)
    TIM_SetIC2Prescaler                      0x08002ffd   Thumb Code    24  stm32f4xx_tim.o(.text)
    TIM_SetIC1Prescaler                      0x0800304b   Thumb Code    16  stm32f4xx_tim.o(.text)
    TIM_ICInit                               0x08003089   Thumb Code    90  stm32f4xx_tim.o(.text)
    TIM_ICStructInit                         0x080030e3   Thumb Code    16  stm32f4xx_tim.o(.text)
    TIM_PWMIConfig                           0x080030f3   Thumb Code   116  stm32f4xx_tim.o(.text)
    TIM_GetCapture1                          0x08003167   Thumb Code     4  stm32f4xx_tim.o(.text)
    TIM_GetCapture2                          0x0800316b   Thumb Code     4  stm32f4xx_tim.o(.text)
    TIM_GetCapture3                          0x0800316f   Thumb Code     4  stm32f4xx_tim.o(.text)
    TIM_GetCapture4                          0x08003173   Thumb Code     4  stm32f4xx_tim.o(.text)
    TIM_BDTRConfig                           0x08003177   Thumb Code    34  stm32f4xx_tim.o(.text)
    TIM_BDTRStructInit                       0x08003199   Thumb Code    18  stm32f4xx_tim.o(.text)
    TIM_CtrlPWMOutputs                       0x080031ab   Thumb Code    28  stm32f4xx_tim.o(.text)
    TIM_SelectCOM                            0x080031c7   Thumb Code    24  stm32f4xx_tim.o(.text)
    TIM_CCPreloadControl                     0x080031df   Thumb Code    24  stm32f4xx_tim.o(.text)
    TIM_ITConfig                             0x080031f7   Thumb Code    20  stm32f4xx_tim.o(.text)
    TIM_GenerateEvent                        0x0800320b   Thumb Code     4  stm32f4xx_tim.o(.text)
    TIM_GetFlagStatus                        0x0800320f   Thumb Code    14  stm32f4xx_tim.o(.text)
    TIM_ClearFlag                            0x0800321d   Thumb Code     6  stm32f4xx_tim.o(.text)
    TIM_GetITStatus                          0x08003223   Thumb Code    24  stm32f4xx_tim.o(.text)
    TIM_ClearITPendingBit                    0x0800323b   Thumb Code     6  stm32f4xx_tim.o(.text)
    TIM_DMAConfig                            0x08003241   Thumb Code     8  stm32f4xx_tim.o(.text)
    TIM_DMACmd                               0x08003249   Thumb Code    20  stm32f4xx_tim.o(.text)
    TIM_SelectCCDMA                          0x0800325d   Thumb Code    24  stm32f4xx_tim.o(.text)
    TIM_InternalClockConfig                  0x08003275   Thumb Code    10  stm32f4xx_tim.o(.text)
    TIM_SelectInputTrigger                   0x0800327f   Thumb Code    12  stm32f4xx_tim.o(.text)
    TIM_ITRxExternalClockConfig              0x0800328b   Thumb Code    20  stm32f4xx_tim.o(.text)
    TIM_TIxExternalClockConfig               0x0800329f   Thumb Code    48  stm32f4xx_tim.o(.text)
    TIM_ETRConfig                            0x080032cf   Thumb Code    24  stm32f4xx_tim.o(.text)
    TIM_ETRClockMode1Config                  0x080032e7   Thumb Code    32  stm32f4xx_tim.o(.text)
    TIM_ETRClockMode2Config                  0x08003307   Thumb Code    20  stm32f4xx_tim.o(.text)
    TIM_SelectOutputTrigger                  0x0800331b   Thumb Code    16  stm32f4xx_tim.o(.text)
    TIM_SelectSlaveMode                      0x0800332b   Thumb Code    16  stm32f4xx_tim.o(.text)
    TIM_SelectMasterSlaveMode                0x0800333b   Thumb Code    16  stm32f4xx_tim.o(.text)
    TIM_EncoderInterfaceConfig               0x0800334b   Thumb Code    50  stm32f4xx_tim.o(.text)
    TIM_SelectHallSensor                     0x0800337d   Thumb Code    24  stm32f4xx_tim.o(.text)
    TIM_RemapConfig                          0x08003395   Thumb Code     6  stm32f4xx_tim.o(.text)
    USART_DeInit                             0x0800339d   Thumb Code   224  stm32f4xx_usart.o(.text)
    USART_Init                               0x0800347d   Thumb Code   180  stm32f4xx_usart.o(.text)
    USART_StructInit                         0x08003531   Thumb Code    22  stm32f4xx_usart.o(.text)
    USART_ClockInit                          0x08003547   Thumb Code    28  stm32f4xx_usart.o(.text)
    USART_ClockStructInit                    0x08003563   Thumb Code    12  stm32f4xx_usart.o(.text)
    USART_Cmd                                0x0800356f   Thumb Code    24  stm32f4xx_usart.o(.text)
    USART_SetPrescaler                       0x08003587   Thumb Code    16  stm32f4xx_usart.o(.text)
    USART_OverSampling8Cmd                   0x08003597   Thumb Code    24  stm32f4xx_usart.o(.text)
    USART_OneBitMethodCmd                    0x080035af   Thumb Code    24  stm32f4xx_usart.o(.text)
    USART_SendData                           0x080035c7   Thumb Code     8  stm32f4xx_usart.o(.text)
    USART_ReceiveData                        0x080035cf   Thumb Code     8  stm32f4xx_usart.o(.text)
    USART_SetAddress                         0x080035d7   Thumb Code    16  stm32f4xx_usart.o(.text)
    USART_ReceiverWakeUpCmd                  0x080035e7   Thumb Code    24  stm32f4xx_usart.o(.text)
    USART_WakeUpConfig                       0x080035ff   Thumb Code    16  stm32f4xx_usart.o(.text)
    USART_LINBreakDetectLengthConfig         0x0800360f   Thumb Code    16  stm32f4xx_usart.o(.text)
    USART_LINCmd                             0x0800361f   Thumb Code    24  stm32f4xx_usart.o(.text)
    USART_SendBreak                          0x08003637   Thumb Code    10  stm32f4xx_usart.o(.text)
    USART_HalfDuplexCmd                      0x08003641   Thumb Code    24  stm32f4xx_usart.o(.text)
    USART_SetGuardTime                       0x08003659   Thumb Code    16  stm32f4xx_usart.o(.text)
    USART_SmartCardCmd                       0x08003669   Thumb Code    24  stm32f4xx_usart.o(.text)
    USART_SmartCardNACKCmd                   0x08003681   Thumb Code    24  stm32f4xx_usart.o(.text)
    USART_IrDAConfig                         0x08003699   Thumb Code    16  stm32f4xx_usart.o(.text)
    USART_IrDACmd                            0x080036a9   Thumb Code    24  stm32f4xx_usart.o(.text)
    USART_DMACmd                             0x080036c1   Thumb Code    20  stm32f4xx_usart.o(.text)
    USART_ITConfig                           0x080036d5   Thumb Code    54  stm32f4xx_usart.o(.text)
    USART_GetFlagStatus                      0x0800370b   Thumb Code    14  stm32f4xx_usart.o(.text)
    USART_ClearFlag                          0x08003719   Thumb Code     8  stm32f4xx_usart.o(.text)
    USART_GetITStatus                        0x08003721   Thumb Code    64  stm32f4xx_usart.o(.text)
    USART_ClearITPendingBit                  0x08003761   Thumb Code    16  stm32f4xx_usart.o(.text)
    delay_init                               0x08003791   Thumb Code    42  delay.o(.text)
    delay_us                                 0x080037bb   Thumb Code    46  delay.o(.text)
    delay_xms                                0x080037e9   Thumb Code    46  delay.o(.text)
    delay_ms                                 0x08003817   Thumb Code    58  delay.o(.text)
    DWT_Init                                 0x08003851   Thumb Code    26  delay.o(.text)
    DWT_DelayUS                              0x0800386b   Thumb Code    32  delay.o(.text)
    DWT_DelayMS                              0x0800388b   Thumb Code     8  delay.o(.text)
    _sys_exit                                0x080038a9   Thumb Code     2  usart.o(.text)
    fputc                                    0x080038ab   Thumb Code    14  usart.o(.text)
    uart_init                                0x080038b9   Thumb Code   184  usart.o(.text)
    USART1_IRQHandler                        0x08003971   Thumb Code    58  usart.o(.text)
    TIM3_PWM_Init                            0x080039bd   Thumb Code   152  pwm.o(.text)
    TIM2_PWM_Init                            0x08003a55   Thumb Code   172  pwm.o(.text)
    ServoControl_Open                        0x08003b01   Thumb Code    12  pwm.o(.text)
    ServoControl_Close                       0x08003b0d   Thumb Code    10  pwm.o(.text)
    TIM3_Int_Init                            0x08003b21   Thumb Code    88  timer.o(.text)
    ConfigureTimeForRunTimeStats             0x08003b79   Thumb Code    14  timer.o(.text)
    TIM5_Int_Init                            0x08003b87   Thumb Code    88  timer.o(.text)
    TIM3_IRQHandler                          0x08003bdf   Thumb Code    44  timer.o(.text)
    TIM5_IRQHandler                          0x08003c0b   Thumb Code    32  timer.o(.text)
    LED_Init                                 0x08003c39   Thumb Code    44  led.o(.text)
    LED_Open                                 0x08003c65   Thumb Code     8  led.o(.text)
    LED_Close                                0x08003c6d   Thumb Code     8  led.o(.text)
    LED_Toggle                               0x08003c75   Thumb Code     8  led.o(.text)
    adc_DMA_init                             0x08003c81   Thumb Code   214  adc.o(.text)
    Adc_Init                                 0x08003d57   Thumb Code   122  adc.o(.text)
    Adc2_Init                                0x08003dd1   Thumb Code   120  adc.o(.text)
    Get_Adc2                                 0x08003e49   Thumb Code    70  adc.o(.text)
    Get_Adc                                  0x08003e8f   Thumb Code    70  adc.o(.text)
    Get_Adc_Average                          0x08003ed5   Thumb Code   124  adc.o(.text)
    DHT11_Reset                              0x08003f71   Thumb Code    46  dht11.o(.text)
    DHT11_CheckExist                         0x08003f9f   Thumb Code   112  dht11.o(.text)
    DHT11_Read_Bit                           0x0800400f   Thumb Code    90  dht11.o(.text)
    DHT11_Read_Byte                          0x08004069   Thumb Code    52  dht11.o(.text)
    DHT11_Read_Data                          0x0800409d   Thumb Code   188  dht11.o(.text)
    DHT11_Init                               0x08004159   Thumb Code    54  dht11.o(.text)
    SGP30_GPIO_Init                          0x080041a5   Thumb Code    40  sgp30.o(.text)
    SDA_OUT                                  0x080041cd   Thumb Code    32  sgp30.o(.text)
    SDA_IN                                   0x080041ed   Thumb Code    32  sgp30.o(.text)
    SGP30_IIC_Start                          0x0800420d   Thumb Code    56  sgp30.o(.text)
    SGP30_IIC_Stop                           0x08004245   Thumb Code    56  sgp30.o(.text)
    SGP30_IIC_Wait_Ack                       0x0800427d   Thumb Code    90  sgp30.o(.text)
    SGP30_IIC_Ack                            0x080042d7   Thumb Code    56  sgp30.o(.text)
    SGP30_IIC_NAck                           0x0800430f   Thumb Code    56  sgp30.o(.text)
    SGP30_IIC_Send_Byte                      0x08004347   Thumb Code   118  sgp30.o(.text)
    SGP30_IIC_Read_Byte                      0x080043bd   Thumb Code   104  sgp30.o(.text)
    SGP30_Write                              0x08004425   Thumb Code    54  sgp30.o(.text)
    SGP30_Init                               0x0800445b   Thumb Code    16  sgp30.o(.text)
    SGP30_Read                               0x0800446b   Thumb Code    74  sgp30.o(.text)
    WateringControl_Init                     0x080044b9   Thumb Code    56  wateringcontrol.o(.text)
    WateringControl_Open                     0x080044f1   Thumb Code     8  wateringcontrol.o(.text)
    WateringControl_Close                    0x080044f9   Thumb Code     8  wateringcontrol.o(.text)
    VentilationControl_Init                  0x08004505   Thumb Code    56  ventilationcontrol.o(.text)
    VentilationControl_Open                  0x0800453d   Thumb Code     8  ventilationcontrol.o(.text)
    VentilationControl_Close                 0x08004545   Thumb Code     8  ventilationcontrol.o(.text)
    HumidifierControl_Init                   0x08004551   Thumb Code    56  humidifiercontrol.o(.text)
    HumidifierControl_Open                   0x08004589   Thumb Code     8  humidifiercontrol.o(.text)
    HumidifierControl_Close                  0x08004591   Thumb Code     8  humidifiercontrol.o(.text)
    HeatingControl_Init                      0x0800459d   Thumb Code    56  heatingcontrol.o(.text)
    HeatingControl_Open                      0x080045d5   Thumb Code     8  heatingcontrol.o(.text)
    HeatingControl_Close                     0x080045dd   Thumb Code     8  heatingcontrol.o(.text)
    LightControl_Init                        0x080045e9   Thumb Code    56  light.o(.text)
    LightControl_Open                        0x08004621   Thumb Code     8  light.o(.text)
    LightControl_Close                       0x08004629   Thumb Code     8  light.o(.text)
    IIC_Init                                 0x08004635   Thumb Code    52  myi2c.o(.text)
    IIC_Start                                0x08004669   Thumb Code    48  myi2c.o(.text)
    IIC_Stop                                 0x08004699   Thumb Code    50  myi2c.o(.text)
    IIC_Wait_Ack                             0x080046cb   Thumb Code    84  myi2c.o(.text)
    IIC_Ack                                  0x0800471f   Thumb Code    48  myi2c.o(.text)
    IIC_NACK                                 0x0800474f   Thumb Code    48  myi2c.o(.text)
    IIC_Send_Byte                            0x0800477f   Thumb Code    98  myi2c.o(.text)
    IIC_Read_Byte                            0x080047e1   Thumb Code   110  myi2c.o(.text)
    Write_IIC_Byte                           0x0800485d   Thumb Code    76  oled.o(.text)
    OLED_WriteData                           0x080048a9   Thumb Code    46  oled.o(.text)
    OLED_WriteCommand                        0x080048d7   Thumb Code    50  oled.o(.text)
    OLED_Set_Pos                             0x08004909   Thumb Code    36  oled.o(.text)
    OLED_Fill                                0x0800492d   Thumb Code    54  oled.o(.text)
    OLED_CLS                                 0x08004963   Thumb Code    52  oled.o(.text)
    OLED_Init                                0x08004997   Thumb Code   194  oled.o(.text)
    OLED_P6x8Str                             0x08004a59   Thumb Code    86  oled.o(.text)
    OLED_P8x16Str                            0x08004aaf   Thumb Code   118  oled.o(.text)
    OLED_P8x16char                           0x08004b25   Thumb Code    88  oled.o(.text)
    OLED_P16x16Ch                            0x08004b7d   Thumb Code    68  oled.o(.text)
    Draw_BMP                                 0x08004bc1   Thumb Code    64  oled.o(.text)
    OLED_SetCursor                           0x08004c01   Thumb Code    32  oled.o(.text)
    OLED_Clear                               0x08004c21   Thumb Code    56  oled.o(.text)
    OLED_ShowChar                            0x08004c59   Thumb Code    80  oled.o(.text)
    OLED_ShowString                          0x08004ca9   Thumb Code    36  oled.o(.text)
    OLED_Pow                                 0x08004ccd   Thumb Code    16  oled.o(.text)
    OLED_ShowNum                             0x08004cdd   Thumb Code    62  oled.o(.text)
    OLED_ShowSignedNum                       0x08004d1b   Thumb Code    96  oled.o(.text)
    OLED_ShowHexNum                          0x08004d7b   Thumb Code    78  oled.o(.text)
    OLED_ShowBinNum                          0x08004dc9   Thumb Code    56  oled.o(.text)
    vListInitialise                          0x08004e05   Thumb Code    22  list.o(.text)
    vListInitialiseItem                      0x08004e1b   Thumb Code     6  list.o(.text)
    vListInsertEnd                           0x08004e21   Thumb Code    24  list.o(.text)
    vListInsert                              0x08004e39   Thumb Code    48  list.o(.text)
    uxListRemove                             0x08004e69   Thumb Code    36  list.o(.text)
    xQueueGenericReset                       0x08004e8d   Thumb Code   130  queue.o(.text)
    xQueueGenericCreate                      0x08004f35   Thumb Code    64  queue.o(.text)
    xQueueGenericSend                        0x080050ed   Thumb Code   358  queue.o(.text)
    xQueueCreateMutex                        0x08005293   Thumb Code    24  queue.o(.text)
    xQueueGiveMutexRecursive                 0x080052ab   Thumb Code    62  queue.o(.text)
    xQueueGenericReceive                     0x0800532b   Thumb Code   386  queue.o(.text)
    xQueueTakeMutexRecursive                 0x080054ad   Thumb Code    70  queue.o(.text)
    xQueueCreateCountingSemaphore            0x080054f3   Thumb Code    64  queue.o(.text)
    xQueueGenericSendFromISR                 0x08005533   Thumb Code   210  queue.o(.text)
    xQueueGiveFromISR                        0x08005605   Thumb Code   184  queue.o(.text)
    xQueueReceiveFromISR                     0x080056bd   Thumb Code   152  queue.o(.text)
    xQueuePeekFromISR                        0x08005755   Thumb Code   120  queue.o(.text)
    uxQueueMessagesWaiting                   0x080057cd   Thumb Code    38  queue.o(.text)
    uxQueueSpacesAvailable                   0x080057f3   Thumb Code    42  queue.o(.text)
    uxQueueMessagesWaitingFromISR            0x0800581d   Thumb Code    28  queue.o(.text)
    vQueueUnregisterQueue                    0x08005839   Thumb Code    36  queue.o(.text)
    vQueueDelete                             0x0800585d   Thumb Code    40  queue.o(.text)
    uxQueueGetQueueNumber                    0x08005885   Thumb Code     4  queue.o(.text)
    vQueueSetQueueNumber                     0x08005889   Thumb Code     4  queue.o(.text)
    ucQueueGetQueueType                      0x0800588d   Thumb Code     6  queue.o(.text)
    xQueueIsQueueEmptyFromISR                0x08005893   Thumb Code    36  queue.o(.text)
    xQueueIsQueueFullFromISR                 0x080058b7   Thumb Code    40  queue.o(.text)
    vQueueAddToRegistry                      0x080058df   Thumb Code    32  queue.o(.text)
    pcQueueGetName                           0x080058ff   Thumb Code    34  queue.o(.text)
    vQueueWaitForMessageRestricted           0x08005921   Thumb Code    70  queue.o(.text)
    xQueueCreateSet                          0x08005967   Thumb Code     8  queue.o(.text)
    xQueueAddToSet                           0x0800596f   Thumb Code    38  queue.o(.text)
    xQueueRemoveFromSet                      0x08005995   Thumb Code    38  queue.o(.text)
    xQueueSelectFromSet                      0x080059bb   Thumb Code    18  queue.o(.text)
    xQueueSelectFromSetFromISR               0x080059cd   Thumb Code    18  queue.o(.text)
    xTaskCreate                              0x08005b49   Thumb Code    96  tasks.o(.text)
    vTaskDelete                              0x08005bdb   Thumb Code   154  tasks.o(.text)
    xTaskIncrementTick                       0x08005c75   Thumb Code   192  tasks.o(.text)
    xTaskResumeAll                           0x08005d35   Thumb Code   240  tasks.o(.text)
    vTaskSuspendAll                          0x08005e8b   Thumb Code    10  tasks.o(.text)
    vTaskDelayUntil                          0x08005e95   Thumb Code   144  tasks.o(.text)
    vTaskDelay                               0x08005f25   Thumb Code    70  tasks.o(.text)
    eTaskGetState                            0x08005f6b   Thumb Code    98  tasks.o(.text)
    uxTaskPriorityGet                        0x08005fcd   Thumb Code    24  tasks.o(.text)
    uxTaskPriorityGetFromISR                 0x08005fe5   Thumb Code    40  tasks.o(.text)
    vTaskPrioritySet                         0x0800600d   Thumb Code   192  tasks.o(.text)
    vTaskSwitchContext                       0x080060cd   Thumb Code   114  tasks.o(.text)
    vTaskSuspend                             0x0800613f   Thumb Code   156  tasks.o(.text)
    vTaskResume                              0x08006221   Thumb Code   118  tasks.o(.text)
    xTaskResumeFromISR                       0x08006297   Thumb Code   130  tasks.o(.text)
    vTaskStartScheduler                      0x08006383   Thumb Code   104  tasks.o(.text)
    vTaskEndScheduler                        0x080063eb   Thumb Code    24  tasks.o(.text)
    xTaskGetTickCount                        0x08006403   Thumb Code     6  tasks.o(.text)
    xTaskGetTickCountFromISR                 0x08006409   Thumb Code    12  tasks.o(.text)
    uxTaskGetNumberOfTasks                   0x08006415   Thumb Code     6  tasks.o(.text)
    pcTaskGetName                            0x0800641b   Thumb Code    40  tasks.o(.text)
    vTaskGetInfo                             0x08006457   Thumb Code   114  tasks.o(.text)
    uxTaskGetSystemState                     0x08006525   Thumb Code   162  tasks.o(.text)
    vTaskPlaceOnEventList                    0x080065c7   Thumb Code    48  tasks.o(.text)
    vTaskPlaceOnUnorderedEventList           0x080065f7   Thumb Code   116  tasks.o(.text)
    vTaskPlaceOnEventListRestricted          0x0800666b   Thumb Code    58  tasks.o(.text)
    xTaskRemoveFromEventList                 0x080066a5   Thumb Code   110  tasks.o(.text)
    xTaskRemoveFromUnorderedEventList        0x08006713   Thumb Code   118  tasks.o(.text)
    vTaskSetTimeOutState                     0x08006789   Thumb Code    36  tasks.o(.text)
    xTaskCheckForTimeOut                     0x080067ad   Thumb Code   112  tasks.o(.text)
    vTaskMissedYield                         0x0800681d   Thumb Code     8  tasks.o(.text)
    uxTaskGetTaskNumber                      0x08006825   Thumb Code    12  tasks.o(.text)
    vTaskSetTaskNumber                       0x08006831   Thumb Code     8  tasks.o(.text)
    xTaskGetCurrentTaskHandle                0x08006839   Thumb Code     6  tasks.o(.text)
    xTaskGetSchedulerState                   0x0800683f   Thumb Code    24  tasks.o(.text)
    vTaskPriorityInherit                     0x08006857   Thumb Code   126  tasks.o(.text)
    xTaskPriorityDisinherit                  0x080068d5   Thumb Code   144  tasks.o(.text)
    vTaskList                                0x08006989   Thumb Code   168  tasks.o(.text)
    vTaskGetRunTimeStats                     0x08006a31   Thumb Code   196  tasks.o(.text)
    uxTaskResetEventItemValue                0x08006af5   Thumb Code    20  tasks.o(.text)
    pvTaskIncrementMutexHeldCount            0x08006b09   Thumb Code    20  tasks.o(.text)
    ulTaskNotifyTake                         0x08006b1d   Thumb Code    96  tasks.o(.text)
    xTaskNotifyWait                          0x08006b7d   Thumb Code   132  tasks.o(.text)
    xTaskGenericNotify                       0x08006c01   Thumb Code   194  tasks.o(.text)
    xTaskGenericNotifyFromISR                0x08006cc3   Thumb Code   242  tasks.o(.text)
    vTaskNotifyGiveFromISR                   0x08006db5   Thumb Code   172  tasks.o(.text)
    xTaskNotifyStateClear                    0x08006e61   Thumb Code    92  tasks.o(.text)
    xTimerGenericCommand                     0x08006ef9   Thumb Code   112  timers.o(.text)
    xTimerCreateTimerTask                    0x080071df   Thumb Code    58  timers.o(.text)
    xTimerCreate                             0x0800725b   Thumb Code    46  timers.o(.text)
    xTimerGetTimerDaemonTaskHandle           0x08007289   Thumb Code   100  timers.o(.text)
    xTimerGetPeriod                          0x080072ed   Thumb Code    28  timers.o(.text)
    xTimerGetExpiryTime                      0x08007309   Thumb Code    28  timers.o(.text)
    pcTimerGetName                           0x08007325   Thumb Code    28  timers.o(.text)
    xTimerIsTimerActive                      0x08007341   Thumb Code    46  timers.o(.text)
    pvTimerGetTimerID                        0x0800736f   Thumb Code    38  timers.o(.text)
    vTimerSetTimerID                         0x08007395   Thumb Code    40  timers.o(.text)
    xTimerPendFunctionCallFromISR            0x080073bd   Thumb Code    34  timers.o(.text)
    xTimerPendFunctionCall                   0x080073df   Thumb Code    66  timers.o(.text)
    pvPortMalloc                             0x080074b7   Thumb Code   206  heap_4.o(.text)
    vPortFree                                0x08007585   Thumb Code    96  heap_4.o(.text)
    xPortGetFreeHeapSize                     0x080075e5   Thumb Code     8  heap_4.o(.text)
    xPortGetMinimumEverFreeHeapSize          0x080075ed   Thumb Code     8  heap_4.o(.text)
    vPortInitialiseBlocks                    0x080075f5   Thumb Code     2  heap_4.o(.text)
    pxPortInitialiseStack                    0x0800765d   Thumb Code    30  port.o(.text)
    vPortSetupTimerInterrupt                 0x0800767b   Thumb Code    26  port.o(.text)
    xPortStartScheduler                      0x08007695   Thumb Code   192  port.o(.text)
    vPortEndScheduler                        0x08007755   Thumb Code    24  port.o(.text)
    vPortEnterCritical                       0x0800776d   Thumb Code    52  port.o(.text)
    vPortExitCritical                        0x080077a1   Thumb Code    38  port.o(.text)
    xPortSysTickHandler                      0x080077c7   Thumb Code    40  port.o(.text)
    vPortValidateInterruptPriority           0x080077ef   Thumb Code    72  port.o(.text)
    __aeabi_memcpy                           0x08007891   Thumb Code    36  memcpya.o(.text)
    __aeabi_memcpy4                          0x08007891   Thumb Code     0  memcpya.o(.text)
    __aeabi_memcpy8                          0x08007891   Thumb Code     0  memcpya.o(.text)
    __aeabi_memset                           0x080078b5   Thumb Code    14  memseta.o(.text)
    __aeabi_memset4                          0x080078b5   Thumb Code     0  memseta.o(.text)
    __aeabi_memset8                          0x080078b5   Thumb Code     0  memseta.o(.text)
    __aeabi_memclr                           0x080078c3   Thumb Code     4  memseta.o(.text)
    __aeabi_memclr4                          0x080078c3   Thumb Code     0  memseta.o(.text)
    __aeabi_memclr8                          0x080078c3   Thumb Code     0  memseta.o(.text)
    _memset$wrapper                          0x080078c7   Thumb Code    18  memseta.o(.text)
    strlen                                   0x080078d9   Thumb Code    14  strlen.o(.text)
    strcmp                                   0x080078e7   Thumb Code    28  strcmp.o(.text)
    strcpy                                   0x08007903   Thumb Code    18  strcpy.o(.text)
    __aeabi_dadd                             0x08007915   Thumb Code   322  dadd.o(.text)
    __aeabi_dsub                             0x08007a57   Thumb Code     6  dadd.o(.text)
    __aeabi_drsub                            0x08007a5d   Thumb Code     6  dadd.o(.text)
    __aeabi_dmul                             0x08007a63   Thumb Code   228  dmul.o(.text)
    __aeabi_ddiv                             0x08007b47   Thumb Code   222  ddiv.o(.text)
    __aeabi_i2d                              0x08007c25   Thumb Code    34  dflti.o(.text)
    __aeabi_ui2d                             0x08007c47   Thumb Code    26  dfltui.o(.text)
    __aeabi_d2uiz                            0x08007c61   Thumb Code    50  dfixui.o(.text)
    __aeabi_f2d                              0x08007c93   Thumb Code    38  f2d.o(.text)
    __aeabi_d2f                              0x08007cb9   Thumb Code    56  d2f.o(.text)
    __aeabi_uidiv                            0x08007cf1   Thumb Code     0  uidiv.o(.text)
    __aeabi_uidivmod                         0x08007cf1   Thumb Code    44  uidiv.o(.text)
    __aeabi_uldivmod                         0x08007d1d   Thumb Code    98  uldiv.o(.text)
    __aeabi_llsl                             0x08007d7f   Thumb Code    30  llshl.o(.text)
    _ll_shift_l                              0x08007d7f   Thumb Code     0  llshl.o(.text)
    __aeabi_llsr                             0x08007d9d   Thumb Code    32  llushr.o(.text)
    _ll_ushift_r                             0x08007d9d   Thumb Code     0  llushr.o(.text)
    __aeabi_lasr                             0x08007dbd   Thumb Code    36  llsshr.o(.text)
    _ll_sshift_r                             0x08007dbd   Thumb Code     0  llsshr.o(.text)
    __I$use$fp                               0x08007de1   Thumb Code     0  iusefp.o(.text)
    _float_round                             0x08007de1   Thumb Code    18  fepilogue.o(.text)
    _float_epilogue                          0x08007df3   Thumb Code    92  fepilogue.o(.text)
    _double_round                            0x08007e4f   Thumb Code    30  depilogue.o(.text)
    _double_epilogue                         0x08007e6d   Thumb Code   156  depilogue.o(.text)
    __aeabi_d2ulz                            0x08007f09   Thumb Code    48  dfixul.o(.text)
    __aeabi_cdrcmple                         0x08007f39   Thumb Code    48  cdrcmple.o(.text)
    __scatterload                            0x08007f69   Thumb Code    28  init.o(.text)
    __scatterload_rt2                        0x08007f69   Thumb Code     0  init.o(.text)
    __0printf                                0x08007f8d   Thumb Code    22  printfa.o(i.__0printf)
    __1printf                                0x08007f8d   Thumb Code     0  printfa.o(i.__0printf)
    __2printf                                0x08007f8d   Thumb Code     0  printfa.o(i.__0printf)
    __c89printf                              0x08007f8d   Thumb Code     0  printfa.o(i.__0printf)
    printf                                   0x08007f8d   Thumb Code     0  printfa.o(i.__0printf)
    __0sprintf                               0x08007fad   Thumb Code    34  printfa.o(i.__0sprintf)
    __1sprintf                               0x08007fad   Thumb Code     0  printfa.o(i.__0sprintf)
    __2sprintf                               0x08007fad   Thumb Code     0  printfa.o(i.__0sprintf)
    __c89sprintf                             0x08007fad   Thumb Code     0  printfa.o(i.__0sprintf)
    sprintf                                  0x08007fad   Thumb Code     0  printfa.o(i.__0sprintf)
    __scatterload_copy                       0x08007fd5   Thumb Code    14  handlers.o(i.__scatterload_copy)
    __scatterload_null                       0x08007fe3   Thumb Code     2  handlers.o(i.__scatterload_null)
    __scatterload_zeroinit                   0x08007fe5   Thumb Code    14  handlers.o(i.__scatterload_zeroinit)
    F16x16                                   0x080088b0   Data         880  oled.o(.constdata)
    F6x8                                     0x08008c20   Data         552  oled.o(.constdata)
    F8X16                                    0x08008e48   Data        1520  oled.o(.constdata)
    OLED_F8x16                               0x08009438   Data        1520  oled.o(.constdata)
    Region$$Table$$Base                      0x08009a28   Number         0  anon$$obj.o(Region$$Table)
    Region$$Table$$Limit                     0x08009a48   Number         0  anon$$obj.o(Region$$Table)
    UsartMuxSem_Handle                       0x20000000   Data           4  main.o(.data)
    StartTask_Handler                        0x20000004   Data           4  main.o(.data)
    UsartCommandTask_Handler                 0x20000008   Data           4  main.o(.data)
    DataAcquisitionTask_Handler              0x2000000c   Data           4  main.o(.data)
    AutoModeTask_Handler                     0x20000010   Data           4  main.o(.data)
    ManualModTask_Handler                    0x20000014   Data           4  main.o(.data)
    VentilationControlTask_Handler           0x20000018   Data           4  main.o(.data)
    ServoControlTask_Handler                 0x2000001c   Data           4  main.o(.data)
    HumidifierControlTask_Handler            0x20000020   Data           4  main.o(.data)
    HeatingControlTask_Handler               0x20000024   Data           4  main.o(.data)
    WateringControlTask_Handler              0x20000028   Data           4  main.o(.data)
    LightControlTask_Handler                 0x2000002c   Data           4  main.o(.data)
    OledDisplayTask_Handler                  0x20000030   Data           4  main.o(.data)
    Dev_status__Struct                       0x20000034   Data           6  main.o(.data)
    SystemCoreClock                          0x2000003c   Data           4  system_stm32f4xx.o(.data)
    AHBPrescTable                            0x20000040   Data          16  system_stm32f4xx.o(.data)
    rx_cnt                                   0x20000064   Data           1  usart.o(.data)
    usart_idle_flag                          0x20000065   Data           1  usart.o(.data)
    __stdout                                 0x20000068   Data           4  usart.o(.data)
    FreeRTOSRunTimeTicks                     0x20000070   Data           8  timer.o(.data)
    Adc_Value                                0x20000078   Data           4  adc.o(.data)
    pxCurrentTCB                             0x2000007c   Data           4  tasks.o(.data)
    Env_Data_Struct                          0x200000f8   Data          20  main.o(.bss)
    Env_Para_Range_Struct                    0x2000010c   Data          32  main.o(.bss)
    USART_RX_BUF                             0x2000012c   Data         200  usart.o(.bss)
    xQueueRegistry                           0x200001f4   Data          64  queue.o(.bss)
    __initial_sp                             0x20005940   Data           0  startup_stm32f40_41xxx.o(STACK)



==============================================================================

Memory Map of the image

  Image Entry point : 0x08000189

  Load Region LR_IROM1 (Base: 0x08000000, Size: 0x00009b40, Max: 0x00080000, ABSOLUTE)

    Execution Region ER_IROM1 (Base: 0x08000000, Size: 0x00009a48, Max: 0x00080000, ABSOLUTE)

    Base Addr    Size         Type   Attr      Idx    E Section Name        Object

    0x08000000   0x00000188   Data   RO          300    RESET               startup_stm32f40_41xxx.o
    0x08000188   0x00000000   Code   RO         1930  * .ARM.Collect$$$$00000000  mc_w.l(entry.o)
    0x08000188   0x00000004   Code   RO         2222    .ARM.Collect$$$$00000001  mc_w.l(entry2.o)
    0x0800018c   0x00000004   Code   RO         2225    .ARM.Collect$$$$00000004  mc_w.l(entry5.o)
    0x08000190   0x00000000   Code   RO         2227    .ARM.Collect$$$$00000008  mc_w.l(entry7b.o)
    0x08000190   0x00000000   Code   RO         2229    .ARM.Collect$$$$0000000A  mc_w.l(entry8b.o)
    0x08000190   0x00000008   Code   RO         2230    .ARM.Collect$$$$0000000B  mc_w.l(entry9a.o)
    0x08000198   0x00000000   Code   RO         2232    .ARM.Collect$$$$0000000D  mc_w.l(entry10a.o)
    0x08000198   0x00000000   Code   RO         2234    .ARM.Collect$$$$0000000F  mc_w.l(entry11a.o)
    0x08000198   0x00000004   Code   RO         2223    .ARM.Collect$$$$00002712  mc_w.l(entry2.o)
    0x0800019c   0x000000b6   Code   RO         1864    .emb_text           port.o
    0x08000252   0x00000002   PAD
    0x08000254   0x000015cc   Code   RO            4    .text               main.o
    0x08001820   0x00000020   Code   RO          234    .text               stm32f4xx_it.o
    0x08001840   0x00000190   Code   RO          271    .text               system_stm32f4xx.o
    0x080019d0   0x00000024   Code   RO          301    .text               startup_stm32f40_41xxx.o
    0x080019f4   0x000000bc   Code   RO          308    .text               misc.o
    0x08001ab0   0x000003a0   Code   RO          358    .text               stm32f4xx_adc.o
    0x08001e50   0x00000344   Code   RO          625    .text               stm32f4xx_dma.o
    0x08002194   0x00000264   Code   RO          751    .text               stm32f4xx_gpio.o
    0x080023f8   0x000004e0   Code   RO          946    .text               stm32f4xx_rcc.o
    0x080028d8   0x00000ac2   Code   RO         1119    .text               stm32f4xx_tim.o
    0x0800339a   0x00000002   PAD
    0x0800339c   0x000003f4   Code   RO         1143    .text               stm32f4xx_usart.o
    0x08003790   0x00000118   Code   RO         1191    .text               delay.o
    0x080038a8   0x00000114   Code   RO         1239    .text               usart.o
    0x080039bc   0x00000164   Code   RO         1279    .text               pwm.o
    0x08003b20   0x00000118   Code   RO         1303    .text               timer.o
    0x08003c38   0x00000048   Code   RO         1333    .text               led.o
    0x08003c80   0x000002f0   Code   RO         1388    .text               adc.o
    0x08003f70   0x00000234   Code   RO         1418    .text               dht11.o
    0x080041a4   0x00000314   Code   RO         1442    .text               sgp30.o
    0x080044b8   0x0000004c   Code   RO         1466    .text               wateringcontrol.o
    0x08004504   0x0000004c   Code   RO         1490    .text               ventilationcontrol.o
    0x08004550   0x0000004c   Code   RO         1514    .text               humidifiercontrol.o
    0x0800459c   0x0000004c   Code   RO         1538    .text               heatingcontrol.o
    0x080045e8   0x0000004c   Code   RO         1562    .text               light.o
    0x08004634   0x00000228   Code   RO         1586    .text               myi2c.o
    0x0800485c   0x000005a8   Code   RO         1610    .text               oled.o
    0x08004e04   0x00000088   Code   RO         1713    .text               list.o
    0x08004e8c   0x00000b5c   Code   RO         1737    .text               queue.o
    0x080059e8   0x000014d4   Code   RO         1767    .text               tasks.o
    0x08006ebc   0x00000568   Code   RO         1810    .text               timers.o
    0x08007424   0x00000214   Code   RO         1837    .text               heap_4.o
    0x08007638   0x00000258   Code   RO         1865    .text               port.o
    0x08007890   0x00000024   Code   RO         1933    .text               mc_w.l(memcpya.o)
    0x080078b4   0x00000024   Code   RO         1935    .text               mc_w.l(memseta.o)
    0x080078d8   0x0000000e   Code   RO         1937    .text               mc_w.l(strlen.o)
    0x080078e6   0x0000001c   Code   RO         1939    .text               mc_w.l(strcmp.o)
    0x08007902   0x00000012   Code   RO         1941    .text               mc_w.l(strcpy.o)
    0x08007914   0x0000014e   Code   RO         2206    .text               mf_w.l(dadd.o)
    0x08007a62   0x000000e4   Code   RO         2208    .text               mf_w.l(dmul.o)
    0x08007b46   0x000000de   Code   RO         2210    .text               mf_w.l(ddiv.o)
    0x08007c24   0x00000022   Code   RO         2212    .text               mf_w.l(dflti.o)
    0x08007c46   0x0000001a   Code   RO         2214    .text               mf_w.l(dfltui.o)
    0x08007c60   0x00000032   Code   RO         2216    .text               mf_w.l(dfixui.o)
    0x08007c92   0x00000026   Code   RO         2218    .text               mf_w.l(f2d.o)
    0x08007cb8   0x00000038   Code   RO         2220    .text               mf_w.l(d2f.o)
    0x08007cf0   0x0000002c   Code   RO         2236    .text               mc_w.l(uidiv.o)
    0x08007d1c   0x00000062   Code   RO         2238    .text               mc_w.l(uldiv.o)
    0x08007d7e   0x0000001e   Code   RO         2240    .text               mc_w.l(llshl.o)
    0x08007d9c   0x00000020   Code   RO         2242    .text               mc_w.l(llushr.o)
    0x08007dbc   0x00000024   Code   RO         2244    .text               mc_w.l(llsshr.o)
    0x08007de0   0x00000000   Code   RO         2246    .text               mc_w.l(iusefp.o)
    0x08007de0   0x0000006e   Code   RO         2247    .text               mf_w.l(fepilogue.o)
    0x08007e4e   0x000000ba   Code   RO         2249    .text               mf_w.l(depilogue.o)
    0x08007f08   0x00000030   Code   RO         2251    .text               mf_w.l(dfixul.o)
    0x08007f38   0x00000030   Code   RO         2253    .text               mf_w.l(cdrcmple.o)
    0x08007f68   0x00000024   Code   RO         2255    .text               mc_w.l(init.o)
    0x08007f8c   0x00000020   Code   RO         2178    i.__0printf         mc_w.l(printfa.o)
    0x08007fac   0x00000028   Code   RO         2180    i.__0sprintf        mc_w.l(printfa.o)
    0x08007fd4   0x0000000e   Code   RO         2259    i.__scatterload_copy  mc_w.l(handlers.o)
    0x08007fe2   0x00000002   Code   RO         2260    i.__scatterload_null  mc_w.l(handlers.o)
    0x08007fe4   0x0000000e   Code   RO         2261    i.__scatterload_zeroinit  mc_w.l(handlers.o)
    0x08007ff2   0x00000002   PAD
    0x08007ff4   0x00000184   Code   RO         2185    i._fp_digits        mc_w.l(printfa.o)
    0x08008178   0x000006dc   Code   RO         2186    i._printf_core      mc_w.l(printfa.o)
    0x08008854   0x00000024   Code   RO         2187    i._printf_post_padding  mc_w.l(printfa.o)
    0x08008878   0x0000002e   Code   RO         2188    i._printf_pre_padding  mc_w.l(printfa.o)
    0x080088a6   0x0000000a   Code   RO         2190    i._sputc            mc_w.l(printfa.o)
    0x080088b0   0x00001178   Data   RO         1611    .constdata          oled.o
    0x08009a28   0x00000020   Data   RO         2257    Region$$Table       anon$$obj.o


    Execution Region RW_IRAM1 (Base: 0x20000000, Size: 0x00005940, Max: 0x00020000, ABSOLUTE)

    Base Addr    Size         Type   Attr      Idx    E Section Name        Object

    0x20000000   0x0000003a   Data   RW            7    .data               main.o
    0x2000003a   0x00000002   PAD
    0x2000003c   0x00000014   Data   RW          272    .data               system_stm32f4xx.o
    0x20000050   0x00000010   Data   RW          947    .data               stm32f4xx_rcc.o
    0x20000060   0x00000004   Data   RW         1192    .data               delay.o
    0x20000064   0x00000002   Data   RW         1241    .data               usart.o
    0x20000066   0x00000002   PAD
    0x20000068   0x00000004   Data   RW         1243    .data               usart.o
    0x2000006c   0x00000004   PAD
    0x20000070   0x00000008   Data   RW         1304    .data               timer.o
    0x20000078   0x00000004   Data   RW         1389    .data               adc.o
    0x2000007c   0x00000044   Data   RW         1769    .data               tasks.o
    0x200000c0   0x00000014   Data   RW         1812    .data               timers.o
    0x200000d4   0x00000018   Data   RW         1839    .data               heap_4.o
    0x200000ec   0x0000000c   Data   RW         1866    .data               port.o
    0x200000f8   0x00000034   Zero   RW            5    .bss                main.o
    0x2000012c   0x000000c8   Zero   RW         1240    .bss                usart.o
    0x200001f4   0x00000040   Zero   RW         1738    .bss                queue.o
    0x20000234   0x000002e4   Zero   RW         1768    .bss                tasks.o
    0x20000518   0x00000028   Zero   RW         1811    .bss                timers.o
    0x20000540   0x00005000   Zero   RW         1838    .bss                heap_4.o
    0x20005540   0x00000400   Zero   RW          298    STACK               startup_stm32f40_41xxx.o


==============================================================================

Image component sizes


      Code (inc. data)   RO Data    RW Data    ZI Data      Debug   Object Name

       752         32          0          4          0       2755   adc.o
       280         22          0          4          0       2062   delay.o
       564         22          0          0          0       2041   dht11.o
         0          0          0          0          0       9400   event_groups.o
       532         66          0         24      20480       3624   heap_4.o
        76          4          0          0          0        819   heatingcontrol.o
        76          4          0          0          0        852   humidifiercontrol.o
        72          4          0          0          0        789   led.o
        76          4          0          0          0        789   light.o
       136          0          0          0          0       2002   list.o
      5580       1710          0         58         52     317624   main.o
       188         14          0          0          0     245121   misc.o
       552         14          0          0          0       1964   myi2c.o
      1448         22       4472          0          0       7541   oled.o
       782        106          0         12          0       8375   port.o
       356         10          0          0          0       1435   pwm.o
      2908         52          0          0         64      17770   queue.o
       788          4          0          0          0       3034   sgp30.o
        36          8        392          0       1024        852   startup_stm32f40_41xxx.o
       928         26          0          0          0      11450   stm32f4xx_adc.o
       836         34          0          0          0       7029   stm32f4xx_dma.o
       612         44          0          0          0       4817   stm32f4xx_gpio.o
        32          0          0          0          0       1215   stm32f4xx_it.o
      1248         52          0         16          0      13804   stm32f4xx_rcc.o
      2754         60          0          0          0      25016   stm32f4xx_tim.o
      1012         32          0          0          0       8848   stm32f4xx_usart.o
       400         36          0         20          0       1959   system_stm32f4xx.o
      5332        194          0         68        740      34389   tasks.o
       280         14          0          8          0       1754   timer.o
      1384         88          0         20         40       9276   timers.o
       276         18          0          6        200       3553   usart.o
        76          4          0          0          0        859   ventilationcontrol.o
        76          4          0          0          0        834   wateringcontrol.o

    ----------------------------------------------------------------------
     30452       2704       4896        248      22600     753652   Object Totals
         0          0         32          0          0          0   (incl. Generated)
         4          0          0          8          0          0   (incl. Padding)

    ----------------------------------------------------------------------

      Code (inc. data)   RO Data    RW Data    ZI Data      Debug   Library Member Name

         0          0          0          0          0          0   entry.o
         0          0          0          0          0          0   entry10a.o
         0          0          0          0          0          0   entry11a.o
         8          4          0          0          0          0   entry2.o
         4          0          0          0          0          0   entry5.o
         0          0          0          0          0          0   entry7b.o
         0          0          0          0          0          0   entry8b.o
         8          4          0          0          0          0   entry9a.o
        30          0          0          0          0          0   handlers.o
        36          8          0          0          0         68   init.o
         0          0          0          0          0          0   iusefp.o
        30          0          0          0          0         68   llshl.o
        36          0          0          0          0         68   llsshr.o
        32          0          0          0          0         68   llushr.o
        36          0          0          0          0         68   memcpya.o
        36          0          0          0          0        108   memseta.o
      2308         96          0          0          0        604   printfa.o
        28          0          0          0          0         76   strcmp.o
        18          0          0          0          0         68   strcpy.o
        14          0          0          0          0         68   strlen.o
        44          0          0          0          0         80   uidiv.o
        98          0          0          0          0         92   uldiv.o
        48          0          0          0          0         68   cdrcmple.o
        56          0          0          0          0         88   d2f.o
       334          0          0          0          0        148   dadd.o
       222          0          0          0          0        100   ddiv.o
       186          0          0          0          0        176   depilogue.o
        50          0          0          0          0         76   dfixui.o
        48          0          0          0          0         68   dfixul.o
        34          0          0          0          0         76   dflti.o
        26          0          0          0          0         76   dfltui.o
       228          0          0          0          0         96   dmul.o
        38          0          0          0          0         68   f2d.o
       110          0          0          0          0        168   fepilogue.o

    ----------------------------------------------------------------------
      4148        112          0          0          0       2644   Library Totals
         2          0          0          0          0          0   (incl. Padding)

    ----------------------------------------------------------------------

      Code (inc. data)   RO Data    RW Data    ZI Data      Debug   Library Name

      2766        112          0          0          0       1436   mc_w.l
      1380          0          0          0          0       1208   mf_w.l

    ----------------------------------------------------------------------
      4148        112          0          0          0       2644   Library Totals

    ----------------------------------------------------------------------

==============================================================================


      Code (inc. data)   RO Data    RW Data    ZI Data      Debug   

     34600       2816       4896        248      22600     748196   Grand Totals
     34600       2816       4896        248      22600     748196   ELF Image Totals
     34600       2816       4896        248          0          0   ROM Totals

==============================================================================

    Total RO  Size (Code + RO Data)                39496 (  38.57kB)
    Total RW  Size (RW Data + ZI Data)             22848 (  22.31kB)
    Total ROM Size (Code + RO Data + RW Data)      39744 (  38.81kB)

==============================================================================

