Component: ARM Compiler 5.06 update 6 (build 750) Tool: armlink [4d35ed]

==============================================================================

Section Cross References

    main.o(.text) refers to led.o(.text) for LED_Toggle
    main.o(.text) refers to tasks.o(.text) for vTaskDelay
    main.o(.text) refers to printf3.o(i.__0printf$3) for __2printf
    main.o(.text) refers to port.o(.text) for vPortEnterCritical
    main.o(.text) refers to delay.o(.text) for delay_init
    main.o(.text) refers to usart.o(.text) for uart_init
    main.o(.text) refers to oled.o(.text) for OLED_Init
    main.o(.text) refers to adc.o(.text) for Adc_Init
    main.o(.text) refers to dht11.o(.text) for DHT11_Init
    main.o(.text) refers to pwm.o(.text) for TIM2_PWM_Init
    main.o(.text) refers to main.o(.data) for .data
    stm32f4xx_it.o(.text) refers to tasks.o(.text) for xTaskGetSchedulerState
    stm32f4xx_it.o(.text) refers to port.o(.text) for xPortSysTickHandler
    system_stm32f4xx.o(.text) refers to system_stm32f4xx.o(.data) for .data
    startup_stm32f40_41xxx.o(RESET) refers to startup_stm32f40_41xxx.o(STACK) for __initial_sp
    startup_stm32f40_41xxx.o(RESET) refers to startup_stm32f40_41xxx.o(.text) for Reset_Handler
    startup_stm32f40_41xxx.o(RESET) refers to stm32f4xx_it.o(.text) for NMI_Handler
    startup_stm32f40_41xxx.o(RESET) refers to port.o(.emb_text) for SVC_Handler
    startup_stm32f40_41xxx.o(RESET) refers to timer.o(.text) for TIM3_IRQHandler
    startup_stm32f40_41xxx.o(RESET) refers to usart.o(.text) for USART1_IRQHandler
    startup_stm32f40_41xxx.o(.text) refers to system_stm32f4xx.o(.text) for SystemInit
    startup_stm32f40_41xxx.o(.text) refers to entry.o(.ARM.Collect$$$$00000000) for __main
    stm32f4xx_adc.o(.text) refers to stm32f4xx_rcc.o(.text) for RCC_APB2PeriphResetCmd
    stm32f4xx_can.o(.text) refers to stm32f4xx_rcc.o(.text) for RCC_APB1PeriphResetCmd
    stm32f4xx_cryp.o(.text) refers to stm32f4xx_rcc.o(.text) for RCC_AHB2PeriphResetCmd
    stm32f4xx_cryp_aes.o(.text) refers to stm32f4xx_cryp.o(.text) for CRYP_KeyStructInit
    stm32f4xx_cryp_des.o(.text) refers to stm32f4xx_cryp.o(.text) for CRYP_KeyStructInit
    stm32f4xx_cryp_tdes.o(.text) refers to stm32f4xx_cryp.o(.text) for CRYP_KeyStructInit
    stm32f4xx_dac.o(.text) refers to stm32f4xx_rcc.o(.text) for RCC_APB1PeriphResetCmd
    stm32f4xx_dma2d.o(.text) refers to stm32f4xx_rcc.o(.text) for RCC_AHB1PeriphResetCmd
    stm32f4xx_fsmc.o(.text) refers to stm32f4xx_fsmc.o(.constdata) for .constdata
    stm32f4xx_gpio.o(.text) refers to stm32f4xx_rcc.o(.text) for RCC_AHB1PeriphResetCmd
    stm32f4xx_hash.o(.text) refers to stm32f4xx_rcc.o(.text) for RCC_AHB2PeriphResetCmd
    stm32f4xx_hash_md5.o(.text) refers to stm32f4xx_hash.o(.text) for HASH_DeInit
    stm32f4xx_hash_sha1.o(.text) refers to stm32f4xx_hash.o(.text) for HASH_DeInit
    stm32f4xx_i2c.o(.text) refers to stm32f4xx_rcc.o(.text) for RCC_APB1PeriphResetCmd
    stm32f4xx_ltdc.o(.text) refers to stm32f4xx_rcc.o(.text) for RCC_APB2PeriphResetCmd
    stm32f4xx_pwr.o(.text) refers to stm32f4xx_rcc.o(.text) for RCC_APB1PeriphResetCmd
    stm32f4xx_rcc.o(.text) refers to stm32f4xx_rcc.o(.data) for .data
    stm32f4xx_rng.o(.text) refers to stm32f4xx_rcc.o(.text) for RCC_AHB2PeriphResetCmd
    stm32f4xx_sai.o(.text) refers to stm32f4xx_rcc.o(.text) for RCC_APB2PeriphResetCmd
    stm32f4xx_sdio.o(.text) refers to stm32f4xx_rcc.o(.text) for RCC_APB2PeriphResetCmd
    stm32f4xx_spi.o(.text) refers to stm32f4xx_rcc.o(.text) for RCC_APB2PeriphResetCmd
    stm32f4xx_syscfg.o(.text) refers to stm32f4xx_rcc.o(.text) for RCC_APB2PeriphResetCmd
    stm32f4xx_tim.o(.text) refers to stm32f4xx_rcc.o(.text) for RCC_APB2PeriphResetCmd
    stm32f4xx_usart.o(.text) refers to stm32f4xx_rcc.o(.text) for RCC_APB2PeriphResetCmd
    stm32f4xx_wwdg.o(.text) refers to stm32f4xx_rcc.o(.text) for RCC_APB1PeriphResetCmd
    delay.o(.text) refers to misc.o(.text) for SysTick_CLKSourceConfig
    delay.o(.text) refers to delay.o(.data) for .data
    usart.o(.text) refers to stm32f4xx_rcc.o(.text) for RCC_AHB1PeriphClockCmd
    usart.o(.text) refers to stm32f4xx_gpio.o(.text) for GPIO_PinAFConfig
    usart.o(.text) refers to stm32f4xx_usart.o(.text) for USART_Init
    usart.o(.text) refers to misc.o(.text) for NVIC_Init
    usart.o(.text) refers to usart.o(.data) for .data
    usart.o(.text) refers to usart.o(.bss) for .bss
    pwm.o(.text) refers to stm32f4xx_rcc.o(.text) for RCC_APB1PeriphClockCmd
    pwm.o(.text) refers to stm32f4xx_gpio.o(.text) for GPIO_PinAFConfig
    pwm.o(.text) refers to stm32f4xx_tim.o(.text) for TIM_TimeBaseInit
    timer.o(.text) refers to stm32f4xx_rcc.o(.text) for RCC_APB1PeriphClockCmd
    timer.o(.text) refers to stm32f4xx_tim.o(.text) for TIM_TimeBaseInit
    timer.o(.text) refers to misc.o(.text) for NVIC_Init
    timer.o(.text) refers to led.o(.text) for LED_Toggle
    led.o(.text) refers to stm32f4xx_rcc.o(.text) for RCC_AHB1PeriphClockCmd
[...]
    ..\\FreeRTOS\\portable\\RVDS\\ARM_CM4F\\port.c 0x00000000   Number         0  port.o ABSOLUTE
    ..\\FreeRTOS\\queue.c                    0x00000000   Number         0  queue.o ABSOLUTE
    ..\\FreeRTOS\\tasks.c                    0x00000000   Number         0  tasks.o ABSOLUTE
    ..\\FreeRTOS\\timers.c                   0x00000000   Number         0  timers.o ABSOLUTE
    ..\\SYSTEM\\KEY\\key.c                   0x00000000   Number         0  key.o ABSOLUTE
    ..\\SYSTEM\\LED\\led.c                   0x00000000   Number         0  led.o ABSOLUTE
    ..\\SYSTEM\\PWM\\pwm.c                   0x00000000   Number         0  pwm.o ABSOLUTE
    ..\\SYSTEM\\TIMER\\timer.c               0x00000000   Number         0  timer.o ABSOLUTE
    ..\\SYSTEM\\delay\\delay.c               0x00000000   Number         0  delay.o ABSOLUTE
    ..\\SYSTEM\\dht11\\dht11.c               0x00000000   Number         0  dht11.o ABSOLUTE
    ..\\SYSTEM\\oled\\oled.c                 0x00000000   Number         0  oled.o ABSOLUTE
    ..\\SYSTEM\\photosensitive_sensor\\ADC.c 0x00000000   Number         0  adc.o ABSOLUTE
    ..\\SYSTEM\\sys\\sys.c                   0x00000000   Number         0  sys.o ABSOLUTE
    ..\\SYSTEM\\usart\\usart.c               0x00000000   Number         0  usart.o ABSOLUTE
    cdcmple.s                                0x00000000   Number         0  cdcmple.o ABSOLUTE
    cdrcmple.s                               0x00000000   Number         0  cdrcmple.o ABSOLUTE
    dc.s                                     0x00000000   Number         0  dc.o ABSOLUTE
    handlers.s                               0x00000000   Number         0  handlers.o ABSOLUTE
    init.s                                   0x00000000   Number         0  init.o ABSOLUTE
    main.c                                   0x00000000   Number         0  main.o ABSOLUTE
    main.c                                   0x00000000   Number         0  main.o ABSOLUTE
    stm32f4xx_it.c                           0x00000000   Number         0  stm32f4xx_it.o ABSOLUTE
    stm32f4xx_it.c                           0x00000000   Number         0  stm32f4xx_it.o ABSOLUTE
    system_stm32f4xx.c                       0x00000000   Number         0  system_stm32f4xx.o ABSOLUTE
    system_stm32f4xx.c                       0x00000000   Number         0  system_stm32f4xx.o ABSOLUTE
    RESET                                    0x08000000   Section      392  startup_stm32f40_41xxx.o(RESET)
    .ARM.Collect$$$$00000000                 0x08000188   Section        0  entry.o(.ARM.Collect$$$$00000000)
    .ARM.Collect$$$$00000001                 0x08000188   Section        4  entry2.o(.ARM.Collect$$$$00000001)
    .ARM.Collect$$$$00000004                 0x0800018c   Section        4  entry5.o(.ARM.Collect$$$$00000004)
    .ARM.Collect$$$$00000008                 0x08000190   Section        0  entry7b.o(.ARM.Collect$$$$00000008)
    .ARM.Collect$$$$0000000A                 0x08000190   Section        0  entry8b.o(.ARM.Collect$$$$0000000A)
    .ARM.Collect$$$$0000000B                 0x08000190   Section        8  entry9a.o(.ARM.Collect$$$$0000000B)
    .ARM.Collect$$$$0000000D                 0x08000198   Section        0  entry10a.o(.ARM.Collect$$$$0000000D)
    .ARM.Collect$$$$0000000F                 0x08000198   Section        0  entry11a.o(.ARM.Collect$$$$0000000F)
    .ARM.Collect$$$$00002712                 0x08000198   Section        4  entry2.o(.ARM.Collect$$$$00002712)
    __lit__00000000                          0x08000198   Data           4  entry2.o(.ARM.Collect$$$$00002712)
    .emb_text                                0x0800019c   Section      182  port.o(.emb_text)
    $v0                                      0x0800019c   Number         0  port.o(.emb_text)
    .text                                    0x08000254   Section        0  main.o(.text)
    .text                                    0x08000380   Section        0  stm32f4xx_it.o(.text)
    .text                                    0x080003a0   Section        0  system_stm32f4xx.o(.text)
    SetSysClock                              0x080003a1   Thumb Code   168  system_stm32f4xx.o(.text)
    .text                                    0x08000530   Section       36  startup_stm32f40_41xxx.o(.text)
    $v0                                      0x08000530   Number         0  startup_stm32f40_41xxx.o(.text)
    .text                                    0x08000554   Section        0  misc.o(.text)
    .text                                    0x08000610   Section        0  stm32f4xx_adc.o(.text)
    .text                                    0x080009b0   Section        0  stm32f4xx_dma.o(.text)
    .text                                    0x08000cf4   Section        0  stm32f4xx_gpio.o(.text)
    .text                                    0x08000f58   Section        0  stm32f4xx_rcc.o(.text)
    .text                                    0x08001438   Section        0  stm32f4xx_tim.o(.text)
    TI4_Config                               0x08001ae5   Thumb Code    54  stm32f4xx_tim.o(.text)
    TI3_Config                               0x08001b2b   Thumb Code    50  stm32f4xx_tim.o(.text)
    TI2_Config                               0x08001b75   Thumb Code    54  stm32f4xx_tim.o(.text)
    TI1_Config                               0x08001bbb   Thumb Code    46  stm32f4xx_tim.o(.text)
    .text                                    0x08001efc   Section        0  stm32f4xx_usart.o(.text)
    .text                                    0x080022f0   Section        0  delay.o(.text)
    .text                                    0x080023b4   Section        0  usart.o(.text)
    .text                                    0x080024c8   Section        0  pwm.o(.text)
    .text                                    0x08002614   Section        0  timer.o(.text)
    .text                                    0x08002704   Section        0  led.o(.text)
    .text                                    0x0800274c   Section        0  oled.o(.text)
    .text                                    0x08003290   Section        0  adc.o(.text)
    .text                                    0x080035b0   Section        0  dht11.o(.text)
    .text                                    0x08003784   Section        0  list.o(.text)
    .text                                    0x0800380c   Section        0  queue.o(.text)
    prvInitialiseNewQueue                    0x0800388f   Thumb Code    38  queue.o(.text)
    prvCopyDataToQueue                       0x080038f5   Thumb Code   110  queue.o(.text)
    prvNotifyQueueSetContainer               0x08003963   Thumb Code   110  queue.o(.text)
    prvUnlockQueue                           0x080039d1   Thumb Code   126  queue.o(.text)
    prvIsQueueFull                           0x08003a4f   Thumb Code    30  queue.o(.text)
    prvInitialiseMutex                       0x08003bd3   Thumb Code    64  queue.o(.text)
    prvIsQueueEmpty                          0x08003c69   Thumb Code    26  queue.o(.text)
    prvCopyDataFromQueue                     0x08003c83   Thumb Code    40  queue.o(.text)
    .text                                    0x08004368   Section        0  tasks.o(.text)
    prvInitialiseTaskLists                   0x08004369   Thumb Code    74  tasks.o(.text)
    prvAddNewTaskToReadyList                 0x080043b3   Thumb Code   126  tasks.o(.text)
    prvInitialiseNewTask                     0x08004431   Thumb Code   150  tasks.o(.text)
    prvResetNextTaskUnblockTime              0x08004527   Thumb Code    30  tasks.o(.text)
    prvDeleteTCB                             0x08004545   Thumb Code    20  tasks.o(.text)
    prvAddCurrentTaskToDelayedList           0x080047a5   Thumb Code   102  tasks.o(.text)
    prvTaskIsTaskSuspended                   0x08004b41   Thumb Code    50  tasks.o(.text)
    prvCheckTasksWaitingTermination          0x08004c7f   Thumb Code    76  tasks.o(.text)
    prvIdleTask                              0x08004ccb   Thumb Code    30  tasks.o(.text)
    prvTaskCheckFreeStackSpace               0x08004da5   Thumb Code    20  tasks.o(.text)
    prvListTasksWithinSingleList             0x08004e31   Thumb Code    90  tasks.o(.text)
    prvWriteNameToBuffer                     0x080052c3   Thumb Code    36  tasks.o(.text)
    .text                                    0x08005758   Section        0  timers.o(.text)
    prvInsertTimerInActiveList               0x08005759   Thumb Code    60  timers.o(.text)
    prvSwitchTimerLists                      0x08005805   Thumb Code   100  timers.o(.text)
    prvSampleTimeNow                         0x08005869   Thumb Code    38  timers.o(.text)
    prvProcessReceivedCommands               0x0800588f   Thumb Code   196  timers.o(.text)
    prvProcessExpiredTimer                   0x08005953   Thumb Code    84  timers.o(.text)
    prvProcessTimerOrBlockTask               0x080059a7   Thumb Code   100  timers.o(.text)
    prvGetNextExpireTime                     0x08005a0b   Thumb Code    30  timers.o(.text)
    prvTimerTask                             0x08005a29   Thumb Code    20  timers.o(.text)
    prvCheckForValidListAndQueue             0x08005a3d   Thumb Code    62  timers.o(.text)
    prvInitialiseNewTimer                    0x08005ab5   Thumb Code    66  timers.o(.text)
    .text                                    0x08005cc0   Section        0  heap_4.o(.text)
    prvInsertBlockIntoFreeList               0x08005cc1   Thumb Code    78  heap_4.o(.text)
    prvHeapInit                              0x08005d0f   Thumb Code    68  heap_4.o(.text)
    .text                                    0x08005ed4   Section        0  port.o(.text)
    prvTaskExitError                         0x08005ed5   Thumb Code    36  port.o(.text)
    .text                                    0x0800612c   Section        0  memcpya.o(.text)
    .text                                    0x08006150   Section        0  memseta.o(.text)
    .text                                    0x08006174   Section        0  strlen.o(.text)
    .text                                    0x08006182   Section        0  strcpy.o(.text)
    .text                                    0x08006194   Section        0  dadd.o(.text)
    .text                                    0x080062e2   Section        0  dmul.o(.text)
    .text                                    0x080063c6   Section        0  ddiv.o(.text)
    .text                                    0x080064a4   Section        0  dflti.o(.text)
    .text                                    0x080064c6   Section        0  dfltui.o(.text)
    .text                                    0x080064e0   Section        0  dfixi.o(.text)
    .text                                    0x0800651e   Section        0  dfixui.o(.text)
    .text                                    0x08006550   Section       48  cdcmple.o(.text)
    .text                                    0x08006580   Section        0  uidiv.o(.text)
    .text                                    0x080065ac   Section        0  llshl.o(.text)
    .text                                    0x080065ca   Section        0  llushr.o(.text)
    .text                                    0x080065ea   Section        0  llsshr.o(.text)
    .text                                    0x0800660e   Section        0  depilogue.o(.text)
    .text                                    0x0800660e   Section        0  iusefp.o(.text)
    .text                                    0x080066c8   Section       36  init.o(.text)
    i.__0printf$3                            0x080066ec   Section        0  printf3.o(i.__0printf$3)
    i.__0sprintf$3                           0x0800670c   Section        0  printf3.o(i.__0sprintf$3)
    i.__scatterload_copy                     0x08006734   Section       14  handlers.o(i.__scatterload_copy)
    i.__scatterload_null                     0x08006742   Section        2  handlers.o(i.__scatterload_null)
    i.__scatterload_zeroinit                 0x08006744   Section       14  handlers.o(i.__scatterload_zeroinit)
    i._printf_core                           0x08006754   Section        0  printf3.o(i._printf_core)
    _printf_core                             0x08006755   Thumb Code   436  printf3.o(i._printf_core)
    i._sputc                                 0x0800690c   Section        0  printf3.o(i._sputc)
    _sputc                                   0x0800690d   Thumb Code    10  printf3.o(i._sputc)
    .constdata                               0x08006916   Section     2072  oled.o(.constdata)
    .data                                    0x20000000   Section       16  main.o(.data)
    .data                                    0x20000010   Section       20  system_stm32f4xx.o(.data)
    .data                                    0x20000024   Section       16  stm32f4xx_rcc.o(.data)
    APBAHBPrescTable                         0x20000024   Data          16  stm32f4xx_rcc.o(.data)
    .data                                    0x20000034   Section        4  delay.o(.data)
    fac_us                                   0x20000034   Data           1  delay.o(.data)
    fac_ms                                   0x20000036   Data           2  delay.o(.data)
    .data                                    0x20000038   Section        2  usart.o(.data)
    .data                                    0x2000003c   Section        4  usart.o(.data)
    .data                                    0x20000040   Section       60  tasks.o(.data)
    uxDeletedTasksWaitingCleanUp             0x20000044   Data           4  tasks.o(.data)
    uxCurrentNumberOfTasks                   0x20000048   Data           4  tasks.o(.data)
    xTickCount                               0x2000004c   Data           4  tasks.o(.data)
    uxTopReadyPriority                       0x20000050   Data           4  tasks.o(.data)
    xSchedulerRunning                        0x20000054   Data           4  tasks.o(.data)
    uxPendedTicks                            0x20000058   Data           4  tasks.o(.data)
    xYieldPending                            0x2000005c   Data           4  tasks.o(.data)
    xNumOfOverflows                          0x20000060   Data           4  tasks.o(.data)
    uxTaskNumber                             0x20000064   Data           4  tasks.o(.data)
    xNextTaskUnblockTime                     0x20000068   Data           4  tasks.o(.data)
    xIdleTaskHandle                          0x2000006c   Data           4  tasks.o(.data)
    uxSchedulerSuspended                     0x20000070   Data           4  tasks.o(.data)
    pxDelayedTaskList                        0x20000074   Data           4  tasks.o(.data)
    pxOverflowDelayedTaskList                0x20000078   Data           4  tasks.o(.data)
    .data                                    0x2000007c   Section       20  timers.o(.data)
    xTimerQueue                              0x2000007c   Data           4  timers.o(.data)
    xTimerTaskHandle                         0x20000080   Data           4  timers.o(.data)
    xLastTime                                0x20000084   Data           4  timers.o(.data)
    pxCurrentTimerList                       0x20000088   Data           4  timers.o(.data)
    pxOverflowTimerList                      0x2000008c   Data           4  timers.o(.data)
    .data                                    0x20000090   Section       24  heap_4.o(.data)
    pxEnd                                    0x20000090   Data           4  heap_4.o(.data)
    xFreeBytesRemaining                      0x20000094   Data           4  heap_4.o(.data)
    xMinimumEverFreeBytesRemaining           0x20000098   Data           4  heap_4.o(.data)
    xBlockAllocatedBit                       0x2000009c   Data           4  heap_4.o(.data)
    xStart                                   0x200000a0   Data           8  heap_4.o(.data)
    .data                                    0x200000a8   Section       12  port.o(.data)
    ucMaxSysCallPriority                     0x200000a8   Data           1  port.o(.data)
    uxCriticalNesting                        0x200000ac   Data           4  port.o(.data)
    ulMaxPRIGROUPValue                       0x200000b0   Data           4  port.o(.data)
    .bss                                     0x200000b4   Section      200  usart.o(.bss)
    .bss                                     0x2000017c   Section       12  adc.o(.bss)
    .bss                                     0x20000188   Section       64  queue.o(.bss)
    .bss                                     0x200001c8   Section      740  tasks.o(.bss)
    pxReadyTasksLists                        0x200001c8   Data         640  tasks.o(.bss)
    xDelayedTaskList1                        0x20000448   Data          20  tasks.o(.bss)
    xDelayedTaskList2                        0x2000045c   Data          20  tasks.o(.bss)
    xPendingReadyList                        0x20000470   Data          20  tasks.o(.bss)
    xTasksWaitingTermination                 0x20000484   Data          20  tasks.o(.bss)
    xSuspendedTaskList                       0x20000498   Data          20  tasks.o(.bss)
    .bss                                     0x200004ac   Section       40  timers.o(.bss)
    xActiveTimerList1                        0x200004ac   Data          20  timers.o(.bss)
    xActiveTimerList2                        0x200004c0   Data          20  timers.o(.bss)
    .bss                                     0x200004d4   Section    20480  heap_4.o(.bss)
    ucHeap                                   0x200004d4   Data       20480  heap_4.o(.bss)
    STACK                                    0x200054d8   Section     1024  startup_stm32f40_41xxx.o(STACK)

    Global Symbols

    Symbol Name                              Value     Ov Type        Size  Object(Section)

    BuildAttributes$$THM_ISAv4$E$P$D$K$B$S$7EM$VFPi3$EXTD16$VFPS$VFMA$PE$A:L22UL41UL21$X:L11$S22US41US21$IEEE1$IW$USESV6$~STKCKD$USESV7$~SHL$OSPACE$ROPI$EBA8$MICROLIB$REQ8$PRES8$EABIv2 0x00000000   Number         0  anon$$obj.o ABSOLUTE
    __ARM_use_no_argv                        0x00000000   Number         0  main.o ABSOLUTE
    __use_no_errno                           0x00000000   Number         0  useno.o ABSOLUTE
    __use_no_exception_handling              0x00000000   Number         0  useno.o ABSOLUTE
    __use_no_fp                              0x00000000   Number         0  useno.o ABSOLUTE
    __use_no_heap                            0x00000000   Number         0  useno.o ABSOLUTE
    __use_no_heap_region                     0x00000000   Number         0  useno.o ABSOLUTE
    __use_no_semihosting                     0x00000000   Number         0  useno.o ABSOLUTE
    __use_no_semihosting_swi                 0x00000000   Number         0  useno.o ABSOLUTE
    __use_no_signal_handling                 0x00000000   Number         0  useno.o ABSOLUTE
    _printf_a                                0x00000000   Number         0  stubs.o ABSOLUTE
    _printf_c                                0x00000000   Number         0  stubs.o ABSOLUTE
    _printf_charcount                        0x00000000   Number         0  stubs.o ABSOLUTE
    _printf_d                                0x00000000   Number         0  stubs.o ABSOLUTE
    _printf_e                                0x00000000   Number         0  stubs.o ABSOLUTE
    _printf_f                                0x00000000   Number         0  stubs.o ABSOLUTE
    _printf_flags                            0x00000000   Number         0  stubs.o ABSOLUTE
    _printf_fp_dec                           0x00000000   Number         0  stubs.o ABSOLUTE
    _printf_fp_hex                           0x00000000   Number         0  stubs.o ABSOLUTE
    _printf_g                                0x00000000   Number         0  stubs.o ABSOLUTE
    _printf_i                                0x00000000   Number         0  stubs.o ABSOLUTE
    _printf_int_dec                          0x00000000   Number         0  stubs.o ABSOLUTE
    _printf_l                                0x00000000   Number         0  stubs.o ABSOLUTE
    _printf_lc                               0x00000000   Number         0  stubs.o ABSOLUTE
    _printf_ll                               0x00000000   Number         0  stubs.o ABSOLUTE
    _printf_lld                              0x00000000   Number         0  stubs.o ABSOLUTE
    _printf_lli                              0x00000000   Number         0  stubs.o ABSOLUTE
    _printf_llo                              0x00000000   Number         0  stubs.o ABSOLUTE
    _printf_llu                              0x00000000   Number         0  stubs.o ABSOLUTE
    _printf_llx                              0x00000000   Number         0  stubs.o ABSOLUTE
    _printf_longlong_dec                     0x00000000   Number         0  stubs.o ABSOLUTE
    _printf_longlong_hex                     0x00000000   Number         0  stubs.o ABSOLUTE
    _printf_longlong_oct                     0x00000000   Number         0  stubs.o ABSOLUTE
    _printf_ls                               0x00000000   Number         0  stubs.o ABSOLUTE
    _printf_mbtowc                           0x00000000   Number         0  stubs.o ABSOLUTE
    _printf_n                                0x00000000   Number         0  stubs.o ABSOLUTE
    _printf_o                                0x00000000   Number         0  stubs.o ABSOLUTE
    _printf_p                                0x00000000   Number         0  stubs.o ABSOLUTE
    _printf_percent                          0x00000000   Number         0  stubs.o ABSOLUTE
    _printf_pre_padding                      0x00000000   Number         0  stubs.o ABSOLUTE
    _printf_return_value                     0x00000000   Number         0  stubs.o ABSOLUTE
    _printf_s                                0x00000000   Number         0  stubs.o ABSOLUTE
    _printf_sizespec                         0x00000000   Number         0  stubs.o ABSOLUTE
    _printf_str                              0x00000000   Number         0  stubs.o ABSOLUTE
    _printf_truncate_signed                  0x00000000   Number         0  stubs.o ABSOLUTE
    _printf_truncate_unsigned                0x00000000   Number         0  stubs.o ABSOLUTE
    _printf_u                                0x00000000   Number         0  stubs.o ABSOLUTE
    _printf_wc                               0x00000000   Number         0  stubs.o ABSOLUTE
    _printf_wctomb                           0x00000000   Number         0  stubs.o ABSOLUTE
    _printf_widthprec                        0x00000000   Number         0  stubs.o ABSOLUTE
    _printf_x                                0x00000000   Number         0  stubs.o ABSOLUTE
    __cpp_initialize__aeabi_                  - Undefined Weak Reference
    __cxa_finalize                            - Undefined Weak Reference
    __decompress                              - Undefined Weak Reference
    _clock_init                               - Undefined Weak Reference
    _microlib_exit                            - Undefined Weak Reference
    __Vectors_Size                           0x00000188   Number         0  startup_stm32f40_41xxx.o ABSOLUTE
    __Vectors                                0x08000000   Data           4  startup_stm32f40_41xxx.o(RESET)
    __Vectors_End                            0x08000188   Data           0  startup_stm32f40_41xxx.o(RESET)
    __main                                   0x08000189   Thumb Code     0  entry.o(.ARM.Collect$$$$00000000)
    _main_stk                                0x08000189   Thumb Code     0  entry2.o(.ARM.Collect$$$$00000001)
    _main_scatterload                        0x0800018d   Thumb Code     0  entry5.o(.ARM.Collect$$$$00000004)
    __main_after_scatterload                 0x08000191   Thumb Code     0  entry5.o(.ARM.Collect$$$$00000004)
    _main_clock                              0x08000191   Thumb Code     0  entry7b.o(.ARM.Collect$$$$00000008)
    _main_cpp_init                           0x08000191   Thumb Code     0  entry8b.o(.ARM.Collect$$$$0000000A)
    _main_init                               0x08000191   Thumb Code     0  entry9a.o(.ARM.Collect$$$$0000000B)
    __rt_final_cpp                           0x08000199   Thumb Code     0  entry10a.o(.ARM.Collect$$$$0000000D)
    __rt_final_exit                          0x08000199   Thumb Code     0  entry11a.o(.ARM.Collect$$$$0000000F)
    SVC_Handler                              0x0800019d   Thumb Code    28  port.o(.emb_text)
    __asm___6_port_c_39a90d8d__prvStartFirstTask 0x080001bd   Thumb Code    28  port.o(.emb_text)
    __asm___6_port_c_39a90d8d__prvEnableVFP  0x080001dd   Thumb Code    16  port.o(.emb_text)
    PendSV_Handler                           0x080001f1   Thumb Code    88  port.o(.emb_text)
    vPortGetIPSR                             0x0800024d   Thumb Code     6  port.o(.emb_text)
    led_task                                 0x08000255   Thumb Code    16  main.o(.text)
    print2Task                               0x08000265   Thumb Code    14  main.o(.text)
    print1Task                               0x08000273   Thumb Code    14  main.o(.text)
    start_task                               0x08000281   Thumb Code    94  main.o(.text)
    main                                     0x080002df   Thumb Code    94  main.o(.text)
    NMI_Handler                              0x08000381   Thumb Code     2  stm32f4xx_it.o(.text)
    HardFault_Handler                        0x08000383   Thumb Code     2  stm32f4xx_it.o(.text)
    MemManage_Handler                        0x08000385   Thumb Code     2  stm32f4xx_it.o(.text)
    BusFault_Handler                         0x08000387   Thumb Code     2  stm32f4xx_it.o(.text)
    UsageFault_Handler                       0x08000389   Thumb Code     2  stm32f4xx_it.o(.text)
    DebugMon_Handler                         0x0800038b   Thumb Code     2  stm32f4xx_it.o(.text)
    SysTick_Handler                          0x0800038d   Thumb Code    20  stm32f4xx_it.o(.text)
    SystemInit                               0x08000449   Thumb Code    74  system_stm32f4xx.o(.text)
    SystemCoreClockUpdate                    0x08000493   Thumb Code   122  system_stm32f4xx.o(.text)
    Reset_Handler                            0x08000531   Thumb Code     8  startup_stm32f40_41xxx.o(.text)
    ADC_IRQHandler                           0x0800054b   Thumb Code     0  startup_stm32f40_41xxx.o(.text)
    CAN1_RX0_IRQHandler                      0x0800054b   Thumb Code     0  startup_stm32f40_41xxx.o(.text)
    CAN1_RX1_IRQHandler                      0x0800054b   Thumb Code     0  startup_stm32f40_41xxx.o(.text)
    CAN1_SCE_IRQHandler                      0x0800054b   Thumb Code     0  startup_stm32f40_41xxx.o(.text)
    CAN1_TX_IRQHandler                       0x0800054b   Thumb Code     0  startup_stm32f40_41xxx.o(.text)
    CAN2_RX0_IRQHandler                      0x0800054b   Thumb Code     0  startup_stm32f40_41xxx.o(.text)
    CAN2_RX1_IRQHandler                      0x0800054b   Thumb Code     0  startup_stm32f40_41xxx.o(.text)
    CAN2_SCE_IRQHandler                      0x0800054b   Thumb Code     0  startup_stm32f40_41xxx.o(.text)
    CAN2_TX_IRQHandler                       0x0800054b   Thumb Code     0  startup_stm32f40_41xxx.o(.text)
    CRYP_IRQHandler                          0x0800054b   Thumb Code     0  startup_stm32f40_41xxx.o(.text)
    DCMI_IRQHandler                          0x0800054b   Thumb Code     0  startup_stm32f40_41xxx.o(.text)
    DMA1_Stream0_IRQHandler                  0x0800054b   Thumb Code     0  startup_stm32f40_41xxx.o(.text)
    DMA1_Stream1_IRQHandler                  0x0800054b   Thumb Code     0  startup_stm32f40_41xxx.o(.text)
    DMA1_Stream2_IRQHandler                  0x0800054b   Thumb Code     0  startup_stm32f40_41xxx.o(.text)
    DMA1_Stream3_IRQHandler                  0x0800054b   Thumb Code     0  startup_stm32f40_41xxx.o(.text)
    DMA1_Stream4_IRQHandler                  0x0800054b   Thumb Code     0  startup_stm32f40_41xxx.o(.text)
    DMA1_Stream5_IRQHandler                  0x0800054b   Thumb Code     0  startup_stm32f40_41xxx.o(.text)
    DMA1_Stream6_IRQHandler                  0x0800054b   Thumb Code     0  startup_stm32f40_41xxx.o(.text)
    DMA1_Stream7_IRQHandler                  0x0800054b   Thumb Code     0  startup_stm32f40_41xxx.o(.text)
    DMA2_Stream0_IRQHandler                  0x0800054b   Thumb Code     0  startup_stm32f40_41xxx.o(.text)
    DMA2_Stream1_IRQHandler                  0x0800054b   Thumb Code     0  startup_stm32f40_41xxx.o(.text)
    DMA2_Stream2_IRQHandler                  0x0800054b   Thumb Code     0  startup_stm32f40_41xxx.o(.text)
    DMA2_Stream3_IRQHandler                  0x0800054b   Thumb Code     0  startup_stm32f40_41xxx.o(.text)
    DMA2_Stream4_IRQHandler                  0x0800054b   Thumb Code     0  startup_stm32f40_41xxx.o(.text)
    DMA2_Stream5_IRQHandler                  0x0800054b   Thumb Code     0  startup_stm32f40_41xxx.o(.text)
    DMA2_Stream6_IRQHandler                  0x0800054b   Thumb Code     0  startup_stm32f40_41xxx.o(.text)
    DMA2_Stream7_IRQHandler                  0x0800054b   Thumb Code     0  startup_stm32f40_41xxx.o(.text)
    ETH_IRQHandler                           0x0800054b   Thumb Code     0  startup_stm32f40_41xxx.o(.text)
    ETH_WKUP_IRQHandler                      0x0800054b   Thumb Code     0  startup_stm32f40_41xxx.o(.text)
    EXTI0_IRQHandler                         0x0800054b   Thumb Code     0  startup_stm32f40_41xxx.o(.text)
    EXTI15_10_IRQHandler                     0x0800054b   Thumb Code     0  startup_stm32f40_41xxx.o(.text)
    EXTI1_IRQHandler                         0x0800054b   Thumb Code     0  startup_stm32f40_41xxx.o(.text)
    EXTI2_IRQHandler                         0x0800054b   Thumb Code     0  startup_stm32f40_41xxx.o(.text)
    EXTI3_IRQHandler                         0x0800054b   Thumb Code     0  startup_stm32f40_41xxx.o(.text)
    EXTI4_IRQHandler                         0x0800054b   Thumb Code     0  startup_stm32f40_41xxx.o(.text)
    EXTI9_5_IRQHandler                       0x0800054b   Thumb Code     0  startup_stm32f40_41xxx.o(.text)
    FLASH_IRQHandler                         0x0800054b   Thumb Code     0  startup_stm32f40_41xxx.o(.text)
    FPU_IRQHandler                           0x0800054b   Thumb Code     0  startup_stm32f40_41xxx.o(.text)
    FSMC_IRQHandler                          0x0800054b   Thumb Code     0  startup_stm32f40_41xxx.o(.text)
    HASH_RNG_IRQHandler                      0x0800054b   Thumb Code     0  startup_stm32f40_41xxx.o(.text)
    I2C1_ER_IRQHandler                       0x0800054b   Thumb Code     0  startup_stm32f40_41xxx.o(.text)
    I2C1_EV_IRQHandler                       0x0800054b   Thumb Code     0  startup_stm32f40_41xxx.o(.text)
    I2C2_ER_IRQHandler                       0x0800054b   Thumb Code     0  startup_stm32f40_41xxx.o(.text)
    I2C2_EV_IRQHandler                       0x0800054b   Thumb Code     0  startup_stm32f40_41xxx.o(.text)
    I2C3_ER_IRQHandler                       0x0800054b   Thumb Code     0  startup_stm32f40_41xxx.o(.text)
    I2C3_EV_IRQHandler                       0x0800054b   Thumb Code     0  startup_stm32f40_41xxx.o(.text)
    OTG_FS_IRQHandler                        0x0800054b   Thumb Code     0  startup_stm32f40_41xxx.o(.text)
    OTG_FS_WKUP_IRQHandler                   0x0800054b   Thumb Code     0  startup_stm32f40_41xxx.o(.text)
    OTG_HS_EP1_IN_IRQHandler                 0x0800054b   Thumb Code     0  startup_stm32f40_41xxx.o(.text)
    OTG_HS_EP1_OUT_IRQHandler                0x0800054b   Thumb Code     0  startup_stm32f40_41xxx.o(.text)
    OTG_HS_IRQHandler                        0x0800054b   Thumb Code     0  startup_stm32f40_41xxx.o(.text)
    OTG_HS_WKUP_IRQHandler                   0x0800054b   Thumb Code     0  startup_stm32f40_41xxx.o(.text)
    PVD_IRQHandler                           0x0800054b   Thumb Code     0  startup_stm32f40_41xxx.o(.text)
    RCC_IRQHandler                           0x0800054b   Thumb Code     0  startup_stm32f40_41xxx.o(.text)
    RTC_Alarm_IRQHandler                     0x0800054b   Thumb Code     0  startup_stm32f40_41xxx.o(.text)
    RTC_WKUP_IRQHandler                      0x0800054b   Thumb Code     0  startup_stm32f40_41xxx.o(.text)
    SDIO_IRQHandler                          0x0800054b   Thumb Code     0  startup_stm32f40_41xxx.o(.text)
    SPI1_IRQHandler                          0x0800054b   Thumb Code     0  startup_stm32f40_41xxx.o(.text)
    SPI2_IRQHandler                          0x0800054b   Thumb Code     0  startup_stm32f40_41xxx.o(.text)
    SPI3_IRQHandler                          0x0800054b   Thumb Code     0  startup_stm32f40_41xxx.o(.text)
    TAMP_STAMP_IRQHandler                    0x0800054b   Thumb Code     0  startup_stm32f40_41xxx.o(.text)
    TIM1_BRK_TIM9_IRQHandler                 0x0800054b   Thumb Code     0  startup_stm32f40_41xxx.o(.text)
    TIM1_CC_IRQHandler                       0x0800054b   Thumb Code     0  startup_stm32f40_41xxx.o(.text)
    TIM1_TRG_COM_TIM11_IRQHandler            0x0800054b   Thumb Code     0  startup_stm32f40_41xxx.o(.text)
    TIM1_UP_TIM10_IRQHandler                 0x0800054b   Thumb Code     0  startup_stm32f40_41xxx.o(.text)
    TIM2_IRQHandler                          0x0800054b   Thumb Code     0  startup_stm32f40_41xxx.o(.text)
    TIM4_IRQHandler                          0x0800054b   Thumb Code     0  startup_stm32f40_41xxx.o(.text)
    TIM6_DAC_IRQHandler                      0x0800054b   Thumb Code     0  startup_stm32f40_41xxx.o(.text)
    TIM7_IRQHandler                          0x0800054b   Thumb Code     0  startup_stm32f40_41xxx.o(.text)
    TIM8_BRK_TIM12_IRQHandler                0x0800054b   Thumb Code     0  startup_stm32f40_41xxx.o(.text)
    TIM8_CC_IRQHandler                       0x0800054b   Thumb Code     0  startup_stm32f40_41xxx.o(.text)
    TIM8_TRG_COM_TIM14_IRQHandler            0x0800054b   Thumb Code     0  startup_stm32f40_41xxx.o(.text)
    TIM8_UP_TIM13_IRQHandler                 0x0800054b   Thumb Code     0  startup_stm32f40_41xxx.o(.text)
    UART4_IRQHandler                         0x0800054b   Thumb Code     0  startup_stm32f40_41xxx.o(.text)
    UART5_IRQHandler                         0x0800054b   Thumb Code     0  startup_stm32f40_41xxx.o(.text)
    USART2_IRQHandler                        0x0800054b   Thumb Code     0  startup_stm32f40_41xxx.o(.text)
    USART3_IRQHandler                        0x0800054b   Thumb Code     0  startup_stm32f40_41xxx.o(.text)
    USART6_IRQHandler                        0x0800054b   Thumb Code     0  startup_stm32f40_41xxx.o(.text)
    WWDG_IRQHandler                          0x0800054b   Thumb Code     0  startup_stm32f40_41xxx.o(.text)
    NVIC_PriorityGroupConfig                 0x08000555   Thumb Code    10  misc.o(.text)
    NVIC_Init                                0x0800055f   Thumb Code    98  misc.o(.text)
    NVIC_SetVectorTable                      0x080005c1   Thumb Code    14  misc.o(.text)
    NVIC_SystemLPConfig                      0x080005cf   Thumb Code    24  misc.o(.text)
    SysTick_CLKSourceConfig                  0x080005e7   Thumb Code    28  misc.o(.text)
    ADC_DeInit                               0x08000611   Thumb Code    24  stm32f4xx_adc.o(.text)
    ADC_Init                                 0x08000629   Thumb Code    66  stm32f4xx_adc.o(.text)
    ADC_StructInit                           0x0800066b   Thumb Code    20  stm32f4xx_adc.o(.text)
    ADC_CommonInit                           0x0800067f   Thumb Code    30  stm32f4xx_adc.o(.text)
    ADC_CommonStructInit                     0x0800069d   Thumb Code    12  stm32f4xx_adc.o(.text)
    ADC_Cmd                                  0x080006a9   Thumb Code    24  stm32f4xx_adc.o(.text)
    ADC_AnalogWatchdogCmd                    0x080006c1   Thumb Code    12  stm32f4xx_adc.o(.text)
    ADC_AnalogWatchdogThresholdsConfig       0x080006cd   Thumb Code     6  stm32f4xx_adc.o(.text)
    ADC_AnalogWatchdogSingleChannelConfig    0x080006d3   Thumb Code    12  stm32f4xx_adc.o(.text)
    ADC_TempSensorVrefintCmd                 0x080006df   Thumb Code    34  stm32f4xx_adc.o(.text)
    ADC_VBATCmd                              0x08000701   Thumb Code    34  stm32f4xx_adc.o(.text)
    ADC_RegularChannelConfig                 0x08000723   Thumb Code   116  stm32f4xx_adc.o(.text)
    ADC_SoftwareStartConv                    0x08000797   Thumb Code    10  stm32f4xx_adc.o(.text)
    ADC_GetSoftwareStartConvStatus           0x080007a1   Thumb Code    14  stm32f4xx_adc.o(.text)
    ADC_EOCOnEachRegularChannelCmd           0x080007af   Thumb Code    24  stm32f4xx_adc.o(.text)
    ADC_ContinuousModeCmd                    0x080007c7   Thumb Code    24  stm32f4xx_adc.o(.text)
    ADC_DiscModeChannelCountConfig           0x080007df   Thumb Code    16  stm32f4xx_adc.o(.text)
    ADC_DiscModeCmd                          0x080007ef   Thumb Code    24  stm32f4xx_adc.o(.text)
    ADC_GetConversionValue                   0x08000807   Thumb Code     6  stm32f4xx_adc.o(.text)
    ADC_GetMultiModeConversionValue          0x0800080d   Thumb Code     8  stm32f4xx_adc.o(.text)
    ADC_DMACmd                               0x08000815   Thumb Code    24  stm32f4xx_adc.o(.text)
    ADC_DMARequestAfterLastTransferCmd       0x0800082d   Thumb Code    24  stm32f4xx_adc.o(.text)
    ADC_MultiModeDMARequestAfterLastTransferCmd 0x08000845   Thumb Code    34  stm32f4xx_adc.o(.text)
    ADC_InjectedChannelConfig                0x08000867   Thumb Code    74  stm32f4xx_adc.o(.text)
    ADC_InjectedSequencerLengthConfig        0x080008b1   Thumb Code    16  stm32f4xx_adc.o(.text)
    ADC_SetInjectedOffset                    0x080008c1   Thumb Code    16  stm32f4xx_adc.o(.text)
    ADC_ExternalTrigInjectedConvConfig       0x080008d1   Thumb Code    12  stm32f4xx_adc.o(.text)
    ADC_ExternalTrigInjectedConvEdgeConfig   0x080008dd   Thumb Code    12  stm32f4xx_adc.o(.text)
    ADC_SoftwareStartInjectedConv            0x080008e9   Thumb Code    10  stm32f4xx_adc.o(.text)
    ADC_GetSoftwareStartInjectedConvCmdStatus 0x080008f3   Thumb Code    14  stm32f4xx_adc.o(.text)
    ADC_AutoInjectedConvCmd                  0x08000901   Thumb Code    24  stm32f4xx_adc.o(.text)
    ADC_InjectedDiscModeCmd                  0x08000919   Thumb Code    24  stm32f4xx_adc.o(.text)
    ADC_GetInjectedConversionValue           0x08000931   Thumb Code    20  stm32f4xx_adc.o(.text)
    ADC_ITConfig                             0x08000945   Thumb Code    24  stm32f4xx_adc.o(.text)
    ADC_GetFlagStatus                        0x0800095d   Thumb Code    14  stm32f4xx_adc.o(.text)
    ADC_ClearFlag                            0x0800096b   Thumb Code     6  stm32f4xx_adc.o(.text)
    ADC_GetITStatus                          0x08000971   Thumb Code    30  stm32f4xx_adc.o(.text)
    ADC_ClearITPendingBit                    0x0800098f   Thumb Code     8  stm32f4xx_adc.o(.text)
    DMA_DeInit                               0x080009b1   Thumb Code   278  stm32f4xx_dma.o(.text)
    DMA_Init                                 0x08000ac7   Thumb Code    80  stm32f4xx_dma.o(.text)
    DMA_StructInit                           0x08000b17   Thumb Code    34  stm32f4xx_dma.o(.text)
    DMA_Cmd                                  0x08000b39   Thumb Code    24  stm32f4xx_dma.o(.text)
    DMA_PeriphIncOffsetSizeConfig            0x08000b51   Thumb Code    24  stm32f4xx_dma.o(.text)
    DMA_FlowControllerConfig                 0x08000b69   Thumb Code    24  stm32f4xx_dma.o(.text)
    DMA_SetCurrDataCounter                   0x08000b81   Thumb Code     4  stm32f4xx_dma.o(.text)
    DMA_GetCurrDataCounter                   0x08000b85   Thumb Code     6  stm32f4xx_dma.o(.text)
    DMA_DoubleBufferModeConfig               0x08000b8b   Thumb Code    26  stm32f4xx_dma.o(.text)
    DMA_DoubleBufferModeCmd                  0x08000ba5   Thumb Code    24  stm32f4xx_dma.o(.text)
    DMA_MemoryTargetConfig                   0x08000bbd   Thumb Code    12  stm32f4xx_dma.o(.text)
    DMA_GetCurrentMemoryTarget               0x08000bc9   Thumb Code    14  stm32f4xx_dma.o(.text)
    DMA_GetCmdStatus                         0x08000bd7   Thumb Code    14  stm32f4xx_dma.o(.text)
    DMA_GetFIFOStatus                        0x08000be5   Thumb Code     8  stm32f4xx_dma.o(.text)
    DMA_GetFlagStatus                        0x08000bed   Thumb Code    42  stm32f4xx_dma.o(.text)
    DMA_ClearFlag                            0x08000c17   Thumb Code    34  stm32f4xx_dma.o(.text)
    DMA_ITConfig                             0x08000c39   Thumb Code    50  stm32f4xx_dma.o(.text)
    DMA_GetITStatus                          0x08000c6b   Thumb Code    70  stm32f4xx_dma.o(.text)
    DMA_ClearITPendingBit                    0x08000cb1   Thumb Code    34  stm32f4xx_dma.o(.text)
    GPIO_DeInit                              0x08000cf5   Thumb Code   296  stm32f4xx_gpio.o(.text)
    GPIO_Init                                0x08000e1d   Thumb Code   124  stm32f4xx_gpio.o(.text)
    GPIO_StructInit                          0x08000e99   Thumb Code    18  stm32f4xx_gpio.o(.text)
    GPIO_PinLockConfig                       0x08000eab   Thumb Code    26  stm32f4xx_gpio.o(.text)
    GPIO_ReadInputDataBit                    0x08000ec5   Thumb Code    14  stm32f4xx_gpio.o(.text)
    GPIO_ReadInputData                       0x08000ed3   Thumb Code     6  stm32f4xx_gpio.o(.text)
    GPIO_ReadOutputDataBit                   0x08000ed9   Thumb Code    14  stm32f4xx_gpio.o(.text)
    GPIO_ReadOutputData                      0x08000ee7   Thumb Code     6  stm32f4xx_gpio.o(.text)
    GPIO_SetBits                             0x08000eed   Thumb Code     4  stm32f4xx_gpio.o(.text)
    GPIO_ResetBits                           0x08000ef1   Thumb Code     4  stm32f4xx_gpio.o(.text)
    GPIO_WriteBit                            0x08000ef5   Thumb Code    12  stm32f4xx_gpio.o(.text)
    GPIO_Write                               0x08000f01   Thumb Code     4  stm32f4xx_gpio.o(.text)
    GPIO_ToggleBits                          0x08000f05   Thumb Code     8  stm32f4xx_gpio.o(.text)
    GPIO_PinAFConfig                         0x08000f0d   Thumb Code    32  stm32f4xx_gpio.o(.text)
    RCC_DeInit                               0x08000f59   Thumb Code    68  stm32f4xx_rcc.o(.text)
    RCC_HSEConfig                            0x08000f9d   Thumb Code    12  stm32f4xx_rcc.o(.text)
    RCC_GetFlagStatus                        0x08000fa9   Thumb Code    50  stm32f4xx_rcc.o(.text)
    RCC_WaitForHSEStartUp                    0x08000fdb   Thumb Code    48  stm32f4xx_rcc.o(.text)
    RCC_AdjustHSICalibrationValue            0x0800100b   Thumb Code    16  stm32f4xx_rcc.o(.text)
    RCC_HSICmd                               0x0800101b   Thumb Code     6  stm32f4xx_rcc.o(.text)
    RCC_LSEConfig                            0x08001021   Thumb Code    30  stm32f4xx_rcc.o(.text)
    RCC_LSICmd                               0x0800103f   Thumb Code     6  stm32f4xx_rcc.o(.text)
    RCC_PLLConfig                            0x08001045   Thumb Code    34  stm32f4xx_rcc.o(.text)
    RCC_PLLCmd                               0x08001067   Thumb Code     6  stm32f4xx_rcc.o(.text)
    RCC_PLLI2SConfig                         0x0800106d   Thumb Code    14  stm32f4xx_rcc.o(.text)
    RCC_PLLI2SCmd                            0x0800107b   Thumb Code     6  stm32f4xx_rcc.o(.text)
    RCC_PLLSAIConfig                         0x08001081   Thumb Code    18  stm32f4xx_rcc.o(.text)
    RCC_PLLSAICmd                            0x08001093   Thumb Code     6  stm32f4xx_rcc.o(.text)
    RCC_ClockSecuritySystemCmd               0x08001099   Thumb Code     6  stm32f4xx_rcc.o(.text)
    RCC_MCO1Config                           0x0800109f   Thumb Code    18  stm32f4xx_rcc.o(.text)
    RCC_MCO2Config                           0x080010b1   Thumb Code    18  stm32f4xx_rcc.o(.text)
    RCC_SYSCLKConfig                         0x080010c3   Thumb Code    16  stm32f4xx_rcc.o(.text)
    RCC_GetSYSCLKSource                      0x080010d3   Thumb Code    12  stm32f4xx_rcc.o(.text)
    RCC_HCLKConfig                           0x080010df   Thumb Code    16  stm32f4xx_rcc.o(.text)
    RCC_PCLK1Config                          0x080010ef   Thumb Code    16  stm32f4xx_rcc.o(.text)
    RCC_PCLK2Config                          0x080010ff   Thumb Code    18  stm32f4xx_rcc.o(.text)
    RCC_GetClocksFreq                        0x08001111   Thumb Code   150  stm32f4xx_rcc.o(.text)
    RCC_RTCCLKConfig                         0x080011a7   Thumb Code    42  stm32f4xx_rcc.o(.text)
    RCC_RTCCLKCmd                            0x080011d1   Thumb Code     8  stm32f4xx_rcc.o(.text)
    RCC_BackupResetCmd                       0x080011d9   Thumb Code     8  stm32f4xx_rcc.o(.text)
    RCC_I2SCLKConfig                         0x080011e1   Thumb Code     6  stm32f4xx_rcc.o(.text)
    RCC_SAIPLLI2SClkDivConfig                0x080011e7   Thumb Code    18  stm32f4xx_rcc.o(.text)
    RCC_SAIPLLSAIClkDivConfig                0x080011f9   Thumb Code    20  stm32f4xx_rcc.o(.text)
    RCC_SAIBlockACLKConfig                   0x0800120d   Thumb Code    16  stm32f4xx_rcc.o(.text)
    RCC_SAIBlockBCLKConfig                   0x0800121d   Thumb Code    16  stm32f4xx_rcc.o(.text)
    RCC_LTDCCLKDivConfig                     0x0800122d   Thumb Code    16  stm32f4xx_rcc.o(.text)
    RCC_TIMCLKPresConfig                     0x0800123d   Thumb Code     6  stm32f4xx_rcc.o(.text)
    RCC_AHB1PeriphClockCmd                   0x08001243   Thumb Code    24  stm32f4xx_rcc.o(.text)
    RCC_AHB2PeriphClockCmd                   0x0800125b   Thumb Code    24  stm32f4xx_rcc.o(.text)
    RCC_AHB3PeriphClockCmd                   0x08001273   Thumb Code    24  stm32f4xx_rcc.o(.text)
    RCC_APB1PeriphClockCmd                   0x0800128b   Thumb Code    24  stm32f4xx_rcc.o(.text)
    RCC_APB2PeriphClockCmd                   0x080012a3   Thumb Code    24  stm32f4xx_rcc.o(.text)
    RCC_AHB1PeriphResetCmd                   0x080012bb   Thumb Code    24  stm32f4xx_rcc.o(.text)
    RCC_AHB2PeriphResetCmd                   0x080012d3   Thumb Code    24  stm32f4xx_rcc.o(.text)
    RCC_AHB3PeriphResetCmd                   0x080012eb   Thumb Code    24  stm32f4xx_rcc.o(.text)
    RCC_APB1PeriphResetCmd                   0x08001303   Thumb Code    24  stm32f4xx_rcc.o(.text)
    RCC_APB2PeriphResetCmd                   0x0800131b   Thumb Code    24  stm32f4xx_rcc.o(.text)
    RCC_AHB1PeriphClockLPModeCmd             0x08001333   Thumb Code    70  stm32f4xx_rcc.o(.text)
    RCC_AHB2PeriphClockLPModeCmd             0x08001379   Thumb Code    22  stm32f4xx_rcc.o(.text)
    RCC_AHB3PeriphClockLPModeCmd             0x0800138f   Thumb Code    24  stm32f4xx_rcc.o(.text)
    RCC_APB1PeriphClockLPModeCmd             0x080013a7   Thumb Code    24  stm32f4xx_rcc.o(.text)
    RCC_APB2PeriphClockLPModeCmd             0x080013bf   Thumb Code    24  stm32f4xx_rcc.o(.text)
    RCC_LSEModeConfig                        0x080013d7   Thumb Code    28  stm32f4xx_rcc.o(.text)
    RCC_ITConfig                             0x080013f3   Thumb Code    24  stm32f4xx_rcc.o(.text)
    RCC_ClearFlag                            0x0800140b   Thumb Code    14  stm32f4xx_rcc.o(.text)
    RCC_GetITStatus                          0x08001419   Thumb Code    18  stm32f4xx_rcc.o(.text)
    RCC_ClearITPendingBit                    0x0800142b   Thumb Code     8  stm32f4xx_rcc.o(.text)
    TIM_DeInit                               0x08001439   Thumb Code   376  stm32f4xx_tim.o(.text)
    TIM_TimeBaseInit                         0x080015b1   Thumb Code    96  stm32f4xx_tim.o(.text)
    TIM_TimeBaseStructInit                   0x08001611   Thumb Code    18  stm32f4xx_tim.o(.text)
    TIM_PrescalerConfig                      0x08001623   Thumb Code     6  stm32f4xx_tim.o(.text)
    TIM_CounterModeConfig                    0x08001629   Thumb Code    12  stm32f4xx_tim.o(.text)
    TIM_SetCounter                           0x08001635   Thumb Code     4  stm32f4xx_tim.o(.text)
    TIM_SetAutoreload                        0x08001639   Thumb Code     4  stm32f4xx_tim.o(.text)
    TIM_GetCounter                           0x0800163d   Thumb Code     4  stm32f4xx_tim.o(.text)
    TIM_GetPrescaler                         0x08001641   Thumb Code     4  stm32f4xx_tim.o(.text)
    TIM_UpdateDisableConfig                  0x08001645   Thumb Code    24  stm32f4xx_tim.o(.text)
    TIM_UpdateRequestConfig                  0x0800165d   Thumb Code    24  stm32f4xx_tim.o(.text)
    TIM_ARRPreloadConfig                     0x08001675   Thumb Code    24  stm32f4xx_tim.o(.text)
    TIM_SelectOnePulseMode                   0x0800168d   Thumb Code    16  stm32f4xx_tim.o(.text)
    TIM_SetClockDivision                     0x0800169d   Thumb Code    16  stm32f4xx_tim.o(.text)
    TIM_Cmd                                  0x080016ad   Thumb Code    24  stm32f4xx_tim.o(.text)
    TIM_OC1Init                              0x080016c5   Thumb Code    96  stm32f4xx_tim.o(.text)
    TIM_OC2Init                              0x08001725   Thumb Code   128  stm32f4xx_tim.o(.text)
    TIM_OC3Init                              0x080017a5   Thumb Code   176  stm32f4xx_tim.o(.text)
    TIM_OC4Init                              0x08001855   Thumb Code    92  stm32f4xx_tim.o(.text)
    TIM_OCStructInit                         0x080018b1   Thumb Code    20  stm32f4xx_tim.o(.text)
    TIM_SelectOCxM                           0x080018c5   Thumb Code    80  stm32f4xx_tim.o(.text)
    TIM_SetCompare1                          0x08001915   Thumb Code     4  stm32f4xx_tim.o(.text)
    TIM_SetCompare2                          0x08001919   Thumb Code     4  stm32f4xx_tim.o(.text)
    TIM_SetCompare3                          0x0800191d   Thumb Code     4  stm32f4xx_tim.o(.text)
    TIM_SetCompare4                          0x08001921   Thumb Code     4  stm32f4xx_tim.o(.text)
    TIM_ForcedOC1Config                      0x08001925   Thumb Code    12  stm32f4xx_tim.o(.text)
    TIM_ForcedOC2Config                      0x08001931   Thumb Code    20  stm32f4xx_tim.o(.text)
    TIM_ForcedOC3Config                      0x08001945   Thumb Code    12  stm32f4xx_tim.o(.text)
    TIM_ForcedOC4Config                      0x08001951   Thumb Code    20  stm32f4xx_tim.o(.text)
    TIM_OC1PreloadConfig                     0x08001965   Thumb Code    12  stm32f4xx_tim.o(.text)
    TIM_OC2PreloadConfig                     0x08001971   Thumb Code    20  stm32f4xx_tim.o(.text)
    TIM_OC3PreloadConfig                     0x08001985   Thumb Code    12  stm32f4xx_tim.o(.text)
    TIM_OC4PreloadConfig                     0x08001991   Thumb Code    20  stm32f4xx_tim.o(.text)
    TIM_OC1FastConfig                        0x080019a5   Thumb Code    12  stm32f4xx_tim.o(.text)
    TIM_OC2FastConfig                        0x080019b1   Thumb Code    20  stm32f4xx_tim.o(.text)
    TIM_OC3FastConfig                        0x080019c5   Thumb Code    12  stm32f4xx_tim.o(.text)
    TIM_OC4FastConfig                        0x080019d1   Thumb Code    20  stm32f4xx_tim.o(.text)
    TIM_ClearOC1Ref                          0x080019e5   Thumb Code    12  stm32f4xx_tim.o(.text)
    TIM_ClearOC2Ref                          0x080019f1   Thumb Code    20  stm32f4xx_tim.o(.text)
    TIM_ClearOC3Ref                          0x08001a05   Thumb Code    12  stm32f4xx_tim.o(.text)
    TIM_ClearOC4Ref                          0x08001a11   Thumb Code    20  stm32f4xx_tim.o(.text)
    TIM_OC1PolarityConfig                    0x08001a25   Thumb Code    12  stm32f4xx_tim.o(.text)
    TIM_OC1NPolarityConfig                   0x08001a31   Thumb Code    12  stm32f4xx_tim.o(.text)
    TIM_OC2PolarityConfig                    0x08001a3d   Thumb Code    20  stm32f4xx_tim.o(.text)
    TIM_OC2NPolarityConfig                   0x08001a51   Thumb Code    20  stm32f4xx_tim.o(.text)
    TIM_OC3PolarityConfig                    0x08001a65   Thumb Code    20  stm32f4xx_tim.o(.text)
    TIM_OC3NPolarityConfig                   0x08001a79   Thumb Code    20  stm32f4xx_tim.o(.text)
    TIM_OC4PolarityConfig                    0x08001a8d   Thumb Code    20  stm32f4xx_tim.o(.text)
    TIM_CCxCmd                               0x08001aa1   Thumb Code    22  stm32f4xx_tim.o(.text)
    TIM_CCxNCmd                              0x08001ab7   Thumb Code    22  stm32f4xx_tim.o(.text)
    TIM_SetIC4Prescaler                      0x08001acd   Thumb Code    24  stm32f4xx_tim.o(.text)
    TIM_SetIC3Prescaler                      0x08001b1b   Thumb Code    16  stm32f4xx_tim.o(.text)
    TIM_SetIC2Prescaler                      0x08001b5d   Thumb Code    24  stm32f4xx_tim.o(.text)
    TIM_SetIC1Prescaler                      0x08001bab   Thumb Code    16  stm32f4xx_tim.o(.text)
    TIM_ICInit                               0x08001be9   Thumb Code    90  stm32f4xx_tim.o(.text)
    TIM_ICStructInit                         0x08001c43   Thumb Code    16  stm32f4xx_tim.o(.text)
    TIM_PWMIConfig                           0x08001c53   Thumb Code   116  stm32f4xx_tim.o(.text)
    TIM_GetCapture1                          0x08001cc7   Thumb Code     4  stm32f4xx_tim.o(.text)
    TIM_GetCapture2                          0x08001ccb   Thumb Code     4  stm32f4xx_tim.o(.text)
    TIM_GetCapture3                          0x08001ccf   Thumb Code     4  stm32f4xx_tim.o(.text)
    TIM_GetCapture4                          0x08001cd3   Thumb Code     4  stm32f4xx_tim.o(.text)
    TIM_BDTRConfig                           0x08001cd7   Thumb Code    34  stm32f4xx_tim.o(.text)
    TIM_BDTRStructInit                       0x08001cf9   Thumb Code    18  stm32f4xx_tim.o(.text)
    TIM_CtrlPWMOutputs                       0x08001d0b   Thumb Code    28  stm32f4xx_tim.o(.text)
    TIM_SelectCOM                            0x08001d27   Thumb Code    24  stm32f4xx_tim.o(.text)
    TIM_CCPreloadControl                     0x08001d3f   Thumb Code    24  stm32f4xx_tim.o(.text)
    TIM_ITConfig                             0x08001d57   Thumb Code    20  stm32f4xx_tim.o(.text)
    TIM_GenerateEvent                        0x08001d6b   Thumb Code     4  stm32f4xx_tim.o(.text)
    TIM_GetFlagStatus                        0x08001d6f   Thumb Code    14  stm32f4xx_tim.o(.text)
    TIM_ClearFlag                            0x08001d7d   Thumb Code     6  stm32f4xx_tim.o(.text)
    TIM_GetITStatus                          0x08001d83   Thumb Code    24  stm32f4xx_tim.o(.text)
    TIM_ClearITPendingBit                    0x08001d9b   Thumb Code     6  stm32f4xx_tim.o(.text)
    TIM_DMAConfig                            0x08001da1   Thumb Code     8  stm32f4xx_tim.o(.text)
    TIM_DMACmd                               0x08001da9   Thumb Code    20  stm32f4xx_tim.o(.text)
    TIM_SelectCCDMA                          0x08001dbd   Thumb Code    24  stm32f4xx_tim.o(.text)
    TIM_InternalClockConfig                  0x08001dd5   Thumb Code    10  stm32f4xx_tim.o(.text)
    TIM_SelectInputTrigger                   0x08001ddf   Thumb Code    12  stm32f4xx_tim.o(.text)
    TIM_ITRxExternalClockConfig              0x08001deb   Thumb Code    20  stm32f4xx_tim.o(.text)
    TIM_TIxExternalClockConfig               0x08001dff   Thumb Code    48  stm32f4xx_tim.o(.text)
    TIM_ETRConfig                            0x08001e2f   Thumb Code    24  stm32f4xx_tim.o(.text)
    TIM_ETRClockMode1Config                  0x08001e47   Thumb Code    32  stm32f4xx_tim.o(.text)
    TIM_ETRClockMode2Config                  0x08001e67   Thumb Code    20  stm32f4xx_tim.o(.text)
    TIM_SelectOutputTrigger                  0x08001e7b   Thumb Code    16  stm32f4xx_tim.o(.text)
    TIM_SelectSlaveMode                      0x08001e8b   Thumb Code    16  stm32f4xx_tim.o(.text)
    TIM_SelectMasterSlaveMode                0x08001e9b   Thumb Code    16  stm32f4xx_tim.o(.text)
    TIM_EncoderInterfaceConfig               0x08001eab   Thumb Code    50  stm32f4xx_tim.o(.text)
    TIM_SelectHallSensor                     0x08001edd   Thumb Code    24  stm32f4xx_tim.o(.text)
    TIM_RemapConfig                          0x08001ef5   Thumb Code     6  stm32f4xx_tim.o(.text)
    USART_DeInit                             0x08001efd   Thumb Code   224  stm32f4xx_usart.o(.text)
    USART_Init                               0x08001fdd   Thumb Code   180  stm32f4xx_usart.o(.text)
    USART_StructInit                         0x08002091   Thumb Code    22  stm32f4xx_usart.o(.text)
    USART_ClockInit                          0x080020a7   Thumb Code    28  stm32f4xx_usart.o(.text)
    USART_ClockStructInit                    0x080020c3   Thumb Code    12  stm32f4xx_usart.o(.text)
    USART_Cmd                                0x080020cf   Thumb Code    24  stm32f4xx_usart.o(.text)
    USART_SetPrescaler                       0x080020e7   Thumb Code    16  stm32f4xx_usart.o(.text)
    USART_OverSampling8Cmd                   0x080020f7   Thumb Code    24  stm32f4xx_usart.o(.text)
    USART_OneBitMethodCmd                    0x0800210f   Thumb Code    24  stm32f4xx_usart.o(.text)
    USART_SendData                           0x08002127   Thumb Code     8  stm32f4xx_usart.o(.text)
    USART_ReceiveData                        0x0800212f   Thumb Code     8  stm32f4xx_usart.o(.text)
    USART_SetAddress                         0x08002137   Thumb Code    16  stm32f4xx_usart.o(.text)
    USART_ReceiverWakeUpCmd                  0x08002147   Thumb Code    24  stm32f4xx_usart.o(.text)
    USART_WakeUpConfig                       0x0800215f   Thumb Code    16  stm32f4xx_usart.o(.text)
    USART_LINBreakDetectLengthConfig         0x0800216f   Thumb Code    16  stm32f4xx_usart.o(.text)
    USART_LINCmd                             0x0800217f   Thumb Code    24  stm32f4xx_usart.o(.text)
    USART_SendBreak                          0x08002197   Thumb Code    10  stm32f4xx_usart.o(.text)
    USART_HalfDuplexCmd                      0x080021a1   Thumb Code    24  stm32f4xx_usart.o(.text)
    USART_SetGuardTime                       0x080021b9   Thumb Code    16  stm32f4xx_usart.o(.text)
    USART_SmartCardCmd                       0x080021c9   Thumb Code    24  stm32f4xx_usart.o(.text)
    USART_SmartCardNACKCmd                   0x080021e1   Thumb Code    24  stm32f4xx_usart.o(.text)
    USART_IrDAConfig                         0x080021f9   Thumb Code    16  stm32f4xx_usart.o(.text)
    USART_IrDACmd                            0x08002209   Thumb Code    24  stm32f4xx_usart.o(.text)
    USART_DMACmd                             0x08002221   Thumb Code    20  stm32f4xx_usart.o(.text)
    USART_ITConfig                           0x08002235   Thumb Code    54  stm32f4xx_usart.o(.text)
    USART_GetFlagStatus                      0x0800226b   Thumb Code    14  stm32f4xx_usart.o(.text)
    USART_ClearFlag                          0x08002279   Thumb Code     8  stm32f4xx_usart.o(.text)
    USART_GetITStatus                        0x08002281   Thumb Code    64  stm32f4xx_usart.o(.text)
    USART_ClearITPendingBit                  0x080022c1   Thumb Code    16  stm32f4xx_usart.o(.text)
    delay_init                               0x080022f1   Thumb Code    42  delay.o(.text)
    delay_us                                 0x0800231b   Thumb Code    46  delay.o(.text)
    delay_xms                                0x08002349   Thumb Code    46  delay.o(.text)
    delay_ms                                 0x08002377   Thumb Code    58  delay.o(.text)
    _sys_exit                                0x080023b5   Thumb Code     2  usart.o(.text)
    fputc                                    0x080023b7   Thumb Code    14  usart.o(.text)
    uart_init                                0x080023c5   Thumb Code   184  usart.o(.text)
    USART1_IRQHandler                        0x0800247d   Thumb Code    58  usart.o(.text)
    TIM3_PWM_Init                            0x080024c9   Thumb Code   152  pwm.o(.text)
    TIM2_PWM_Init                            0x08002561   Thumb Code   172  pwm.o(.text)
    TIM3_Int_Init                            0x08002615   Thumb Code    88  timer.o(.text)
    TIM5_Int_Init                            0x0800266d   Thumb Code    88  timer.o(.text)
    TIM3_IRQHandler                          0x080026c5   Thumb Code    24  timer.o(.text)
    TIM5_IRQHandler                          0x080026dd   Thumb Code    32  timer.o(.text)
    LED_Init                                 0x08002705   Thumb Code    44  led.o(.text)
    LED_Open                                 0x08002731   Thumb Code     8  led.o(.text)
    LED_Close                                0x08002739   Thumb Code     8  led.o(.text)
    LED_Toggle                               0x08002741   Thumb Code     8  led.o(.text)
    OLED_IIC_Start                           0x0800274d   Thumb Code    70  oled.o(.text)
    OLED_IIC_Stop                            0x08002793   Thumb Code    56  oled.o(.text)
    OLED_IIC_Wait_Ack                        0x080027cb   Thumb Code    40  oled.o(.text)
    OLED_Write_IIC_Byte                      0x080027f3   Thumb Code   114  oled.o(.text)
    OLED_Write_IIC_Command                   0x08002865   Thumb Code    44  oled.o(.text)
    OLED_Write_IIC_Data                      0x08002891   Thumb Code    44  oled.o(.text)
    OLED_WR_Byte                             0x080028bd   Thumb Code    12  oled.o(.text)
    fill_picture                             0x080028c9   Thumb Code    60  oled.o(.text)
    Delay_50ms                               0x08002905   Thumb Code    24  oled.o(.text)
    Delay_1ms                                0x0800291d   Thumb Code    20  oled.o(.text)
    OLED_Set_Pos                             0x08002931   Thumb Code    38  oled.o(.text)
    OLED_Display_On                          0x08002957   Thumb Code    28  oled.o(.text)
    OLED_Display_Off                         0x08002973   Thumb Code    28  oled.o(.text)
    OLED_Clear                               0x0800298f   Thumb Code    82  oled.o(.text)
    OLED_On                                  0x080029e1   Thumb Code    82  oled.o(.text)
    OLED_ShowChar                            0x08002a33   Thumb Code   156  oled.o(.text)
    oled_pow                                 0x08002acf   Thumb Code    24  oled.o(.text)
    OLED_ShowNumber                          0x08002ae7   Thumb Code   196  oled.o(.text)
    OLED_ShowString                          0x08002bab   Thumb Code    62  oled.o(.text)
    OLED_DrawBMP                             0x08002be9   Thumb Code    68  oled.o(.text)
    OLED_Float                               0x08002c2d   Thumb Code   378  oled.o(.text)
    OLED_Float2                              0x08002da7   Thumb Code   304  oled.o(.text)
    OLED_Num_write                           0x08002ed7   Thumb Code    46  oled.o(.text)
    OLED_fuhao_write                         0x08002f05   Thumb Code    44  oled.o(.text)
    OLED_Num2                                0x08002f31   Thumb Code   132  oled.o(.text)
    OLED_Num3                                0x08002fb5   Thumb Code   190  oled.o(.text)
    OLED_Num4                                0x08003073   Thumb Code   116  oled.o(.text)
    OLED_Num5                                0x080030e7   Thumb Code   134  oled.o(.text)
    OLED_Init                                0x0800316d   Thumb Code   282  oled.o(.text)
    oled_first_show                          0x08003287   Thumb Code     2  oled.o(.text)
    oled_show                                0x08003289   Thumb Code     2  oled.o(.text)
    adc_DMA_init                             0x08003291   Thumb Code   260  adc.o(.text)
    Adc_Init                                 0x08003395   Thumb Code   122  adc.o(.text)
    Adc2_Init                                0x0800340f   Thumb Code   120  adc.o(.text)
    Get_Adc2                                 0x08003487   Thumb Code    70  adc.o(.text)
    Get_Adc                                  0x080034cd   Thumb Code    70  adc.o(.text)
    Get_Adc_Average                          0x08003513   Thumb Code   124  adc.o(.text)
    DHT11_Reset                              0x080035b1   Thumb Code    46  dht11.o(.text)
    DHT11_CheckExist                         0x080035df   Thumb Code   112  dht11.o(.text)
    DHT11_Read_Bit                           0x0800364f   Thumb Code    90  dht11.o(.text)
    DHT11_Read_Byte                          0x080036a9   Thumb Code    52  dht11.o(.text)
    DHT11_Read_Data                          0x080036dd   Thumb Code   100  dht11.o(.text)
    DHT11_Init                               0x08003741   Thumb Code    54  dht11.o(.text)
    vListInitialise                          0x08003785   Thumb Code    22  list.o(.text)
    vListInitialiseItem                      0x0800379b   Thumb Code     6  list.o(.text)
    vListInsertEnd                           0x080037a1   Thumb Code    24  list.o(.text)
    vListInsert                              0x080037b9   Thumb Code    48  list.o(.text)
    uxListRemove                             0x080037e9   Thumb Code    36  list.o(.text)
    xQueueGenericReset                       0x0800380d   Thumb Code   130  queue.o(.text)
    xQueueGenericCreate                      0x080038b5   Thumb Code    64  queue.o(.text)
    xQueueGenericSend                        0x08003a6d   Thumb Code   358  queue.o(.text)
    xQueueCreateMutex                        0x08003c13   Thumb Code    24  queue.o(.text)
    xQueueGiveMutexRecursive                 0x08003c2b   Thumb Code    62  queue.o(.text)
    xQueueGenericReceive                     0x08003cab   Thumb Code   386  queue.o(.text)
    xQueueTakeMutexRecursive                 0x08003e2d   Thumb Code    70  queue.o(.text)
    xQueueCreateCountingSemaphore            0x08003e73   Thumb Code    64  queue.o(.text)
    xQueueGenericSendFromISR                 0x08003eb3   Thumb Code   210  queue.o(.text)
    xQueueGiveFromISR                        0x08003f85   Thumb Code   184  queue.o(.text)
    xQueueReceiveFromISR                     0x0800403d   Thumb Code   152  queue.o(.text)
    xQueuePeekFromISR                        0x080040d5   Thumb Code   120  queue.o(.text)
    uxQueueMessagesWaiting                   0x0800414d   Thumb Code    38  queue.o(.text)
    uxQueueSpacesAvailable                   0x08004173   Thumb Code    42  queue.o(.text)
    uxQueueMessagesWaitingFromISR            0x0800419d   Thumb Code    28  queue.o(.text)
    vQueueUnregisterQueue                    0x080041b9   Thumb Code    36  queue.o(.text)
    vQueueDelete                             0x080041dd   Thumb Code    40  queue.o(.text)
    uxQueueGetQueueNumber                    0x08004205   Thumb Code     4  queue.o(.text)
    vQueueSetQueueNumber                     0x08004209   Thumb Code     4  queue.o(.text)
    ucQueueGetQueueType                      0x0800420d   Thumb Code     6  queue.o(.text)
    xQueueIsQueueEmptyFromISR                0x08004213   Thumb Code    36  queue.o(.text)
    xQueueIsQueueFullFromISR                 0x08004237   Thumb Code    40  queue.o(.text)
    vQueueAddToRegistry                      0x0800425f   Thumb Code    32  queue.o(.text)
    pcQueueGetName                           0x0800427f   Thumb Code    34  queue.o(.text)
    vQueueWaitForMessageRestricted           0x080042a1   Thumb Code    70  queue.o(.text)
    xQueueCreateSet                          0x080042e7   Thumb Code     8  queue.o(.text)
    xQueueAddToSet                           0x080042ef   Thumb Code    38  queue.o(.text)
    xQueueRemoveFromSet                      0x08004315   Thumb Code    38  queue.o(.text)
    xQueueSelectFromSet                      0x0800433b   Thumb Code    18  queue.o(.text)
    xQueueSelectFromSetFromISR               0x0800434d   Thumb Code    18  queue.o(.text)
    xTaskCreate                              0x080044c7   Thumb Code    96  tasks.o(.text)
    vTaskDelete                              0x08004559   Thumb Code   154  tasks.o(.text)
    xTaskIncrementTick                       0x080045f3   Thumb Code   192  tasks.o(.text)
    xTaskResumeAll                           0x080046b3   Thumb Code   242  tasks.o(.text)
    vTaskSuspendAll                          0x0800480b   Thumb Code    10  tasks.o(.text)
    vTaskDelayUntil                          0x08004815   Thumb Code   144  tasks.o(.text)
    vTaskDelay                               0x080048a5   Thumb Code    70  tasks.o(.text)
    eTaskGetState                            0x080048eb   Thumb Code    98  tasks.o(.text)
    uxTaskPriorityGet                        0x0800494d   Thumb Code    24  tasks.o(.text)
    uxTaskPriorityGetFromISR                 0x08004965   Thumb Code    40  tasks.o(.text)
    vTaskPrioritySet                         0x0800498d   Thumb Code   192  tasks.o(.text)
    vTaskSwitchContext                       0x08004a4d   Thumb Code    88  tasks.o(.text)
    vTaskSuspend                             0x08004aa5   Thumb Code   156  tasks.o(.text)
    vTaskResume                              0x08004b73   Thumb Code   138  tasks.o(.text)
    xTaskResumeFromISR                       0x08004bfd   Thumb Code   130  tasks.o(.text)
    vTaskStartScheduler                      0x08004ce9   Thumb Code   100  tasks.o(.text)
    vTaskEndScheduler                        0x08004d4d   Thumb Code    24  tasks.o(.text)
    xTaskGetTickCount                        0x08004d65   Thumb Code     6  tasks.o(.text)
    xTaskGetTickCountFromISR                 0x08004d6b   Thumb Code    12  tasks.o(.text)
    uxTaskGetNumberOfTasks                   0x08004d77   Thumb Code     6  tasks.o(.text)
    pcTaskGetName                            0x08004d7d   Thumb Code    40  tasks.o(.text)
    vTaskGetInfo                             0x08004db9   Thumb Code   120  tasks.o(.text)
    uxTaskGetSystemState                     0x08004e8b   Thumb Code   158  tasks.o(.text)
    vTaskPlaceOnEventList                    0x08004f29   Thumb Code    48  tasks.o(.text)
    vTaskPlaceOnUnorderedEventList           0x08004f59   Thumb Code   112  tasks.o(.text)
    vTaskPlaceOnEventListRestricted          0x08004fc9   Thumb Code    58  tasks.o(.text)
    xTaskRemoveFromEventList                 0x08005003   Thumb Code   110  tasks.o(.text)
    xTaskRemoveFromUnorderedEventList        0x08005071   Thumb Code   118  tasks.o(.text)
    vTaskSetTimeOutState                     0x080050e7   Thumb Code    36  tasks.o(.text)
    xTaskCheckForTimeOut                     0x0800510b   Thumb Code   112  tasks.o(.text)
    vTaskMissedYield                         0x0800517b   Thumb Code     8  tasks.o(.text)
    uxTaskGetTaskNumber                      0x08005183   Thumb Code    12  tasks.o(.text)
    vTaskSetTaskNumber                       0x0800518f   Thumb Code     8  tasks.o(.text)
    xTaskGetCurrentTaskHandle                0x08005197   Thumb Code     6  tasks.o(.text)
    xTaskGetSchedulerState                   0x0800519d   Thumb Code    24  tasks.o(.text)
    vTaskPriorityInherit                     0x080051b5   Thumb Code   126  tasks.o(.text)
    xTaskPriorityDisinherit                  0x08005233   Thumb Code   144  tasks.o(.text)
    vTaskList                                0x080052e7   Thumb Code   168  tasks.o(.text)
    uxTaskResetEventItemValue                0x0800538f   Thumb Code    20  tasks.o(.text)
    pvTaskIncrementMutexHeldCount            0x080053a3   Thumb Code    20  tasks.o(.text)
    ulTaskNotifyTake                         0x080053b7   Thumb Code   126  tasks.o(.text)
    xTaskNotifyWait                          0x08005435   Thumb Code   132  tasks.o(.text)
    xTaskGenericNotify                       0x080054b9   Thumb Code   194  tasks.o(.text)
    xTaskGenericNotifyFromISR                0x0800557b   Thumb Code   242  tasks.o(.text)
    vTaskNotifyGiveFromISR                   0x0800566d   Thumb Code   174  tasks.o(.text)
    xTaskNotifyStateClear                    0x0800571b   Thumb Code    46  tasks.o(.text)
    xTimerGenericCommand                     0x08005795   Thumb Code   112  timers.o(.text)
    xTimerCreateTimerTask                    0x08005a7b   Thumb Code    58  timers.o(.text)
    xTimerCreate                             0x08005af7   Thumb Code    46  timers.o(.text)
    xTimerGetTimerDaemonTaskHandle           0x08005b25   Thumb Code   100  timers.o(.text)
    xTimerGetPeriod                          0x08005b89   Thumb Code    28  timers.o(.text)
    xTimerGetExpiryTime                      0x08005ba5   Thumb Code    28  timers.o(.text)
    pcTimerGetName                           0x08005bc1   Thumb Code    28  timers.o(.text)
    xTimerIsTimerActive                      0x08005bdd   Thumb Code    46  timers.o(.text)
    pvTimerGetTimerID                        0x08005c0b   Thumb Code    38  timers.o(.text)
    vTimerSetTimerID                         0x08005c31   Thumb Code    40  timers.o(.text)
    xTimerPendFunctionCallFromISR            0x08005c59   Thumb Code    34  timers.o(.text)
    xTimerPendFunctionCall                   0x08005c7b   Thumb Code    66  timers.o(.text)
    pvPortMalloc                             0x08005d53   Thumb Code   206  heap_4.o(.text)
    vPortFree                                0x08005e21   Thumb Code    96  heap_4.o(.text)
    xPortGetFreeHeapSize                     0x08005e81   Thumb Code     8  heap_4.o(.text)
    xPortGetMinimumEverFreeHeapSize          0x08005e89   Thumb Code     8  heap_4.o(.text)
    vPortInitialiseBlocks                    0x08005e91   Thumb Code     2  heap_4.o(.text)
    pxPortInitialiseStack                    0x08005ef9   Thumb Code    30  port.o(.text)
    vPortSetupTimerInterrupt                 0x08005f17   Thumb Code    26  port.o(.text)
    xPortStartScheduler                      0x08005f31   Thumb Code   192  port.o(.text)
    vPortEndScheduler                        0x08005ff1   Thumb Code    24  port.o(.text)
    vPortEnterCritical                       0x08006009   Thumb Code    52  port.o(.text)
    vPortExitCritical                        0x0800603d   Thumb Code    38  port.o(.text)
    xPortSysTickHandler                      0x08006063   Thumb Code    40  port.o(.text)
    vPortValidateInterruptPriority           0x0800608b   Thumb Code    72  port.o(.text)
    __aeabi_memcpy                           0x0800612d   Thumb Code    36  memcpya.o(.text)
    __aeabi_memcpy4                          0x0800612d   Thumb Code     0  memcpya.o(.text)
    __aeabi_memcpy8                          0x0800612d   Thumb Code     0  memcpya.o(.text)
    __aeabi_memset                           0x08006151   Thumb Code    14  memseta.o(.text)
    __aeabi_memset4                          0x08006151   Thumb Code     0  memseta.o(.text)
    __aeabi_memset8                          0x08006151   Thumb Code     0  memseta.o(.text)
    __aeabi_memclr                           0x0800615f   Thumb Code     4  memseta.o(.text)
    __aeabi_memclr4                          0x0800615f   Thumb Code     0  memseta.o(.text)
    __aeabi_memclr8                          0x0800615f   Thumb Code     0  memseta.o(.text)
    _memset$wrapper                          0x08006163   Thumb Code    18  memseta.o(.text)
    strlen                                   0x08006175   Thumb Code    14  strlen.o(.text)
    strcpy                                   0x08006183   Thumb Code    18  strcpy.o(.text)
    __aeabi_dadd                             0x08006195   Thumb Code   322  dadd.o(.text)
    __aeabi_dsub                             0x080062d7   Thumb Code     6  dadd.o(.text)
    __aeabi_drsub                            0x080062dd   Thumb Code     6  dadd.o(.text)
    __aeabi_dmul                             0x080062e3   Thumb Code   228  dmul.o(.text)
    __aeabi_ddiv                             0x080063c7   Thumb Code   222  ddiv.o(.text)
    __aeabi_i2d                              0x080064a5   Thumb Code    34  dflti.o(.text)
    __aeabi_ui2d                             0x080064c7   Thumb Code    26  dfltui.o(.text)
    __aeabi_d2iz                             0x080064e1   Thumb Code    62  dfixi.o(.text)
    __aeabi_d2uiz                            0x0800651f   Thumb Code    50  dfixui.o(.text)
    __aeabi_cdcmpeq                          0x08006551   Thumb Code     0  cdcmple.o(.text)
    __aeabi_cdcmple                          0x08006551   Thumb Code    48  cdcmple.o(.text)
    __aeabi_uidiv                            0x08006581   Thumb Code     0  uidiv.o(.text)
    __aeabi_uidivmod                         0x08006581   Thumb Code    44  uidiv.o(.text)
    __aeabi_llsl                             0x080065ad   Thumb Code    30  llshl.o(.text)
    _ll_shift_l                              0x080065ad   Thumb Code     0  llshl.o(.text)
    __aeabi_llsr                             0x080065cb   Thumb Code    32  llushr.o(.text)
    _ll_ushift_r                             0x080065cb   Thumb Code     0  llushr.o(.text)
    __aeabi_lasr                             0x080065eb   Thumb Code    36  llsshr.o(.text)
    _ll_sshift_r                             0x080065eb   Thumb Code     0  llsshr.o(.text)
    __I$use$fp                               0x0800660f   Thumb Code     0  iusefp.o(.text)
    _double_round                            0x0800660f   Thumb Code    30  depilogue.o(.text)
    _double_epilogue                         0x0800662d   Thumb Code   156  depilogue.o(.text)
    __scatterload                            0x080066c9   Thumb Code    28  init.o(.text)
    __scatterload_rt2                        0x080066c9   Thumb Code     0  init.o(.text)
    __0printf$3                              0x080066ed   Thumb Code    22  printf3.o(i.__0printf$3)
    __1printf$3                              0x080066ed   Thumb Code     0  printf3.o(i.__0printf$3)
    __2printf                                0x080066ed   Thumb Code     0  printf3.o(i.__0printf$3)
    __0sprintf$3                             0x0800670d   Thumb Code    34  printf3.o(i.__0sprintf$3)
    __1sprintf$3                             0x0800670d   Thumb Code     0  printf3.o(i.__0sprintf$3)
    __2sprintf                               0x0800670d   Thumb Code     0  printf3.o(i.__0sprintf$3)
    __scatterload_copy                       0x08006735   Thumb Code    14  handlers.o(i.__scatterload_copy)
    __scatterload_null                       0x08006743   Thumb Code     2  handlers.o(i.__scatterload_null)
    __scatterload_zeroinit                   0x08006745   Thumb Code    14  handlers.o(i.__scatterload_zeroinit)
    F6x8                                     0x08006916   Data         552  oled.o(.constdata)
    F8X16                                    0x08006b3e   Data        1520  oled.o(.constdata)
    Region$$Table$$Base                      0x08007130   Number         0  anon$$obj.o(Region$$Table)
    Region$$Table$$Limit                     0x08007150   Number         0  anon$$obj.o(Region$$Table)
    StartTask_Handler                        0x20000000   Data           4  main.o(.data)
    print1Task_Handler                       0x20000004   Data           4  main.o(.data)
    print2Task_Handler                       0x20000008   Data           4  main.o(.data)
    ledTask_Handler                          0x2000000c   Data           4  main.o(.data)
    SystemCoreClock                          0x20000010   Data           4  system_stm32f4xx.o(.data)
    AHBPrescTable                            0x20000014   Data          16  system_stm32f4xx.o(.data)
    rx_cnt                                   0x20000038   Data           1  usart.o(.data)
    usart_idle_flag                          0x20000039   Data           1  usart.o(.data)
    __stdout                                 0x2000003c   Data           4  usart.o(.data)
    pxCurrentTCB                             0x20000040   Data           4  tasks.o(.data)
    USART_RX_BUF                             0x200000b4   Data         200  usart.o(.bss)
    Adc_Value                                0x2000017c   Data          12  adc.o(.bss)
    xQueueRegistry                           0x20000188   Data          64  queue.o(.bss)
    __initial_sp                             0x200058d8   Data           0  startup_stm32f40_41xxx.o(STACK)



==============================================================================

Memory Map of the image

  Image Entry point : 0x08000189

  Load Region LR_IROM1 (Base: 0x08000000, Size: 0x00007204, Max: 0x00080000, ABSOLUTE)

    Execution Region ER_IROM1 (Base: 0x08000000, Size: 0x00007150, Max: 0x00080000, ABSOLUTE)

    Base Addr    Size         Type   Attr      Idx    E Section Name        Object

    0x08000000   0x00000188   Data   RO          264    RESET               startup_stm32f40_41xxx.o
    0x08000188   0x00000000   Code   RO         1703  * .ARM.Collect$$$$00000000  mc_w.l(entry.o)
    0x08000188   0x00000004   Code   RO         1995    .ARM.Collect$$$$00000001  mc_w.l(entry2.o)
    0x0800018c   0x00000004   Code   RO         1998    .ARM.Collect$$$$00000004  mc_w.l(entry5.o)
    0x08000190   0x00000000   Code   RO         2000    .ARM.Collect$$$$00000008  mc_w.l(entry7b.o)
    0x08000190   0x00000000   Code   RO         2002    .ARM.Collect$$$$0000000A  mc_w.l(entry8b.o)
    0x08000190   0x00000008   Code   RO         2003    .ARM.Collect$$$$0000000B  mc_w.l(entry9a.o)
    0x08000198   0x00000000   Code   RO         2005    .ARM.Collect$$$$0000000D  mc_w.l(entry10a.o)
    0x08000198   0x00000000   Code   RO         2007    .ARM.Collect$$$$0000000F  mc_w.l(entry11a.o)
    0x08000198   0x00000004   Code   RO         1996    .ARM.Collect$$$$00002712  mc_w.l(entry2.o)
    0x0800019c   0x000000b6   Code   RO         1664    .emb_text           port.o
    0x08000252   0x00000002   PAD
    0x08000254   0x0000012c   Code   RO            4    .text               main.o
    0x08000380   0x00000020   Code   RO          208    .text               stm32f4xx_it.o
    0x080003a0   0x00000190   Code   RO          235    .text               system_stm32f4xx.o
    0x08000530   0x00000024   Code   RO          265    .text               startup_stm32f40_41xxx.o
    0x08000554   0x000000bc   Code   RO          272    .text               misc.o
    0x08000610   0x000003a0   Code   RO          322    .text               stm32f4xx_adc.o
    0x080009b0   0x00000344   Code   RO          589    .text               stm32f4xx_dma.o
    0x08000cf4   0x00000264   Code   RO          715    .text               stm32f4xx_gpio.o
    0x08000f58   0x000004e0   Code   RO          910    .text               stm32f4xx_rcc.o
    0x08001438   0x00000ac2   Code   RO         1083    .text               stm32f4xx_tim.o
    0x08001efa   0x00000002   PAD
    0x08001efc   0x000003f4   Code   RO         1107    .text               stm32f4xx_usart.o
    0x080022f0   0x000000c4   Code   RO         1155    .text               delay.o
    0x080023b4   0x00000114   Code   RO         1203    .text               usart.o
    0x080024c8   0x0000014c   Code   RO         1243    .text               pwm.o
    0x08002614   0x000000f0   Code   RO         1271    .text               timer.o
    0x08002704   0x00000048   Code   RO         1295    .text               led.o
    0x0800274c   0x00000b44   Code   RO         1350    .text               oled.o
    0x08003290   0x00000320   Code   RO         1383    .text               adc.o
    0x080035b0   0x000001d4   Code   RO         1413    .text               dht11.o
    0x08003784   0x00000088   Code   RO         1510    .text               list.o
    0x0800380c   0x00000b5c   Code   RO         1534    .text               queue.o
    0x08004368   0x000013f0   Code   RO         1567    .text               tasks.o
    0x08005758   0x00000568   Code   RO         1610    .text               timers.o
    0x08005cc0   0x00000214   Code   RO         1637    .text               heap_4.o
    0x08005ed4   0x00000258   Code   RO         1665    .text               port.o
    0x0800612c   0x00000024   Code   RO         1706    .text               mc_w.l(memcpya.o)
    0x08006150   0x00000024   Code   RO         1708    .text               mc_w.l(memseta.o)
    0x08006174   0x0000000e   Code   RO         1710    .text               mc_w.l(strlen.o)
    0x08006182   0x00000012   Code   RO         1712    .text               mc_w.l(strcpy.o)
    0x08006194   0x0000014e   Code   RO         1977    .text               mf_w.l(dadd.o)
    0x080062e2   0x000000e4   Code   RO         1979    .text               mf_w.l(dmul.o)
    0x080063c6   0x000000de   Code   RO         1981    .text               mf_w.l(ddiv.o)
    0x080064a4   0x00000022   Code   RO         1985    .text               mf_w.l(dflti.o)
    0x080064c6   0x0000001a   Code   RO         1987    .text               mf_w.l(dfltui.o)
    0x080064e0   0x0000003e   Code   RO         1989    .text               mf_w.l(dfixi.o)
    0x0800651e   0x00000032   Code   RO         1991    .text               mf_w.l(dfixui.o)
    0x08006550   0x00000030   Code   RO         1993    .text               mf_w.l(cdcmple.o)
    0x08006580   0x0000002c   Code   RO         2009    .text               mc_w.l(uidiv.o)
    0x080065ac   0x0000001e   Code   RO         2013    .text               mc_w.l(llshl.o)
    0x080065ca   0x00000020   Code   RO         2015    .text               mc_w.l(llushr.o)
    0x080065ea   0x00000024   Code   RO         2017    .text               mc_w.l(llsshr.o)
    0x0800660e   0x00000000   Code   RO         2019    .text               mc_w.l(iusefp.o)
    0x0800660e   0x000000ba   Code   RO         2020    .text               mf_w.l(depilogue.o)
    0x080066c8   0x00000024   Code   RO         2026    .text               mc_w.l(init.o)
    0x080066ec   0x00000020   Code   RO         1805    i.__0printf$3       mc_w.l(printf3.o)
    0x0800670c   0x00000028   Code   RO         1807    i.__0sprintf$3      mc_w.l(printf3.o)
    0x08006734   0x0000000e   Code   RO         2030    i.__scatterload_copy  mc_w.l(handlers.o)
    0x08006742   0x00000002   Code   RO         2031    i.__scatterload_null  mc_w.l(handlers.o)
    0x08006744   0x0000000e   Code   RO         2032    i.__scatterload_zeroinit  mc_w.l(handlers.o)
    0x08006752   0x00000002   PAD
    0x08006754   0x000001b8   Code   RO         1812    i._printf_core      mc_w.l(printf3.o)
    0x0800690c   0x0000000a   Code   RO         1814    i._sputc            mc_w.l(printf3.o)
    0x08006916   0x00000818   Data   RO         1351    .constdata          oled.o
    0x0800712e   0x00000002   PAD
    0x08007130   0x00000020   Data   RO         2028    Region$$Table       anon$$obj.o


    Execution Region RW_IRAM1 (Base: 0x20000000, Size: 0x000058d8, Max: 0x00020000, ABSOLUTE)

    Base Addr    Size         Type   Attr      Idx    E Section Name        Object

    0x20000000   0x00000010   Data   RW            5    .data               main.o
    0x20000010   0x00000014   Data   RW          236    .data               system_stm32f4xx.o
    0x20000024   0x00000010   Data   RW          911    .data               stm32f4xx_rcc.o
    0x20000034   0x00000004   Data   RW         1156    .data               delay.o
    0x20000038   0x00000002   Data   RW         1205    .data               usart.o
    0x2000003a   0x00000002   PAD
    0x2000003c   0x00000004   Data   RW         1206    .data               usart.o
    0x20000040   0x0000003c   Data   RW         1569    .data               tasks.o
    0x2000007c   0x00000014   Data   RW         1612    .data               timers.o
    0x20000090   0x00000018   Data   RW         1639    .data               heap_4.o
    0x200000a8   0x0000000c   Data   RW         1666    .data               port.o
    0x200000b4   0x000000c8   Zero   RW         1204    .bss                usart.o
    0x2000017c   0x0000000c   Zero   RW         1384    .bss                adc.o
    0x20000188   0x00000040   Zero   RW         1535    .bss                queue.o
    0x200001c8   0x000002e4   Zero   RW         1568    .bss                tasks.o
    0x200004ac   0x00000028   Zero   RW         1611    .bss                timers.o
    0x200004d4   0x00005000   Zero   RW         1638    .bss                heap_4.o
    0x200054d4   0x00000004   PAD
    0x200054d8   0x00000400   Zero   RW          262    STACK               startup_stm32f40_41xxx.o


==============================================================================

Image component sizes


      Code (inc. data)   RO Data    RW Data    ZI Data      Debug   Object Name

       800         34          0          0         12       2771   adc.o
       196          4          0          4          0       1497   delay.o
       468         14          0          0          0       2301   dht11.o
         0          0          0          0          0      10360   event_groups.o
       532         66          0         24      20480       3624   heap_4.o
        72          4          0          0          0        789   led.o
       136          0          0          0          0       2002   list.o
       300         68          0         16          0     304283   main.o
       188         14          0          0          0     245121   misc.o
      2884         40       2072          0          0      12240   oled.o
       782        106          0         12          0       8375   port.o
       332          8          0          0          0       1234   pwm.o
      2908         52          0          0         64      20230   queue.o
        36          8        392          0       1024        852   startup_stm32f40_41xxx.o
       928         26          0          0          0      11450   stm32f4xx_adc.o
       836         34          0          0          0       7029   stm32f4xx_dma.o
       612         44          0          0          0       4817   stm32f4xx_gpio.o
        32          0          0          0          0       1215   stm32f4xx_it.o
      1248         52          0         16          0      13804   stm32f4xx_rcc.o
      2754         60          0          0          0      25016   stm32f4xx_tim.o
      1012         32          0          0          0       8848   stm32f4xx_usart.o
       400         36          0         20          0       1959   system_stm32f4xx.o
      5104        158          0         60        740      33840   tasks.o
       240          8          0          0          0       1330   timer.o
      1384         88          0         20         40       9276   timers.o
       276         18          0          6        200       3472   usart.o

    ----------------------------------------------------------------------
     24464        974       2498        180      22564     737735   Object Totals
         0          0         32          0          0          0   (incl. Generated)
         4          0          2          2          4          0   (incl. Padding)

    ----------------------------------------------------------------------

      Code (inc. data)   RO Data    RW Data    ZI Data      Debug   Library Member Name

         0          0          0          0          0          0   entry.o
         0          0          0          0          0          0   entry10a.o
         0          0          0          0          0          0   entry11a.o
         8          4          0          0          0          0   entry2.o
         4          0          0          0          0          0   entry5.o
         0          0          0          0          0          0   entry7b.o
         0          0          0          0          0          0   entry8b.o
         8          4          0          0          0          0   entry9a.o
        30          0          0          0          0          0   handlers.o
        36          8          0          0          0         68   init.o
         0          0          0          0          0          0   iusefp.o
        30          0          0          0          0         68   llshl.o
        36          0          0          0          0         68   llsshr.o
        32          0          0          0          0         68   llushr.o
        36          0          0          0          0         68   memcpya.o
        36          0          0          0          0        108   memseta.o
       522         20          0          0          0        336   printf3.o
        18          0          0          0          0         68   strcpy.o
        14          0          0          0          0         68   strlen.o
        44          0          0          0          0         80   uidiv.o
        48          0          0          0          0         68   cdcmple.o
       334          0          0          0          0        148   dadd.o
       222          0          0          0          0        100   ddiv.o
       186          0          0          0          0        176   depilogue.o
        62          0          0          0          0         80   dfixi.o
        50          0          0          0          0         76   dfixui.o
        34          0          0          0          0         76   dflti.o
        26          0          0          0          0         76   dfltui.o
       228          0          0          0          0         96   dmul.o

    ----------------------------------------------------------------------
      2046         36          0          0          0       1896   Library Totals
         2          0          0          0          0          0   (incl. Padding)

    ----------------------------------------------------------------------

      Code (inc. data)   RO Data    RW Data    ZI Data      Debug   Library Name

       854         36          0          0          0       1000   mc_w.l
      1190          0          0          0          0        896   mf_w.l

    ----------------------------------------------------------------------
      2046         36          0          0          0       1896   Library Totals

    ----------------------------------------------------------------------

==============================================================================


      Code (inc. data)   RO Data    RW Data    ZI Data      Debug   

     26510       1010       2498        180      22564     732447   Grand Totals
     26510       1010       2498        180      22564     732447   ELF Image Totals
     26510       1010       2498        180          0          0   ROM Totals

==============================================================================

    Total RO  Size (Code + RO Data)                29008 (  28.33kB)
    Total RW  Size (RW Data + ZI Data)             22744 (  22.21kB)
    Total ROM Size (Code + RO Data + RW Data)      29188 (  28.50kB)

==============================================================================

